Archive member included to satisfy reference by file (symbol)

d:/logiciels/altera_lite/16.0/nios2eds/bin/gnu/h-x86_64-mingw32/bin/../lib/gcc/nios2-elf/5.2.0\libgcc.a(adddf3.o)
                              obj/default/hello_world.o (__adddf3)
d:/logiciels/altera_lite/16.0/nios2eds/bin/gnu/h-x86_64-mingw32/bin/../lib/gcc/nios2-elf/5.2.0\libgcc.a(ledf2.o)
                              obj/default/hello_world.o (__ltdf2)
d:/logiciels/altera_lite/16.0/nios2eds/bin/gnu/h-x86_64-mingw32/bin/../lib/gcc/nios2-elf/5.2.0\libgcc.a(_clzsi2.o)
                              d:/logiciels/altera_lite/16.0/nios2eds/bin/gnu/h-x86_64-mingw32/bin/../lib/gcc/nios2-elf/5.2.0\libgcc.a(adddf3.o) (__clzsi2)
d:/logiciels/altera_lite/16.0/nios2eds/bin/gnu/h-x86_64-mingw32/bin/../lib/gcc/nios2-elf/5.2.0\libgcc.a(_clz.o)
                              d:/logiciels/altera_lite/16.0/nios2eds/bin/gnu/h-x86_64-mingw32/bin/../lib/gcc/nios2-elf/5.2.0\libgcc.a(_clzsi2.o) (__clz_tab)
D:/Temp/VHDL/FPGA_EPFL/sw/nios/fpga_intro_bsp/\libhal_bsp.a(alt_load.o)
                              D:/Temp/VHDL/FPGA_EPFL/sw/nios/fpga_intro_bsp//obj/HAL/src/crt0.o (alt_load)
D:/Temp/VHDL/FPGA_EPFL/sw/nios/fpga_intro_bsp/\libhal_bsp.a(alt_main.o)
                              D:/Temp/VHDL/FPGA_EPFL/sw/nios/fpga_intro_bsp//obj/HAL/src/crt0.o (alt_main)
D:/Temp/VHDL/FPGA_EPFL/sw/nios/fpga_intro_bsp/\libhal_bsp.a(alt_sys_init.o)
                              D:/Temp/VHDL/FPGA_EPFL/sw/nios/fpga_intro_bsp/\libhal_bsp.a(alt_main.o) (alt_irq_init)
D:/Temp/VHDL/FPGA_EPFL/sw/nios/fpga_intro_bsp/\libhal_bsp.a(altera_avalon_jtag_uart_fd.o)
                              D:/Temp/VHDL/FPGA_EPFL/sw/nios/fpga_intro_bsp/\libhal_bsp.a(alt_sys_init.o) (altera_avalon_jtag_uart_read_fd)
D:/Temp/VHDL/FPGA_EPFL/sw/nios/fpga_intro_bsp/\libhal_bsp.a(altera_avalon_jtag_uart_init.o)
                              D:/Temp/VHDL/FPGA_EPFL/sw/nios/fpga_intro_bsp/\libhal_bsp.a(alt_sys_init.o) (altera_avalon_jtag_uart_init)
D:/Temp/VHDL/FPGA_EPFL/sw/nios/fpga_intro_bsp/\libhal_bsp.a(altera_avalon_jtag_uart_ioctl.o)
                              D:/Temp/VHDL/FPGA_EPFL/sw/nios/fpga_intro_bsp/\libhal_bsp.a(altera_avalon_jtag_uart_fd.o) (altera_avalon_jtag_uart_ioctl)
D:/Temp/VHDL/FPGA_EPFL/sw/nios/fpga_intro_bsp/\libhal_bsp.a(altera_avalon_jtag_uart_read.o)
                              D:/Temp/VHDL/FPGA_EPFL/sw/nios/fpga_intro_bsp/\libhal_bsp.a(altera_avalon_jtag_uart_fd.o) (altera_avalon_jtag_uart_read)
D:/Temp/VHDL/FPGA_EPFL/sw/nios/fpga_intro_bsp/\libhal_bsp.a(altera_avalon_jtag_uart_write.o)
                              D:/Temp/VHDL/FPGA_EPFL/sw/nios/fpga_intro_bsp/\libhal_bsp.a(altera_avalon_jtag_uart_fd.o) (altera_avalon_jtag_uart_write)
D:/Temp/VHDL/FPGA_EPFL/sw/nios/fpga_intro_bsp/\libhal_bsp.a(alt_alarm_start.o)
                              D:/Temp/VHDL/FPGA_EPFL/sw/nios/fpga_intro_bsp/\libhal_bsp.a(altera_avalon_jtag_uart_init.o) (alt_alarm_start)
D:/Temp/VHDL/FPGA_EPFL/sw/nios/fpga_intro_bsp/\libhal_bsp.a(alt_close.o)
                              D:/Temp/VHDL/FPGA_EPFL/sw/nios/fpga_intro_bsp/\libhal_bsp.a(alt_main.o) (close)
D:/Temp/VHDL/FPGA_EPFL/sw/nios/fpga_intro_bsp/\libhal_bsp.a(alt_dcache_flush_all.o)
                              D:/Temp/VHDL/FPGA_EPFL/sw/nios/fpga_intro_bsp/\libhal_bsp.a(alt_load.o) (alt_dcache_flush_all)
D:/Temp/VHDL/FPGA_EPFL/sw/nios/fpga_intro_bsp/\libhal_bsp.a(alt_dev.o)
                              D:/Temp/VHDL/FPGA_EPFL/sw/nios/fpga_intro_bsp/\libhal_bsp.a(alt_sys_init.o) (alt_dev_list)
D:/Temp/VHDL/FPGA_EPFL/sw/nios/fpga_intro_bsp/\libhal_bsp.a(alt_dev_llist_insert.o)
                              D:/Temp/VHDL/FPGA_EPFL/sw/nios/fpga_intro_bsp/\libhal_bsp.a(alt_sys_init.o) (alt_dev_llist_insert)
D:/Temp/VHDL/FPGA_EPFL/sw/nios/fpga_intro_bsp/\libhal_bsp.a(alt_do_ctors.o)
                              D:/Temp/VHDL/FPGA_EPFL/sw/nios/fpga_intro_bsp/\libhal_bsp.a(alt_main.o) (_do_ctors)
D:/Temp/VHDL/FPGA_EPFL/sw/nios/fpga_intro_bsp/\libhal_bsp.a(alt_do_dtors.o)
                              D:/Temp/VHDL/FPGA_EPFL/sw/nios/fpga_intro_bsp/\libhal_bsp.a(alt_main.o) (_do_dtors)
D:/Temp/VHDL/FPGA_EPFL/sw/nios/fpga_intro_bsp/\libhal_bsp.a(alt_errno.o)
                              D:/Temp/VHDL/FPGA_EPFL/sw/nios/fpga_intro_bsp/\libhal_bsp.a(alt_close.o) (alt_errno)
D:/Temp/VHDL/FPGA_EPFL/sw/nios/fpga_intro_bsp/\libhal_bsp.a(alt_icache_flush_all.o)
                              D:/Temp/VHDL/FPGA_EPFL/sw/nios/fpga_intro_bsp/\libhal_bsp.a(alt_load.o) (alt_icache_flush_all)
D:/Temp/VHDL/FPGA_EPFL/sw/nios/fpga_intro_bsp/\libhal_bsp.a(alt_iic.o)
                              D:/Temp/VHDL/FPGA_EPFL/sw/nios/fpga_intro_bsp/\libhal_bsp.a(altera_avalon_jtag_uart_init.o) (alt_ic_isr_register)
D:/Temp/VHDL/FPGA_EPFL/sw/nios/fpga_intro_bsp/\libhal_bsp.a(alt_iic_isr_register.o)
                              D:/Temp/VHDL/FPGA_EPFL/sw/nios/fpga_intro_bsp/\libhal_bsp.a(alt_iic.o) (alt_iic_isr_register)
D:/Temp/VHDL/FPGA_EPFL/sw/nios/fpga_intro_bsp/\libhal_bsp.a(alt_io_redirect.o)
[...]
Memory Configuration

Name             Origin             Length             Attributes
reset            0x0000000000020000 0x0000000000000020
onchip_memory2_0 0x0000000000020020 0x000000000001ffe0
*default*        0x0000000000000000 0xffffffffffffffff

Linker script and memory map

LOAD D:/Temp/VHDL/FPGA_EPFL/sw/nios/fpga_intro_bsp//obj/HAL/src/crt0.o
LOAD obj/default/hello_world.o
LOAD d:/logiciels/altera_lite/16.0/nios2eds/bin/gnu/h-x86_64-mingw32/bin/../lib/gcc/nios2-elf/5.2.0/../../../../../H-x86_64-mingw32/nios2-elf/lib\libstdc++.a
LOAD d:/logiciels/altera_lite/16.0/nios2eds/bin/gnu/h-x86_64-mingw32/bin/../lib/gcc/nios2-elf/5.2.0/../../../../../H-x86_64-mingw32/nios2-elf/lib\libm.a
LOAD d:/logiciels/altera_lite/16.0/nios2eds/bin/gnu/h-x86_64-mingw32/bin/../lib/gcc/nios2-elf/5.2.0\libgcc.a
START GROUP
LOAD d:/logiciels/altera_lite/16.0/nios2eds/bin/gnu/h-x86_64-mingw32/bin/../lib/gcc/nios2-elf/5.2.0/../../../../../H-x86_64-mingw32/nios2-elf/lib\libc.a
LOAD d:/logiciels/altera_lite/16.0/nios2eds/bin/gnu/h-x86_64-mingw32/bin/../lib/gcc/nios2-elf/5.2.0\libgcc.a
LOAD D:/Temp/VHDL/FPGA_EPFL/sw/nios/fpga_intro_bsp/\libhal_bsp.a
LOAD d:/logiciels/altera_lite/16.0/nios2eds/bin/gnu/h-x86_64-mingw32/bin/../lib/gcc/nios2-elf/5.2.0/../../../../../H-x86_64-mingw32/nios2-elf/lib\libm.a
END GROUP
LOAD d:/logiciels/altera_lite/16.0/nios2eds/bin/gnu/h-x86_64-mingw32/bin/../lib/gcc/nios2-elf/5.2.0\libgcc.a
                0x0000000000020000                __alt_mem_onchip_memory2_0 = 0x20000

.entry          0x0000000000020000       0x20
 *(.entry)
 .entry         0x0000000000020000       0x20 D:/Temp/VHDL/FPGA_EPFL/sw/nios/fpga_intro_bsp//obj/HAL/src/crt0.o
                0x0000000000020000                __reset

.exceptions     0x0000000000020020      0x224
                0x0000000000020020                PROVIDE (__ram_exceptions_start, ABSOLUTE (.))
                0x0000000000020020                . = ALIGN (0x20)
 *(.irq)
 *(.exceptions.entry.label)
 .exceptions.entry.label
                0x0000000000020020        0x0 D:/Temp/VHDL/FPGA_EPFL/sw/nios/fpga_intro_bsp/\libhal_bsp.a(alt_irq_entry.o)
                0x0000000000020020                alt_irq_entry
 .exceptions.entry.label
                0x0000000000020020        0x0 D:/Temp/VHDL/FPGA_EPFL/sw/nios/fpga_intro_bsp/\libhal_bsp.a(alt_exception_entry.o)
                0x0000000000020020                alt_exception
 *(.exceptions.entry.user)
 *(.exceptions.entry.ecc_fatal)
 *(.exceptions.entry)
 .exceptions.entry
                0x0000000000020020       0x54 D:/Temp/VHDL/FPGA_EPFL/sw/nios/fpga_intro_bsp/\libhal_bsp.a(alt_exception_entry.o)
 *(.exceptions.irqtest.user)
 *(.exceptions.irqtest)
 .exceptions.irqtest
                0x0000000000020074       0x10 D:/Temp/VHDL/FPGA_EPFL/sw/nios/fpga_intro_bsp/\libhal_bsp.a(alt_irq_entry.o)
 *(.exceptions.irqhandler.user)
 *(.exceptions.irqhandler)
 .exceptions.irqhandler
                0x0000000000020084        0x4 D:/Temp/VHDL/FPGA_EPFL/sw/nios/fpga_intro_bsp/\libhal_bsp.a(alt_irq_entry.o)
 *(.exceptions.irqreturn.user)
 *(.exceptions.irqreturn)
 .exceptions.irqreturn
                0x0000000000020088        0x4 D:/Temp/VHDL/FPGA_EPFL/sw/nios/fpga_intro_bsp/\libhal_bsp.a(alt_irq_entry.o)
 *(.exceptions.notirq.label)
 .exceptions.notirq.label
                0x000000000002008c        0x0 D:/Temp/VHDL/FPGA_EPFL/sw/nios/fpga_intro_bsp/\libhal_bsp.a(alt_irq_entry.o)
 *(.exceptions.notirq.user)
 *(.exceptions.notirq)
 .exceptions.notirq
                0x000000000002008c        0x8 D:/Temp/VHDL/FPGA_EPFL/sw/nios/fpga_intro_bsp/\libhal_bsp.a(alt_exception_entry.o)
 *(.exceptions.soft.user)
 *(.exceptions.soft)
 *(.exceptions.unknown.user)
 *(.exceptions.unknown)
 .exceptions.unknown
                0x0000000000020094       0x14 D:/Temp/VHDL/FPGA_EPFL/sw/nios/fpga_intro_bsp/\libhal_bsp.a(alt_exception_entry.o)
 *(.exceptions.exit.label)
 .exceptions.exit.label
                0x00000000000200a8        0x0 D:/Temp/VHDL/FPGA_EPFL/sw/nios/fpga_intro_bsp/\libhal_bsp.a(alt_irq_entry.o)
 .exceptions.exit.label
                0x00000000000200a8        0x0 D:/Temp/VHDL/FPGA_EPFL/sw/nios/fpga_intro_bsp/\libhal_bsp.a(alt_exception_entry.o)
 *(.exceptions.exit.user)
 *(.exceptions.exit)
 .exceptions.exit
                0x00000000000200a8       0x54 D:/Temp/VHDL/FPGA_EPFL/sw/nios/fpga_intro_bsp/\libhal_bsp.a(alt_exception_entry.o)
 *(.exceptions)
 .exceptions    0x00000000000200fc       0xd4 D:/Temp/VHDL/FPGA_EPFL/sw/nios/fpga_intro_bsp/\libhal_bsp.a(alt_irq_handler.o)
                0x00000000000200fc                alt_irq_handler
 .exceptions    0x00000000000201d0       0x74 D:/Temp/VHDL/FPGA_EPFL/sw/nios/fpga_intro_bsp/\libhal_bsp.a(alt_instruction_exception_entry.o)
                0x00000000000201d0                alt_instruction_exception_entry
                0x0000000000020244                PROVIDE (__ram_exceptions_end, ABSOLUTE (.))
                0x0000000000020020                PROVIDE (__flash_exceptions_start, LOADADDR (.exceptions))

.text           0x0000000000020244     0x2df0
                [!provide]                        PROVIDE (stext, ABSOLUTE (.))
 *(.interp)
 *(.hash)
 *(.dynsym)
 *(.dynstr)
 *(.gnu.version)
 *(.gnu.version_d)
 *(.gnu.version_r)
 *(.rel.init)
 *(.rela.init)
 *(.rel.text .rel.text.* .rel.gnu.linkonce.t.*)
 *(.rela.text .rela.text.* .rela.gnu.linkonce.t.*)
 *(.rel.fini)
 *(.rela.fini)
 *(.rel.rodata .rel.rodata.* .rel.gnu.linkonce.r.*)
 *(.rela.rodata .rela.rodata.* .rela.gnu.linkonce.r.*)
 *(.rel.data .rel.data.* .rel.gnu.linkonce.d.*)
 *(.rela.data .rela.data.* .rela.gnu.linkonce.d.*)
 *(.rel.tdata .rel.tdata.* .rel.gnu.linkonce.td.*)
 *(.rela.tdata .rela.tdata.* .rela.gnu.linkonce.td.*)
 *(.rel.tbss .rel.tbss.* .rel.gnu.linkonce.tb.*)
 *(.rela.tbss .rela.tbss.* .rela.gnu.linkonce.tb.*)
 *(.rel.ctors)
 *(.rela.ctors)
 *(.rel.dtors)
 *(.rela.dtors)
 *(.rel.got)
 *(.rela.got)
 *(.rel.sdata .rel.sdata.* .rel.gnu.linkonce.s.*)
 *(.rela.sdata .rela.sdata.* .rela.gnu.linkonce.s.*)
 *(.rel.sbss .rel.sbss.* .rel.gnu.linkonce.sb.*)
 *(.rela.sbss .rela.sbss.* .rela.gnu.linkonce.sb.*)
 *(.rel.sdata2 .rel.sdata2.* .rel.gnu.linkonce.s2.*)
 *(.rela.sdata2 .rela.sdata2.* .rela.gnu.linkonce.s2.*)
 *(.rel.sbss2 .rel.sbss2.* .rel.gnu.linkonce.sb2.*)
 *(.rela.sbss2 .rela.sbss2.* .rela.gnu.linkonce.sb2.*)
 *(.rel.bss .rel.bss.* .rel.gnu.linkonce.b.*)
 *(.rela.bss .rela.bss.* .rela.gnu.linkonce.b.*)
 *(.rel.plt)
 *(.rela.plt)
 *(.rel.dyn)
 *(.init)
 *(.plt)
 *(.text .stub .text.* .gnu.linkonce.t.*)
 .text          0x0000000000020244       0x4c D:/Temp/VHDL/FPGA_EPFL/sw/nios/fpga_intro_bsp//obj/HAL/src/crt0.o
                0x0000000000020244                _start
 .text          0x0000000000020290       0xa4 obj/default/hello_world.o
                0x0000000000020290                main
 .text          0x0000000000020334      0x8ac d:/logiciels/altera_lite/16.0/nios2eds/bin/gnu/h-x86_64-mingw32/bin/../lib/gcc/nios2-elf/5.2.0\libgcc.a(adddf3.o)
                0x0000000000020334                __adddf3
 .text          0x0000000000020be0       0xf4 d:/logiciels/altera_lite/16.0/nios2eds/bin/gnu/h-x86_64-mingw32/bin/../lib/gcc/nios2-elf/5.2.0\libgcc.a(ledf2.o)
                0x0000000000020be0                __ledf2
                0x0000000000020be0                __ltdf2
 .text          0x0000000000020cd4       0x64 d:/logiciels/altera_lite/16.0/nios2eds/bin/gnu/h-x86_64-mingw32/bin/../lib/gcc/nios2-elf/5.2.0\libgcc.a(_clzsi2.o)
                0x0000000000020cd4                __clzsi2
 .text          0x0000000000020d38        0x0 d:/logiciels/altera_lite/16.0/nios2eds/bin/gnu/h-x86_64-mingw32/bin/../lib/gcc/nios2-elf/5.2.0\libgcc.a(_clz.o)
 .text          0x0000000000020d38       0xec D:/Temp/VHDL/FPGA_EPFL/sw/nios/fpga_intro_bsp/\libhal_bsp.a(alt_load.o)
                0x0000000000020da0                alt_load
 .text          0x0000000000020e24       0x7c D:/Temp/VHDL/FPGA_EPFL/sw/nios/fpga_intro_bsp/\libhal_bsp.a(alt_main.o)
                0x0000000000020e24                alt_main
 .text          0x0000000000020ea0       0xb8 D:/Temp/VHDL/FPGA_EPFL/sw/nios/fpga_intro_bsp/\libhal_bsp.a(alt_sys_init.o)
                0x0000000000020ed8                alt_irq_init
                0x0000000000020f10                alt_sys_init
 .text          0x0000000000020f58      0x164 D:/Temp/VHDL/FPGA_EPFL/sw/nios/fpga_intro_bsp/\libhal_bsp.a(altera_avalon_jtag_uart_fd.o)
                0x0000000000020f58                altera_avalon_jtag_uart_read_fd
                0x0000000000020fb8                altera_avalon_jtag_uart_write_fd
                0x0000000000021018                altera_avalon_jtag_uart_close_fd
                0x0000000000021068                altera_avalon_jtag_uart_ioctl_fd
 .text          0x00000000000210bc      0x3e4 D:/Temp/VHDL/FPGA_EPFL/sw/nios/fpga_intro_bsp/\libhal_bsp.a(altera_avalon_jtag_uart_init.o)
                0x00000000000210bc                altera_avalon_jtag_uart_init
                0x0000000000021438                altera_avalon_jtag_uart_close
 .text          0x00000000000214a0       0xf0 D:/Temp/VHDL/FPGA_EPFL/sw/nios/fpga_intro_bsp/\libhal_bsp.a(altera_avalon_jtag_uart_ioctl.o)
                0x00000000000214a0                altera_avalon_jtag_uart_ioctl
 .text          0x0000000000021590      0x21c D:/Temp/VHDL/FPGA_EPFL/sw/nios/fpga_intro_bsp/\libhal_bsp.a(altera_avalon_jtag_uart_read.o)
                0x0000000000021590                altera_avalon_jtag_uart_read
 .text          0x00000000000217ac      0x224 D:/Temp/VHDL/FPGA_EPFL/sw/nios/fpga_intro_bsp/\libhal_bsp.a(altera_avalon_jtag_uart_write.o)
                0x00000000000217ac                altera_avalon_jtag_uart_write
 .text          0x00000000000219d0      0x140 D:/Temp/VHDL/FPGA_EPFL/sw/nios/fpga_intro_bsp/\libhal_bsp.a(alt_alarm_start.o)
                0x00000000000219d0                alt_alarm_start
 .text          0x0000000000021b10      0x120 D:/Temp/VHDL/FPGA_EPFL/sw/nios/fpga_intro_bsp/\libhal_bsp.a(alt_close.o)
                0x0000000000021b60                close
 .text          0x0000000000021c30       0x48 D:/Temp/VHDL/FPGA_EPFL/sw/nios/fpga_intro_bsp/\libhal_bsp.a(alt_dcache_flush_all.o)
                0x0000000000021c30                alt_dcache_flush_all
 .text          0x0000000000021c78       0x2c D:/Temp/VHDL/FPGA_EPFL/sw/nios/fpga_intro_bsp/\libhal_bsp.a(alt_dev.o)
 .text          0x0000000000021ca4       0xf4 D:/Temp/VHDL/FPGA_EPFL/sw/nios/fpga_intro_bsp/\libhal_bsp.a(alt_dev_llist_insert.o)
                0x0000000000021cf4                alt_dev_llist_insert
 .text          0x0000000000021d98       0x60 D:/Temp/VHDL/FPGA_EPFL/sw/nios/fpga_intro_bsp/\libhal_bsp.a(alt_do_ctors.o)
                0x0000000000021d98                _do_ctors
 .text          0x0000000000021df8       0x60 D:/Temp/VHDL/FPGA_EPFL/sw/nios/fpga_intro_bsp/\libhal_bsp.a(alt_do_dtors.o)
                0x0000000000021df8                _do_dtors
 .text          0x0000000000021e58        0x0 D:/Temp/VHDL/FPGA_EPFL/sw/nios/fpga_intro_bsp/\libhal_bsp.a(alt_errno.o)
 .text          0x0000000000021e58       0x34 D:/Temp/VHDL/FPGA_EPFL/sw/nios/fpga_intro_bsp/\libhal_bsp.a(alt_icache_flush_all.o)
                0x0000000000021e58                alt_icache_flush_all
 .text          0x0000000000021e8c      0x1e0 D:/Temp/VHDL/FPGA_EPFL/sw/nios/fpga_intro_bsp/\libhal_bsp.a(alt_iic.o)
                0x0000000000021e8c                alt_ic_isr_register
                0x0000000000021edc                alt_ic_irq_enable
                0x0000000000021f7c                alt_ic_irq_disable
                0x0000000000022020                alt_ic_irq_enabled
 .text          0x000000000002206c       0xf0 D:/Temp/VHDL/FPGA_EPFL/sw/nios/fpga_intro_bsp/\libhal_bsp.a(alt_iic_isr_register.o)
                0x000000000002206c                alt_iic_isr_register
 .text          0x000000000002215c      0x140 D:/Temp/VHDL/FPGA_EPFL/sw/nios/fpga_intro_bsp/\libhal_bsp.a(alt_io_redirect.o)
                0x0000000000022220                alt_io_redirect
 .text          0x000000000002229c        0x0 D:/Temp/VHDL/FPGA_EPFL/sw/nios/fpga_intro_bsp/\libhal_bsp.a(alt_irq_entry.o)
 .text          0x000000000002229c        0x0 D:/Temp/VHDL/FPGA_EPFL/sw/nios/fpga_intro_bsp/\libhal_bsp.a(alt_irq_handler.o)
 .text          0x000000000002229c        0x0 D:/Temp/VHDL/FPGA_EPFL/sw/nios/fpga_intro_bsp/\libhal_bsp.a(alt_irq_vars.o)
 .text          0x000000000002229c      0x274 D:/Temp/VHDL/FPGA_EPFL/sw/nios/fpga_intro_bsp/\libhal_bsp.a(alt_open.o)
                0x00000000000223b8                open
 .text          0x0000000000022510       0x64 D:/Temp/VHDL/FPGA_EPFL/sw/nios/fpga_intro_bsp/\libhal_bsp.a(alt_release_fd.o)
                0x0000000000022510                alt_release_fd
 .text          0x0000000000022574      0x1a4 D:/Temp/VHDL/FPGA_EPFL/sw/nios/fpga_intro_bsp/\libhal_bsp.a(alt_tick.o)
                0x0000000000022574                alt_alarm_stop
                0x0000000000022610                alt_tick
 .text          0x0000000000022718       0x24 D:/Temp/VHDL/FPGA_EPFL/sw/nios/fpga_intro_bsp/\libhal_bsp.a(altera_nios2_gen2_irq.o)
                0x0000000000022718                altera_nios2_gen2_irq_init
 .text          0x000000000002273c        0x0 D:/Temp/VHDL/FPGA_EPFL/sw/nios/fpga_intro_bsp/\libhal_bsp.a(alt_exception_entry.o)
 .text          0x000000000002273c       0x90 D:/Temp/VHDL/FPGA_EPFL/sw/nios/fpga_intro_bsp/\libhal_bsp.a(alt_find_dev.o)
                0x000000000002273c                alt_find_dev
 .text          0x00000000000227cc      0x114 D:/Temp/VHDL/FPGA_EPFL/sw/nios/fpga_intro_bsp/\libhal_bsp.a(alt_find_file.o)
                0x00000000000227cc                alt_find_file
 .text          0x00000000000228e0       0xb4 D:/Temp/VHDL/FPGA_EPFL/sw/nios/fpga_intro_bsp/\libhal_bsp.a(alt_get_fd.o)
                0x00000000000228e0                alt_get_fd
 .text          0x0000000000022994       0x90 D:/Temp/VHDL/FPGA_EPFL/sw/nios/fpga_intro_bsp/\libhal_bsp.a(alt_icache_flush.o)
                0x0000000000022994                alt_icache_flush
 .text          0x0000000000022a24       0x9c D:/Temp/VHDL/FPGA_EPFL/sw/nios/fpga_intro_bsp/\libhal_bsp.a(alt_instruction_exception_entry.o)
                0x0000000000022a24                alt_exception_cause_generated_bad_addr
 .text          0x0000000000022ac0        0x0 d:/logiciels/altera_lite/16.0/nios2eds/bin/gnu/h-x86_64-mingw32/bin/../lib/gcc/nios2-elf/5.2.0/../../../../../H-x86_64-mingw32/nios2-elf/lib\libc.a(lib_a-atexit.o)
 .text.atexit   0x0000000000022ac0       0x14 d:/logiciels/altera_lite/16.0/nios2eds/bin/gnu/h-x86_64-mingw32/bin/../lib/gcc/nios2-elf/5.2.0/../../../../../H-x86_64-mingw32/nios2-elf/lib\libc.a(lib_a-atexit.o)
                0x0000000000022ac0                atexit
 .text          0x0000000000022ad4        0x0 d:/logiciels/altera_lite/16.0/nios2eds/bin/gnu/h-x86_64-mingw32/bin/../lib/gcc/nios2-elf/5.2.0/../../../../../H-x86_64-mingw32/nios2-elf/lib\libc.a(lib_a-exit.o)
 .text.exit     0x0000000000022ad4       0x38 d:/logiciels/altera_lite/16.0/nios2eds/bin/gnu/h-x86_64-mingw32/bin/../lib/gcc/nios2-elf/5.2.0/../../../../../H-x86_64-mingw32/nios2-elf/lib\libc.a(lib_a-exit.o)
                0x0000000000022ad4                exit
 .text          0x0000000000022b0c        0x0 d:/logiciels/altera_lite/16.0/nios2eds/bin/gnu/h-x86_64-mingw32/bin/../lib/gcc/nios2-elf/5.2.0/../../../../../H-x86_64-mingw32/nios2-elf/lib\libc.a(lib_a-impure.o)
 .text          0x0000000000022b0c        0x0 d:/logiciels/altera_lite/16.0/nios2eds/bin/gnu/h-x86_64-mingw32/bin/../lib/gcc/nios2-elf/5.2.0/../../../../../H-x86_64-mingw32/nios2-elf/lib\libc.a(lib_a-int_errno.o)
 .text          0x0000000000022b0c        0x0 d:/logiciels/altera_lite/16.0/nios2eds/bin/gnu/h-x86_64-mingw32/bin/../lib/gcc/nios2-elf/5.2.0/../../../../../H-x86_64-mingw32/nios2-elf/lib\libc.a(lib_a-memcmp.o)
 .text.memcmp   0x0000000000022b0c       0x7c d:/logiciels/altera_lite/16.0/nios2eds/bin/gnu/h-x86_64-mingw32/bin/../lib/gcc/nios2-elf/5.2.0/../../../../../H-x86_64-mingw32/nios2-elf/lib\libc.a(lib_a-memcmp.o)
                0x0000000000022b0c                memcmp
 .text          0x0000000000022b88        0x0 d:/logiciels/altera_lite/16.0/nios2eds/bin/gnu/h-x86_64-mingw32/bin/../lib/gcc/nios2-elf/5.2.0/../../../../../H-x86_64-mingw32/nios2-elf/lib\libc.a(lib_a-memcpy.o)
 .text.memcpy   0x0000000000022b88      0x148 d:/logiciels/altera_lite/16.0/nios2eds/bin/gnu/h-x86_64-mingw32/bin/../lib/gcc/nios2-elf/5.2.0/../../../../../H-x86_64-mingw32/nios2-elf/lib\libc.a(lib_a-memcpy.o)
                0x0000000000022b88                memcpy
 .text          0x0000000000022cd0        0x0 d:/logiciels/altera_lite/16.0/nios2eds/bin/gnu/h-x86_64-mingw32/bin/../lib/gcc/nios2-elf/5.2.0/../../../../../H-x86_64-mingw32/nios2-elf/lib\libc.a(lib_a-strlen.o)
 .text.strlen   0x0000000000022cd0       0x98 d:/logiciels/altera_lite/16.0/nios2eds/bin/gnu/h-x86_64-mingw32/bin/../lib/gcc/nios2-elf/5.2.0/../../../../../H-x86_64-mingw32/nios2-elf/lib\libc.a(lib_a-strlen.o)
                0x0000000000022cd0                strlen
 .text          0x0000000000022d68        0x0 d:/logiciels/altera_lite/16.0/nios2eds/bin/gnu/h-x86_64-mingw32/bin/../lib/gcc/nios2-elf/5.2.0/../../../../../H-x86_64-mingw32/nios2-elf/lib\libc.a(lib_a-__atexit.o)
 .text.__register_exitproc
                0x0000000000022d68      0x118 d:/logiciels/altera_lite/16.0/nios2eds/bin/gnu/h-x86_64-mingw32/bin/../lib/gcc/nios2-elf/5.2.0/../../../../../H-x86_64-mingw32/nios2-elf/lib\libc.a(lib_a-__atexit.o)
                0x0000000000022d68                __register_exitproc
 .text          0x0000000000022e80        0x0 d:/logiciels/altera_lite/16.0/nios2eds/bin/gnu/h-x86_64-mingw32/bin/../lib/gcc/nios2-elf/5.2.0/../../../../../H-x86_64-mingw32/nios2-elf/lib\libc.a(lib_a-__call_atexit.o)
 .text.__call_exitprocs
                0x0000000000022e80      0x180 d:/logiciels/altera_lite/16.0/nios2eds/bin/gnu/h-x86_64-mingw32/bin/../lib/gcc/nios2-elf/5.2.0/../../../../../H-x86_64-mingw32/nios2-elf/lib\libc.a(lib_a-__call_atexit.o)
                0x0000000000022e80                __call_exitprocs
 .text          0x0000000000023000       0x34 D:/Temp/VHDL/FPGA_EPFL/sw/nios/fpga_intro_bsp/\libhal_bsp.a(alt_exit.o)
                0x0000000000023000                _exit
 *(.gnu.warning.*)
 *(.fini)
                [!provide]                        PROVIDE (__etext, ABSOLUTE (.))
                [!provide]                        PROVIDE (_etext, ABSOLUTE (.))
                [!provide]                        PROVIDE (etext, ABSOLUTE (.))
 *(.eh_frame_hdr)
                0x0000000000023034                . = ALIGN (0x4)
                [!provide]                        PROVIDE (__preinit_array_start, ABSOLUTE (.))
 *(.preinit_array)
                [!provide]                        PROVIDE (__preinit_array_end, ABSOLUTE (.))
                [!provide]                        PROVIDE (__init_array_start, ABSOLUTE (.))
 *(.init_array)
                [!provide]                        PROVIDE (__init_array_end, ABSOLUTE (.))
                [!provide]                        PROVIDE (__fini_array_start, ABSOLUTE (.))
 *(.fini_array)
                [!provide]                        PROVIDE (__fini_array_end, ABSOLUTE (.))
 *(.eh_frame)
 *(.gcc_except_table .gcc_except_table.*)
 *(.dynamic)
                0x0000000000023034                PROVIDE (__CTOR_LIST__, ABSOLUTE (.))
 *(.ctors)
 *(SORT(.ctors.*))
                0x0000000000023034                PROVIDE (__CTOR_END__, ABSOLUTE (.))
                0x0000000000023034                PROVIDE (__DTOR_LIST__, ABSOLUTE (.))
 *(.dtors)
 *(SORT(.dtors.*))
                0x0000000000023034                PROVIDE (__DTOR_END__, ABSOLUTE (.))
 *(.jcr)
                0x0000000000023034                . = ALIGN (0x4)

.rodata         0x0000000000023034      0x138
                0x0000000000023034                PROVIDE (__ram_rodata_start, ABSOLUTE (.))
                0x0000000000023034                . = ALIGN (0x4)
 *(.rodata .rodata.* .gnu.linkonce.r.*)
 .rodata        0x0000000000023034      0x100 d:/logiciels/altera_lite/16.0/nios2eds/bin/gnu/h-x86_64-mingw32/bin/../lib/gcc/nios2-elf/5.2.0\libgcc.a(_clz.o)
                0x0000000000023034                __clz_tab
 .rodata        0x0000000000023134       0x11 D:/Temp/VHDL/FPGA_EPFL/sw/nios/fpga_intro_bsp/\libhal_bsp.a(alt_main.o)
 *fill*         0x0000000000023145        0x3 
 .rodata        0x0000000000023148       0x11 D:/Temp/VHDL/FPGA_EPFL/sw/nios/fpga_intro_bsp/\libhal_bsp.a(alt_sys_init.o)
 *fill*         0x0000000000023159        0x3 
 .rodata        0x000000000002315c        0xa D:/Temp/VHDL/FPGA_EPFL/sw/nios/fpga_intro_bsp/\libhal_bsp.a(alt_dev.o)
 *fill*         0x0000000000023166        0x2 
 .rodata.str1.4
                0x0000000000023168        0x4 d:/logiciels/altera_lite/16.0/nios2eds/bin/gnu/h-x86_64-mingw32/bin/../lib/gcc/nios2-elf/5.2.0/../../../../../H-x86_64-mingw32/nios2-elf/lib\libc.a(lib_a-impure.o)
                                          0x2 (size before relaxing)
 *(.rodata1)
                0x000000000002316c                . = ALIGN (0x4)
                0x000000000002316c                PROVIDE (__ram_rodata_end, ABSOLUTE (.))
                0x0000000000023034                PROVIDE (__flash_rodata_start, LOADADDR (.rodata))

.rwdata         0x000000000002316c     0x1658 load address 0x00000000000247c4
                0x000000000002316c                PROVIDE (__ram_rwdata_start, ABSOLUTE (.))
                0x000000000002316c                . = ALIGN (0x4)
 *(.got.plt)
 *(.got)
 *(.data1)
 *(.data .data.* .gnu.linkonce.d.*)
 .data          0x000000000002316c        0x0 D:/Temp/VHDL/FPGA_EPFL/sw/nios/fpga_intro_bsp//obj/HAL/src/crt0.o
 .data          0x000000000002316c        0x0 obj/default/hello_world.o
 .data          0x000000000002316c        0x0 d:/logiciels/altera_lite/16.0/nios2eds/bin/gnu/h-x86_64-mingw32/bin/../lib/gcc/nios2-elf/5.2.0\libgcc.a(adddf3.o)
 .data          0x000000000002316c        0x0 d:/logiciels/altera_lite/16.0/nios2eds/bin/gnu/h-x86_64-mingw32/bin/../lib/gcc/nios2-elf/5.2.0\libgcc.a(ledf2.o)
 .data          0x000000000002316c        0x0 d:/logiciels/altera_lite/16.0/nios2eds/bin/gnu/h-x86_64-mingw32/bin/../lib/gcc/nios2-elf/5.2.0\libgcc.a(_clzsi2.o)
 .data          0x000000000002316c        0x0 d:/logiciels/altera_lite/16.0/nios2eds/bin/gnu/h-x86_64-mingw32/bin/../lib/gcc/nios2-elf/5.2.0\libgcc.a(_clz.o)
 .data          0x000000000002316c        0x0 D:/Temp/VHDL/FPGA_EPFL/sw/nios/fpga_intro_bsp/\libhal_bsp.a(alt_load.o)
 .data          0x000000000002316c        0x0 D:/Temp/VHDL/FPGA_EPFL/sw/nios/fpga_intro_bsp/\libhal_bsp.a(alt_main.o)
 .data          0x000000000002316c     0x1060 D:/Temp/VHDL/FPGA_EPFL/sw/nios/fpga_intro_bsp/\libhal_bsp.a(alt_sys_init.o)
 .data          0x00000000000241cc        0x0 D:/Temp/VHDL/FPGA_EPFL/sw/nios/fpga_intro_bsp/\libhal_bsp.a(altera_avalon_jtag_uart_fd.o)
 .data          0x00000000000241cc        0x0 D:/Temp/VHDL/FPGA_EPFL/sw/nios/fpga_intro_bsp/\libhal_bsp.a(altera_avalon_jtag_uart_init.o)
 .data          0x00000000000241cc        0x0 D:/Temp/VHDL/FPGA_EPFL/sw/nios/fpga_intro_bsp/\libhal_bsp.a(altera_avalon_jtag_uart_ioctl.o)
 .data          0x00000000000241cc        0x0 D:/Temp/VHDL/FPGA_EPFL/sw/nios/fpga_intro_bsp/\libhal_bsp.a(altera_avalon_jtag_uart_read.o)
 .data          0x00000000000241cc        0x0 D:/Temp/VHDL/FPGA_EPFL/sw/nios/fpga_intro_bsp/\libhal_bsp.a(altera_avalon_jtag_uart_write.o)
 .data          0x00000000000241cc        0x0 D:/Temp/VHDL/FPGA_EPFL/sw/nios/fpga_intro_bsp/\libhal_bsp.a(alt_alarm_start.o)
 .data          0x00000000000241cc        0x0 D:/Temp/VHDL/FPGA_EPFL/sw/nios/fpga_intro_bsp/\libhal_bsp.a(alt_close.o)
 .data          0x00000000000241cc        0x0 D:/Temp/VHDL/FPGA_EPFL/sw/nios/fpga_intro_bsp/\libhal_bsp.a(alt_dcache_flush_all.o)
 .data          0x00000000000241cc      0x1a8 D:/Temp/VHDL/FPGA_EPFL/sw/nios/fpga_intro_bsp/\libhal_bsp.a(alt_dev.o)
                0x00000000000241cc                alt_dev_null
                0x00000000000241f4                alt_fd_list
 .data          0x0000000000024374        0x0 D:/Temp/VHDL/FPGA_EPFL/sw/nios/fpga_intro_bsp/\libhal_bsp.a(alt_dev_llist_insert.o)
 .data          0x0000000000024374        0x0 D:/Temp/VHDL/FPGA_EPFL/sw/nios/fpga_intro_bsp/\libhal_bsp.a(alt_do_ctors.o)
 .data          0x0000000000024374        0x0 D:/Temp/VHDL/FPGA_EPFL/sw/nios/fpga_intro_bsp/\libhal_bsp.a(alt_do_dtors.o)
 .data          0x0000000000024374        0x0 D:/Temp/VHDL/FPGA_EPFL/sw/nios/fpga_intro_bsp/\libhal_bsp.a(alt_errno.o)
 .data          0x0000000000024374        0x0 D:/Temp/VHDL/FPGA_EPFL/sw/nios/fpga_intro_bsp/\libhal_bsp.a(alt_icache_flush_all.o)
 .data          0x0000000000024374        0x0 D:/Temp/VHDL/FPGA_EPFL/sw/nios/fpga_intro_bsp/\libhal_bsp.a(alt_iic.o)
 .data          0x0000000000024374        0x0 D:/Temp/VHDL/FPGA_EPFL/sw/nios/fpga_intro_bsp/\libhal_bsp.a(alt_iic_isr_register.o)
 .data          0x0000000000024374        0x0 D:/Temp/VHDL/FPGA_EPFL/sw/nios/fpga_intro_bsp/\libhal_bsp.a(alt_io_redirect.o)
 .data          0x0000000000024374        0x0 D:/Temp/VHDL/FPGA_EPFL/sw/nios/fpga_intro_bsp/\libhal_bsp.a(alt_irq_entry.o)
 .data          0x0000000000024374        0x0 D:/Temp/VHDL/FPGA_EPFL/sw/nios/fpga_intro_bsp/\libhal_bsp.a(alt_irq_handler.o)
 .data          0x0000000000024374        0x0 D:/Temp/VHDL/FPGA_EPFL/sw/nios/fpga_intro_bsp/\libhal_bsp.a(alt_irq_vars.o)
 .data          0x0000000000024374        0x0 D:/Temp/VHDL/FPGA_EPFL/sw/nios/fpga_intro_bsp/\libhal_bsp.a(alt_open.o)
 .data          0x0000000000024374        0x0 D:/Temp/VHDL/FPGA_EPFL/sw/nios/fpga_intro_bsp/\libhal_bsp.a(alt_release_fd.o)
 .data          0x0000000000024374        0x0 D:/Temp/VHDL/FPGA_EPFL/sw/nios/fpga_intro_bsp/\libhal_bsp.a(alt_tick.o)
 .data          0x0000000000024374        0x0 D:/Temp/VHDL/FPGA_EPFL/sw/nios/fpga_intro_bsp/\libhal_bsp.a(altera_nios2_gen2_irq.o)
 .data          0x0000000000024374        0x0 D:/Temp/VHDL/FPGA_EPFL/sw/nios/fpga_intro_bsp/\libhal_bsp.a(alt_exception_entry.o)
 .data          0x0000000000024374        0x0 D:/Temp/VHDL/FPGA_EPFL/sw/nios/fpga_intro_bsp/\libhal_bsp.a(alt_find_dev.o)
 .data          0x0000000000024374        0x0 D:/Temp/VHDL/FPGA_EPFL/sw/nios/fpga_intro_bsp/\libhal_bsp.a(alt_find_file.o)
 .data          0x0000000000024374        0x0 D:/Temp/VHDL/FPGA_EPFL/sw/nios/fpga_intro_bsp/\libhal_bsp.a(alt_get_fd.o)
 .data          0x0000000000024374        0x0 D:/Temp/VHDL/FPGA_EPFL/sw/nios/fpga_intro_bsp/\libhal_bsp.a(alt_icache_flush.o)
 .data          0x0000000000024374        0x0 D:/Temp/VHDL/FPGA_EPFL/sw/nios/fpga_intro_bsp/\libhal_bsp.a(alt_instruction_exception_entry.o)
 .data          0x0000000000024374        0x0 d:/logiciels/altera_lite/16.0/nios2eds/bin/gnu/h-x86_64-mingw32/bin/../lib/gcc/nios2-elf/5.2.0/../../../../../H-x86_64-mingw32/nios2-elf/lib\libc.a(lib_a-atexit.o)
 .data          0x0000000000024374        0x0 d:/logiciels/altera_lite/16.0/nios2eds/bin/gnu/h-x86_64-mingw32/bin/../lib/gcc/nios2-elf/5.2.0/../../../../../H-x86_64-mingw32/nios2-elf/lib\libc.a(lib_a-exit.o)
 .data          0x0000000000024374        0x0 d:/logiciels/altera_lite/16.0/nios2eds/bin/gnu/h-x86_64-mingw32/bin/../lib/gcc/nios2-elf/5.2.0/../../../../../H-x86_64-mingw32/nios2-elf/lib\libc.a(lib_a-impure.o)
 .data.impure_data
                0x0000000000024374      0x424 d:/logiciels/altera_lite/16.0/nios2eds/bin/gnu/h-x86_64-mingw32/bin/../lib/gcc/nios2-elf/5.2.0/../../../../../H-x86_64-mingw32/nios2-elf/lib\libc.a(lib_a-impure.o)
 .data          0x0000000000024798        0x0 d:/logiciels/altera_lite/16.0/nios2eds/bin/gnu/h-x86_64-mingw32/bin/../lib/gcc/nios2-elf/5.2.0/../../../../../H-x86_64-mingw32/nios2-elf/lib\libc.a(lib_a-int_errno.o)
 .data          0x0000000000024798        0x0 d:/logiciels/altera_lite/16.0/nios2eds/bin/gnu/h-x86_64-mingw32/bin/../lib/gcc/nios2-elf/5.2.0/../../../../../H-x86_64-mingw32/nios2-elf/lib\libc.a(lib_a-memcmp.o)
 .data          0x0000000000024798        0x0 d:/logiciels/altera_lite/16.0/nios2eds/bin/gnu/h-x86_64-mingw32/bin/../lib/gcc/nios2-elf/5.2.0/../../../../../H-x86_64-mingw32/nios2-elf/lib\libc.a(lib_a-memcpy.o)
 .data          0x0000000000024798        0x0 d:/logiciels/altera_lite/16.0/nios2eds/bin/gnu/h-x86_64-mingw32/bin/../lib/gcc/nios2-elf/5.2.0/../../../../../H-x86_64-mingw32/nios2-elf/lib\libc.a(lib_a-strlen.o)
 .data          0x0000000000024798        0x0 d:/logiciels/altera_lite/16.0/nios2eds/bin/gnu/h-x86_64-mingw32/bin/../lib/gcc/nios2-elf/5.2.0/../../../../../H-x86_64-mingw32/nios2-elf/lib\libc.a(lib_a-__atexit.o)
 .data          0x0000000000024798        0x0 d:/logiciels/altera_lite/16.0/nios2eds/bin/gnu/h-x86_64-mingw32/bin/../lib/gcc/nios2-elf/5.2.0/../../../../../H-x86_64-mingw32/nios2-elf/lib\libc.a(lib_a-__call_atexit.o)
 .data          0x0000000000024798        0x0 D:/Temp/VHDL/FPGA_EPFL/sw/nios/fpga_intro_bsp/\libhal_bsp.a(alt_exit.o)
                0x000000000002c798                _gp = ABSOLUTE ((. + 0x8000))
                [!provide]                        PROVIDE (gp, _gp)
 *(.rwdata .rwdata.*)
 *(.sdata .sdata.* .gnu.linkonce.s.*)
 .sdata         0x0000000000024798       0x14 D:/Temp/VHDL/FPGA_EPFL/sw/nios/fpga_intro_bsp/\libhal_bsp.a(alt_dev.o)
                0x0000000000024798                alt_fs_list
                0x00000000000247a0                alt_dev_list
                0x00000000000247a8                alt_max_fd
 .sdata         0x00000000000247ac        0x4 D:/Temp/VHDL/FPGA_EPFL/sw/nios/fpga_intro_bsp/\libhal_bsp.a(alt_errno.o)
                0x00000000000247ac                alt_errno
 .sdata         0x00000000000247b0        0x4 D:/Temp/VHDL/FPGA_EPFL/sw/nios/fpga_intro_bsp/\libhal_bsp.a(alt_irq_vars.o)
                0x00000000000247b0                alt_priority_mask
 .sdata         0x00000000000247b4        0x8 D:/Temp/VHDL/FPGA_EPFL/sw/nios/fpga_intro_bsp/\libhal_bsp.a(alt_tick.o)
                0x00000000000247b4                alt_alarm_list
 .sdata._global_impure_ptr
                0x00000000000247bc        0x4 d:/logiciels/altera_lite/16.0/nios2eds/bin/gnu/h-x86_64-mingw32/bin/../lib/gcc/nios2-elf/5.2.0/../../../../../H-x86_64-mingw32/nios2-elf/lib\libc.a(lib_a-impure.o)
                0x00000000000247bc                _global_impure_ptr
 .sdata._impure_ptr
                0x00000000000247c0        0x4 d:/logiciels/altera_lite/16.0/nios2eds/bin/gnu/h-x86_64-mingw32/bin/../lib/gcc/nios2-elf/5.2.0/../../../../../H-x86_64-mingw32/nios2-elf/lib\libc.a(lib_a-impure.o)
                0x00000000000247c0                _impure_ptr
 *(.sdata2 .sdata2.* .gnu.linkonce.s2.*)
                0x00000000000247c4                . = ALIGN (0x4)
                0x00000000000247c4                _edata = ABSOLUTE (.)
                [!provide]                        PROVIDE (edata, ABSOLUTE (.))
                0x00000000000247c4                PROVIDE (__ram_rwdata_end, ABSOLUTE (.))
                0x00000000000247c4                PROVIDE (__flash_rwdata_start, LOADADDR (.rwdata))

.bss            0x0000000000025e1c      0x120
                0x0000000000025e1c                __bss_start = ABSOLUTE (.)
                [!provide]                        PROVIDE (__sbss_start, ABSOLUTE (.))
                [!provide]                        PROVIDE (___sbss_start, ABSOLUTE (.))
 *(.dynsbss)
 *(.sbss .sbss.* .gnu.linkonce.sb.*)
 .sbss          0x0000000000025e1c        0xc D:/Temp/VHDL/FPGA_EPFL/sw/nios/fpga_intro_bsp/\libhal_bsp.a(alt_main.o)
                0x0000000000025e1c                alt_argc
                0x0000000000025e20                alt_argv
                0x0000000000025e24                alt_envp
 .sbss          0x0000000000025e28        0x4 D:/Temp/VHDL/FPGA_EPFL/sw/nios/fpga_intro_bsp/\libhal_bsp.a(alt_irq_vars.o)
                0x0000000000025e28                alt_irq_active
 .sbss          0x0000000000025e2c        0x8 D:/Temp/VHDL/FPGA_EPFL/sw/nios/fpga_intro_bsp/\libhal_bsp.a(alt_tick.o)
                0x0000000000025e2c                _alt_tick_rate
                0x0000000000025e30                _alt_nticks
 .sbss          0x0000000000025e34        0x4 D:/Temp/VHDL/FPGA_EPFL/sw/nios/fpga_intro_bsp/\libhal_bsp.a(alt_instruction_exception_entry.o)
                0x0000000000025e34                alt_instruction_exception_handler
 .sbss          0x0000000000025e38        0x4 d:/logiciels/altera_lite/16.0/nios2eds/bin/gnu/h-x86_64-mingw32/bin/../lib/gcc/nios2-elf/5.2.0/../../../../../H-x86_64-mingw32/nios2-elf/lib\libc.a(lib_a-int_errno.o)
                0x0000000000025e38                errno
 *(.sbss2 .sbss2.* .gnu.linkonce.sb2.*)
 *(.scommon)
                [!provide]                        PROVIDE (__sbss_end, ABSOLUTE (.))
                [!provide]                        PROVIDE (___sbss_end, ABSOLUTE (.))
 *(.dynbss)
 *(.bss .bss.* .gnu.linkonce.b.*)
 .bss           0x0000000000025e3c        0x0 D:/Temp/VHDL/FPGA_EPFL/sw/nios/fpga_intro_bsp//obj/HAL/src/crt0.o
 .bss           0x0000000000025e3c        0x0 obj/default/hello_world.o
 .bss           0x0000000000025e3c        0x0 d:/logiciels/altera_lite/16.0/nios2eds/bin/gnu/h-x86_64-mingw32/bin/../lib/gcc/nios2-elf/5.2.0\libgcc.a(adddf3.o)
 .bss           0x0000000000025e3c        0x0 d:/logiciels/altera_lite/16.0/nios2eds/bin/gnu/h-x86_64-mingw32/bin/../lib/gcc/nios2-elf/5.2.0\libgcc.a(ledf2.o)
 .bss           0x0000000000025e3c        0x0 d:/logiciels/altera_lite/16.0/nios2eds/bin/gnu/h-x86_64-mingw32/bin/../lib/gcc/nios2-elf/5.2.0\libgcc.a(_clzsi2.o)
 .bss           0x0000000000025e3c        0x0 d:/logiciels/altera_lite/16.0/nios2eds/bin/gnu/h-x86_64-mingw32/bin/../lib/gcc/nios2-elf/5.2.0\libgcc.a(_clz.o)
 .bss           0x0000000000025e3c        0x0 D:/Temp/VHDL/FPGA_EPFL/sw/nios/fpga_intro_bsp/\libhal_bsp.a(alt_load.o)
 .bss           0x0000000000025e3c        0x0 D:/Temp/VHDL/FPGA_EPFL/sw/nios/fpga_intro_bsp/\libhal_bsp.a(alt_main.o)
 .bss           0x0000000000025e3c        0x0 D:/Temp/VHDL/FPGA_EPFL/sw/nios/fpga_intro_bsp/\libhal_bsp.a(alt_sys_init.o)
 .bss           0x0000000000025e3c        0x0 D:/Temp/VHDL/FPGA_EPFL/sw/nios/fpga_intro_bsp/\libhal_bsp.a(altera_avalon_jtag_uart_fd.o)
 .bss           0x0000000000025e3c        0x0 D:/Temp/VHDL/FPGA_EPFL/sw/nios/fpga_intro_bsp/\libhal_bsp.a(altera_avalon_jtag_uart_init.o)
 .bss           0x0000000000025e3c        0x0 D:/Temp/VHDL/FPGA_EPFL/sw/nios/fpga_intro_bsp/\libhal_bsp.a(altera_avalon_jtag_uart_ioctl.o)
 .bss           0x0000000000025e3c        0x0 D:/Temp/VHDL/FPGA_EPFL/sw/nios/fpga_intro_bsp/\libhal_bsp.a(altera_avalon_jtag_uart_read.o)
 .bss           0x0000000000025e3c        0x0 D:/Temp/VHDL/FPGA_EPFL/sw/nios/fpga_intro_bsp/\libhal_bsp.a(altera_avalon_jtag_uart_write.o)
 .bss           0x0000000000025e3c        0x0 D:/Temp/VHDL/FPGA_EPFL/sw/nios/fpga_intro_bsp/\libhal_bsp.a(alt_alarm_start.o)
 .bss           0x0000000000025e3c        0x0 D:/Temp/VHDL/FPGA_EPFL/sw/nios/fpga_intro_bsp/\libhal_bsp.a(alt_close.o)
 .bss           0x0000000000025e3c        0x0 D:/Temp/VHDL/FPGA_EPFL/sw/nios/fpga_intro_bsp/\libhal_bsp.a(alt_dcache_flush_all.o)
 .bss           0x0000000000025e3c        0x0 D:/Temp/VHDL/FPGA_EPFL/sw/nios/fpga_intro_bsp/\libhal_bsp.a(alt_dev.o)
 .bss           0x0000000000025e3c        0x0 D:/Temp/VHDL/FPGA_EPFL/sw/nios/fpga_intro_bsp/\libhal_bsp.a(alt_dev_llist_insert.o)
 .bss           0x0000000000025e3c        0x0 D:/Temp/VHDL/FPGA_EPFL/sw/nios/fpga_intro_bsp/\libhal_bsp.a(alt_do_ctors.o)
 .bss           0x0000000000025e3c        0x0 D:/Temp/VHDL/FPGA_EPFL/sw/nios/fpga_intro_bsp/\libhal_bsp.a(alt_do_dtors.o)
 .bss           0x0000000000025e3c        0x0 D:/Temp/VHDL/FPGA_EPFL/sw/nios/fpga_intro_bsp/\libhal_bsp.a(alt_errno.o)
 .bss           0x0000000000025e3c        0x0 D:/Temp/VHDL/FPGA_EPFL/sw/nios/fpga_intro_bsp/\libhal_bsp.a(alt_icache_flush_all.o)
 .bss           0x0000000000025e3c        0x0 D:/Temp/VHDL/FPGA_EPFL/sw/nios/fpga_intro_bsp/\libhal_bsp.a(alt_iic.o)
 .bss           0x0000000000025e3c        0x0 D:/Temp/VHDL/FPGA_EPFL/sw/nios/fpga_intro_bsp/\libhal_bsp.a(alt_iic_isr_register.o)
 .bss           0x0000000000025e3c        0x0 D:/Temp/VHDL/FPGA_EPFL/sw/nios/fpga_intro_bsp/\libhal_bsp.a(alt_io_redirect.o)
 .bss           0x0000000000025e3c        0x0 D:/Temp/VHDL/FPGA_EPFL/sw/nios/fpga_intro_bsp/\libhal_bsp.a(alt_irq_entry.o)
 .bss           0x0000000000025e3c        0x0 D:/Temp/VHDL/FPGA_EPFL/sw/nios/fpga_intro_bsp/\libhal_bsp.a(alt_irq_handler.o)
 .bss           0x0000000000025e3c        0x0 D:/Temp/VHDL/FPGA_EPFL/sw/nios/fpga_intro_bsp/\libhal_bsp.a(alt_irq_vars.o)
 .bss           0x0000000000025e3c        0x0 D:/Temp/VHDL/FPGA_EPFL/sw/nios/fpga_intro_bsp/\libhal_bsp.a(alt_open.o)
 .bss           0x0000000000025e3c        0x0 D:/Temp/VHDL/FPGA_EPFL/sw/nios/fpga_intro_bsp/\libhal_bsp.a(alt_release_fd.o)
 .bss           0x0000000000025e3c        0x0 D:/Temp/VHDL/FPGA_EPFL/sw/nios/fpga_intro_bsp/\libhal_bsp.a(alt_tick.o)
 .bss           0x0000000000025e3c        0x0 D:/Temp/VHDL/FPGA_EPFL/sw/nios/fpga_intro_bsp/\libhal_bsp.a(altera_nios2_gen2_irq.o)
 .bss           0x0000000000025e3c        0x0 D:/Temp/VHDL/FPGA_EPFL/sw/nios/fpga_intro_bsp/\libhal_bsp.a(alt_exception_entry.o)
 .bss           0x0000000000025e3c        0x0 D:/Temp/VHDL/FPGA_EPFL/sw/nios/fpga_intro_bsp/\libhal_bsp.a(alt_find_dev.o)
 .bss           0x0000000000025e3c        0x0 D:/Temp/VHDL/FPGA_EPFL/sw/nios/fpga_intro_bsp/\libhal_bsp.a(alt_find_file.o)
 .bss           0x0000000000025e3c        0x0 D:/Temp/VHDL/FPGA_EPFL/sw/nios/fpga_intro_bsp/\libhal_bsp.a(alt_get_fd.o)
 .bss           0x0000000000025e3c        0x0 D:/Temp/VHDL/FPGA_EPFL/sw/nios/fpga_intro_bsp/\libhal_bsp.a(alt_icache_flush.o)
 .bss           0x0000000000025e3c        0x0 D:/Temp/VHDL/FPGA_EPFL/sw/nios/fpga_intro_bsp/\libhal_bsp.a(alt_instruction_exception_entry.o)
 .bss           0x0000000000025e3c        0x0 d:/logiciels/altera_lite/16.0/nios2eds/bin/gnu/h-x86_64-mingw32/bin/../lib/gcc/nios2-elf/5.2.0/../../../../../H-x86_64-mingw32/nios2-elf/lib\libc.a(lib_a-atexit.o)
 .bss           0x0000000000025e3c        0x0 d:/logiciels/altera_lite/16.0/nios2eds/bin/gnu/h-x86_64-mingw32/bin/../lib/gcc/nios2-elf/5.2.0/../../../../../H-x86_64-mingw32/nios2-elf/lib\libc.a(lib_a-exit.o)
 .bss           0x0000000000025e3c        0x0 d:/logiciels/altera_lite/16.0/nios2eds/bin/gnu/h-x86_64-mingw32/bin/../lib/gcc/nios2-elf/5.2.0/../../../../../H-x86_64-mingw32/nios2-elf/lib\libc.a(lib_a-impure.o)
 .bss           0x0000000000025e3c        0x0 d:/logiciels/altera_lite/16.0/nios2eds/bin/gnu/h-x86_64-mingw32/bin/../lib/gcc/nios2-elf/5.2.0/../../../../../H-x86_64-mingw32/nios2-elf/lib\libc.a(lib_a-int_errno.o)
 .bss           0x0000000000025e3c        0x0 d:/logiciels/altera_lite/16.0/nios2eds/bin/gnu/h-x86_64-mingw32/bin/../lib/gcc/nios2-elf/5.2.0/../../../../../H-x86_64-mingw32/nios2-elf/lib\libc.a(lib_a-memcmp.o)
 .bss           0x0000000000025e3c        0x0 d:/logiciels/altera_lite/16.0/nios2eds/bin/gnu/h-x86_64-mingw32/bin/../lib/gcc/nios2-elf/5.2.0/../../../../../H-x86_64-mingw32/nios2-elf/lib\libc.a(lib_a-memcpy.o)
 .bss           0x0000000000025e3c        0x0 d:/logiciels/altera_lite/16.0/nios2eds/bin/gnu/h-x86_64-mingw32/bin/../lib/gcc/nios2-elf/5.2.0/../../../../../H-x86_64-mingw32/nios2-elf/lib\libc.a(lib_a-strlen.o)
 .bss           0x0000000000025e3c        0x0 d:/logiciels/altera_lite/16.0/nios2eds/bin/gnu/h-x86_64-mingw32/bin/../lib/gcc/nios2-elf/5.2.0/../../../../../H-x86_64-mingw32/nios2-elf/lib\libc.a(lib_a-__atexit.o)
 .bss           0x0000000000025e3c        0x0 d:/logiciels/altera_lite/16.0/nios2eds/bin/gnu/h-x86_64-mingw32/bin/../lib/gcc/nios2-elf/5.2.0/../../../../../H-x86_64-mingw32/nios2-elf/lib\libc.a(lib_a-__call_atexit.o)
 .bss           0x0000000000025e3c        0x0 D:/Temp/VHDL/FPGA_EPFL/sw/nios/fpga_intro_bsp/\libhal_bsp.a(alt_exit.o)
 *(COMMON)
 COMMON         0x0000000000025e3c      0x100 D:/Temp/VHDL/FPGA_EPFL/sw/nios/fpga_intro_bsp/\libhal_bsp.a(alt_irq_handler.o)
                0x0000000000025e3c                alt_irq
                0x0000000000025f3c                . = ALIGN (0x4)
                0x0000000000025f3c                __bss_end = ABSOLUTE (.)

.onchip_memory2_0
                0x0000000000025f3c        0x0
                [!provide]                        PROVIDE (_alt_partition_onchip_memory2_0_start, ABSOLUTE (.))
 *(.onchip_memory2_0 .onchip_memory2_0. onchip_memory2_0.*)
                0x0000000000025f3c                . = ALIGN (0x4)
                [!provide]                        PROVIDE (_alt_partition_onchip_memory2_0_end, ABSOLUTE (.))
                0x0000000000025f3c                _end = ABSOLUTE (.)
                0x0000000000025f3c                end = ABSOLUTE (.)
                0x0000000000025f3c                __alt_stack_base = ABSOLUTE (.)
                [!provide]                        PROVIDE (_alt_partition_onchip_memory2_0_load_addr, LOADADDR (.onchip_memory2_0))

.stab
 *(.stab)

.stabstr
 *(.stabstr)

.stab.excl
 *(.stab.excl)

.stab.exclstr
 *(.stab.exclstr)

.stab.index
 *(.stab.index)

.stab.indexstr
 *(.stab.indexstr)

.comment        0x0000000000000000       0x23
 *(.comment)
 .comment       0x0000000000000000       0x23 obj/default/hello_world.o
                                         0x24 (size before relaxing)
 .comment       0x0000000000000023       0x24 d:/logiciels/altera_lite/16.0/nios2eds/bin/gnu/h-x86_64-mingw32/bin/../lib/gcc/nios2-elf/5.2.0\libgcc.a(adddf3.o)
 .comment       0x0000000000000023       0x24 d:/logiciels/altera_lite/16.0/nios2eds/bin/gnu/h-x86_64-mingw32/bin/../lib/gcc/nios2-elf/5.2.0\libgcc.a(ledf2.o)
 .comment       0x0000000000000023       0x24 d:/logiciels/altera_lite/16.0/nios2eds/bin/gnu/h-x86_64-mingw32/bin/../lib/gcc/nios2-elf/5.2.0\libgcc.a(_clzsi2.o)
 .comment       0x0000000000000023       0x24 d:/logiciels/altera_lite/16.0/nios2eds/bin/gnu/h-x86_64-mingw32/bin/../lib/gcc/nios2-elf/5.2.0\libgcc.a(_clz.o)
 .comment       0x0000000000000023       0x24 D:/Temp/VHDL/FPGA_EPFL/sw/nios/fpga_intro_bsp/\libhal_bsp.a(alt_load.o)
 .comment       0x0000000000000023       0x24 D:/Temp/VHDL/FPGA_EPFL/sw/nios/fpga_intro_bsp/\libhal_bsp.a(alt_main.o)
 .comment       0x0000000000000023       0x24 D:/Temp/VHDL/FPGA_EPFL/sw/nios/fpga_intro_bsp/\libhal_bsp.a(alt_sys_init.o)
 .comment       0x0000000000000023       0x24 D:/Temp/VHDL/FPGA_EPFL/sw/nios/fpga_intro_bsp/\libhal_bsp.a(altera_avalon_jtag_uart_fd.o)
 .comment       0x0000000000000023       0x24 D:/Temp/VHDL/FPGA_EPFL/sw/nios/fpga_intro_bsp/\libhal_bsp.a(altera_avalon_jtag_uart_init.o)
 .comment       0x0000000000000023       0x24 D:/Temp/VHDL/FPGA_EPFL/sw/nios/fpga_intro_bsp/\libhal_bsp.a(altera_avalon_jtag_uart_ioctl.o)
 .comment       0x0000000000000023       0x24 D:/Temp/VHDL/FPGA_EPFL/sw/nios/fpga_intro_bsp/\libhal_bsp.a(altera_avalon_jtag_uart_read.o)
 .comment       0x0000000000000023       0x24 D:/Temp/VHDL/FPGA_EPFL/sw/nios/fpga_intro_bsp/\libhal_bsp.a(altera_avalon_jtag_uart_write.o)
 .comment       0x0000000000000023       0x24 D:/Temp/VHDL/FPGA_EPFL/sw/nios/fpga_intro_bsp/\libhal_bsp.a(alt_alarm_start.o)
 .comment       0x0000000000000023       0x24 D:/Temp/VHDL/FPGA_EPFL/sw/nios/fpga_intro_bsp/\libhal_bsp.a(alt_close.o)
 .comment       0x0000000000000023       0x24 D:/Temp/VHDL/FPGA_EPFL/sw/nios/fpga_intro_bsp/\libhal_bsp.a(alt_dcache_flush_all.o)
 .comment       0x0000000000000023       0x24 D:/Temp/VHDL/FPGA_EPFL/sw/nios/fpga_intro_bsp/\libhal_bsp.a(alt_dev.o)
 .comment       0x0000000000000023       0x24 D:/Temp/VHDL/FPGA_EPFL/sw/nios/fpga_intro_bsp/\libhal_bsp.a(alt_dev_llist_insert.o)
 .comment       0x0000000000000023       0x24 D:/Temp/VHDL/FPGA_EPFL/sw/nios/fpga_intro_bsp/\libhal_bsp.a(alt_do_ctors.o)
 .comment       0x0000000000000023       0x24 D:/Temp/VHDL/FPGA_EPFL/sw/nios/fpga_intro_bsp/\libhal_bsp.a(alt_do_dtors.o)
 .comment       0x0000000000000023       0x24 D:/Temp/VHDL/FPGA_EPFL/sw/nios/fpga_intro_bsp/\libhal_bsp.a(alt_errno.o)
 .comment       0x0000000000000023       0x24 D:/Temp/VHDL/FPGA_EPFL/sw/nios/fpga_intro_bsp/\libhal_bsp.a(alt_icache_flush_all.o)
 .comment       0x0000000000000023       0x24 D:/Temp/VHDL/FPGA_EPFL/sw/nios/fpga_intro_bsp/\libhal_bsp.a(alt_iic.o)
 .comment       0x0000000000000023       0x24 D:/Temp/VHDL/FPGA_EPFL/sw/nios/fpga_intro_bsp/\libhal_bsp.a(alt_iic_isr_register.o)
 .comment       0x0000000000000023       0x24 D:/Temp/VHDL/FPGA_EPFL/sw/nios/fpga_intro_bsp/\libhal_bsp.a(alt_io_redirect.o)
 .comment       0x0000000000000023       0x24 D:/Temp/VHDL/FPGA_EPFL/sw/nios/fpga_intro_bsp/\libhal_bsp.a(alt_irq_handler.o)
 .comment       0x0000000000000023       0x24 D:/Temp/VHDL/FPGA_EPFL/sw/nios/fpga_intro_bsp/\libhal_bsp.a(alt_irq_vars.o)
 .comment       0x0000000000000023       0x24 D:/Temp/VHDL/FPGA_EPFL/sw/nios/fpga_intro_bsp/\libhal_bsp.a(alt_open.o)
 .comment       0x0000000000000023       0x24 D:/Temp/VHDL/FPGA_EPFL/sw/nios/fpga_intro_bsp/\libhal_bsp.a(alt_release_fd.o)
 .comment       0x0000000000000023       0x24 D:/Temp/VHDL/FPGA_EPFL/sw/nios/fpga_intro_bsp/\libhal_bsp.a(alt_tick.o)
 .comment       0x0000000000000023       0x24 D:/Temp/VHDL/FPGA_EPFL/sw/nios/fpga_intro_bsp/\libhal_bsp.a(altera_nios2_gen2_irq.o)
 .comment       0x0000000000000023       0x24 D:/Temp/VHDL/FPGA_EPFL/sw/nios/fpga_intro_bsp/\libhal_bsp.a(alt_find_dev.o)
 .comment       0x0000000000000023       0x24 D:/Temp/VHDL/FPGA_EPFL/sw/nios/fpga_intro_bsp/\libhal_bsp.a(alt_find_file.o)
 .comment       0x0000000000000023       0x24 D:/Temp/VHDL/FPGA_EPFL/sw/nios/fpga_intro_bsp/\libhal_bsp.a(alt_get_fd.o)
 .comment       0x0000000000000023       0x24 D:/Temp/VHDL/FPGA_EPFL/sw/nios/fpga_intro_bsp/\libhal_bsp.a(alt_icache_flush.o)
 .comment       0x0000000000000023       0x24 D:/Temp/VHDL/FPGA_EPFL/sw/nios/fpga_intro_bsp/\libhal_bsp.a(alt_instruction_exception_entry.o)
 .comment       0x0000000000000023       0x24 d:/logiciels/altera_lite/16.0/nios2eds/bin/gnu/h-x86_64-mingw32/bin/../lib/gcc/nios2-elf/5.2.0/../../../../../H-x86_64-mingw32/nios2-elf/lib\libc.a(lib_a-atexit.o)
 .comment       0x0000000000000023       0x24 d:/logiciels/altera_lite/16.0/nios2eds/bin/gnu/h-x86_64-mingw32/bin/../lib/gcc/nios2-elf/5.2.0/../../../../../H-x86_64-mingw32/nios2-elf/lib\libc.a(lib_a-exit.o)
 .comment       0x0000000000000023       0x24 d:/logiciels/altera_lite/16.0/nios2eds/bin/gnu/h-x86_64-mingw32/bin/../lib/gcc/nios2-elf/5.2.0/../../../../../H-x86_64-mingw32/nios2-elf/lib\libc.a(lib_a-impure.o)
 .comment       0x0000000000000023       0x24 d:/logiciels/altera_lite/16.0/nios2eds/bin/gnu/h-x86_64-mingw32/bin/../lib/gcc/nios2-elf/5.2.0/../../../../../H-x86_64-mingw32/nios2-elf/lib\libc.a(lib_a-int_errno.o)
 .comment       0x0000000000000023       0x24 d:/logiciels/altera_lite/16.0/nios2eds/bin/gnu/h-x86_64-mingw32/bin/../lib/gcc/nios2-elf/5.2.0/../../../../../H-x86_64-mingw32/nios2-elf/lib\libc.a(lib_a-memcmp.o)
 .comment       0x0000000000000023       0x24 d:/logiciels/altera_lite/16.0/nios2eds/bin/gnu/h-x86_64-mingw32/bin/../lib/gcc/nios2-elf/5.2.0/../../../../../H-x86_64-mingw32/nios2-elf/lib\libc.a(lib_a-memcpy.o)
 .comment       0x0000000000000023       0x24 d:/logiciels/altera_lite/16.0/nios2eds/bin/gnu/h-x86_64-mingw32/bin/../lib/gcc/nios2-elf/5.2.0/../../../../../H-x86_64-mingw32/nios2-elf/lib\libc.a(lib_a-strlen.o)
 .comment       0x0000000000000023       0x24 d:/logiciels/altera_lite/16.0/nios2eds/bin/gnu/h-x86_64-mingw32/bin/../lib/gcc/nios2-elf/5.2.0/../../../../../H-x86_64-mingw32/nios2-elf/lib\libc.a(lib_a-__atexit.o)
 .comment       0x0000000000000023       0x24 d:/logiciels/altera_lite/16.0/nios2eds/bin/gnu/h-x86_64-mingw32/bin/../lib/gcc/nios2-elf/5.2.0/../../../../../H-x86_64-mingw32/nios2-elf/lib\libc.a(lib_a-__call_atexit.o)
 .comment       0x0000000000000023       0x24 D:/Temp/VHDL/FPGA_EPFL/sw/nios/fpga_intro_bsp/\libhal_bsp.a(alt_exit.o)

.debug
 *(.debug)

.line
 *(.line)

.debug_srcinfo
 *(.debug_srcinfo)

.debug_sfnames
 *(.debug_sfnames)

.debug_aranges  0x0000000000000000      0x630
 *(.debug_aranges)
 .debug_aranges
                0x0000000000000000       0x28 D:/Temp/VHDL/FPGA_EPFL/sw/nios/fpga_intro_bsp//obj/HAL/src/crt0.o
 .debug_aranges
                0x0000000000000028       0x20 obj/default/hello_world.o
 .debug_aranges
                0x0000000000000048       0x20 d:/logiciels/altera_lite/16.0/nios2eds/bin/gnu/h-x86_64-mingw32/bin/../lib/gcc/nios2-elf/5.2.0\libgcc.a(adddf3.o)
 .debug_aranges
                0x0000000000000068       0x20 d:/logiciels/altera_lite/16.0/nios2eds/bin/gnu/h-x86_64-mingw32/bin/../lib/gcc/nios2-elf/5.2.0\libgcc.a(ledf2.o)
 .debug_aranges
                0x0000000000000088       0x20 d:/logiciels/altera_lite/16.0/nios2eds/bin/gnu/h-x86_64-mingw32/bin/../lib/gcc/nios2-elf/5.2.0\libgcc.a(_clzsi2.o)
 .debug_aranges
                0x00000000000000a8       0x18 d:/logiciels/altera_lite/16.0/nios2eds/bin/gnu/h-x86_64-mingw32/bin/../lib/gcc/nios2-elf/5.2.0\libgcc.a(_clz.o)
 .debug_aranges
                0x00000000000000c0       0x20 D:/Temp/VHDL/FPGA_EPFL/sw/nios/fpga_intro_bsp/\libhal_bsp.a(alt_load.o)
 .debug_aranges
                0x00000000000000e0       0x20 D:/Temp/VHDL/FPGA_EPFL/sw/nios/fpga_intro_bsp/\libhal_bsp.a(alt_main.o)
 .debug_aranges
                0x0000000000000100       0x20 D:/Temp/VHDL/FPGA_EPFL/sw/nios/fpga_intro_bsp/\libhal_bsp.a(alt_sys_init.o)
 .debug_aranges
                0x0000000000000120       0x20 D:/Temp/VHDL/FPGA_EPFL/sw/nios/fpga_intro_bsp/\libhal_bsp.a(altera_avalon_jtag_uart_fd.o)
 .debug_aranges
                0x0000000000000140       0x20 D:/Temp/VHDL/FPGA_EPFL/sw/nios/fpga_intro_bsp/\libhal_bsp.a(altera_avalon_jtag_uart_init.o)
 .debug_aranges
                0x0000000000000160       0x20 D:/Temp/VHDL/FPGA_EPFL/sw/nios/fpga_intro_bsp/\libhal_bsp.a(altera_avalon_jtag_uart_ioctl.o)
 .debug_aranges
                0x0000000000000180       0x20 D:/Temp/VHDL/FPGA_EPFL/sw/nios/fpga_intro_bsp/\libhal_bsp.a(altera_avalon_jtag_uart_read.o)
 .debug_aranges
                0x00000000000001a0       0x20 D:/Temp/VHDL/FPGA_EPFL/sw/nios/fpga_intro_bsp/\libhal_bsp.a(altera_avalon_jtag_uart_write.o)
 .debug_aranges
                0x00000000000001c0       0x20 D:/Temp/VHDL/FPGA_EPFL/sw/nios/fpga_intro_bsp/\libhal_bsp.a(alt_alarm_start.o)
 .debug_aranges
                0x00000000000001e0       0x20 D:/Temp/VHDL/FPGA_EPFL/sw/nios/fpga_intro_bsp/\libhal_bsp.a(alt_close.o)
 .debug_aranges
                0x0000000000000200       0x20 D:/Temp/VHDL/FPGA_EPFL/sw/nios/fpga_intro_bsp/\libhal_bsp.a(alt_dcache_flush_all.o)
 .debug_aranges
                0x0000000000000220       0x20 D:/Temp/VHDL/FPGA_EPFL/sw/nios/fpga_intro_bsp/\libhal_bsp.a(alt_dev.o)
 .debug_aranges
                0x0000000000000240       0x20 D:/Temp/VHDL/FPGA_EPFL/sw/nios/fpga_intro_bsp/\libhal_bsp.a(alt_dev_llist_insert.o)
 .debug_aranges
                0x0000000000000260       0x20 D:/Temp/VHDL/FPGA_EPFL/sw/nios/fpga_intro_bsp/\libhal_bsp.a(alt_do_ctors.o)
 .debug_aranges
                0x0000000000000280       0x20 D:/Temp/VHDL/FPGA_EPFL/sw/nios/fpga_intro_bsp/\libhal_bsp.a(alt_do_dtors.o)
 .debug_aranges
                0x00000000000002a0       0x18 D:/Temp/VHDL/FPGA_EPFL/sw/nios/fpga_intro_bsp/\libhal_bsp.a(alt_errno.o)
 .debug_aranges
                0x00000000000002b8       0x20 D:/Temp/VHDL/FPGA_EPFL/sw/nios/fpga_intro_bsp/\libhal_bsp.a(alt_icache_flush_all.o)
 .debug_aranges
                0x00000000000002d8       0x20 D:/Temp/VHDL/FPGA_EPFL/sw/nios/fpga_intro_bsp/\libhal_bsp.a(alt_iic.o)
 .debug_aranges
                0x00000000000002f8       0x20 D:/Temp/VHDL/FPGA_EPFL/sw/nios/fpga_intro_bsp/\libhal_bsp.a(alt_iic_isr_register.o)
 .debug_aranges
                0x0000000000000318       0x20 D:/Temp/VHDL/FPGA_EPFL/sw/nios/fpga_intro_bsp/\libhal_bsp.a(alt_io_redirect.o)
 .debug_aranges
                0x0000000000000338       0x30 D:/Temp/VHDL/FPGA_EPFL/sw/nios/fpga_intro_bsp/\libhal_bsp.a(alt_irq_entry.o)
 .debug_aranges
                0x0000000000000368       0x20 D:/Temp/VHDL/FPGA_EPFL/sw/nios/fpga_intro_bsp/\libhal_bsp.a(alt_irq_handler.o)
 .debug_aranges
                0x0000000000000388       0x18 D:/Temp/VHDL/FPGA_EPFL/sw/nios/fpga_intro_bsp/\libhal_bsp.a(alt_irq_vars.o)
 .debug_aranges
                0x00000000000003a0       0x20 D:/Temp/VHDL/FPGA_EPFL/sw/nios/fpga_intro_bsp/\libhal_bsp.a(alt_open.o)
 .debug_aranges
                0x00000000000003c0       0x20 D:/Temp/VHDL/FPGA_EPFL/sw/nios/fpga_intro_bsp/\libhal_bsp.a(alt_release_fd.o)
 .debug_aranges
                0x00000000000003e0       0x20 D:/Temp/VHDL/FPGA_EPFL/sw/nios/fpga_intro_bsp/\libhal_bsp.a(alt_tick.o)
 .debug_aranges
                0x0000000000000400       0x20 D:/Temp/VHDL/FPGA_EPFL/sw/nios/fpga_intro_bsp/\libhal_bsp.a(altera_nios2_gen2_irq.o)
 .debug_aranges
                0x0000000000000420       0x38 D:/Temp/VHDL/FPGA_EPFL/sw/nios/fpga_intro_bsp/\libhal_bsp.a(alt_exception_entry.o)
 .debug_aranges
                0x0000000000000458       0x20 D:/Temp/VHDL/FPGA_EPFL/sw/nios/fpga_intro_bsp/\libhal_bsp.a(alt_find_dev.o)
 .debug_aranges
                0x0000000000000478       0x20 D:/Temp/VHDL/FPGA_EPFL/sw/nios/fpga_intro_bsp/\libhal_bsp.a(alt_find_file.o)
 .debug_aranges
                0x0000000000000498       0x20 D:/Temp/VHDL/FPGA_EPFL/sw/nios/fpga_intro_bsp/\libhal_bsp.a(alt_get_fd.o)
 .debug_aranges
                0x00000000000004b8       0x20 D:/Temp/VHDL/FPGA_EPFL/sw/nios/fpga_intro_bsp/\libhal_bsp.a(alt_icache_flush.o)
 .debug_aranges
                0x00000000000004d8       0x28 D:/Temp/VHDL/FPGA_EPFL/sw/nios/fpga_intro_bsp/\libhal_bsp.a(alt_instruction_exception_entry.o)
 .debug_aranges
                0x0000000000000500       0x20 d:/logiciels/altera_lite/16.0/nios2eds/bin/gnu/h-x86_64-mingw32/bin/../lib/gcc/nios2-elf/5.2.0/../../../../../H-x86_64-mingw32/nios2-elf/lib\libc.a(lib_a-atexit.o)
 .debug_aranges
                0x0000000000000520       0x20 d:/logiciels/altera_lite/16.0/nios2eds/bin/gnu/h-x86_64-mingw32/bin/../lib/gcc/nios2-elf/5.2.0/../../../../../H-x86_64-mingw32/nios2-elf/lib\libc.a(lib_a-exit.o)
 .debug_aranges
                0x0000000000000540       0x18 d:/logiciels/altera_lite/16.0/nios2eds/bin/gnu/h-x86_64-mingw32/bin/../lib/gcc/nios2-elf/5.2.0/../../../../../H-x86_64-mingw32/nios2-elf/lib\libc.a(lib_a-impure.o)
 .debug_aranges
                0x0000000000000558       0x18 d:/logiciels/altera_lite/16.0/nios2eds/bin/gnu/h-x86_64-mingw32/bin/../lib/gcc/nios2-elf/5.2.0/../../../../../H-x86_64-mingw32/nios2-elf/lib\libc.a(lib_a-int_errno.o)
 .debug_aranges
                0x0000000000000570       0x20 d:/logiciels/altera_lite/16.0/nios2eds/bin/gnu/h-x86_64-mingw32/bin/../lib/gcc/nios2-elf/5.2.0/../../../../../H-x86_64-mingw32/nios2-elf/lib\libc.a(lib_a-memcmp.o)
 .debug_aranges
                0x0000000000000590       0x20 d:/logiciels/altera_lite/16.0/nios2eds/bin/gnu/h-x86_64-mingw32/bin/../lib/gcc/nios2-elf/5.2.0/../../../../../H-x86_64-mingw32/nios2-elf/lib\libc.a(lib_a-memcpy.o)
 .debug_aranges
                0x00000000000005b0       0x20 d:/logiciels/altera_lite/16.0/nios2eds/bin/gnu/h-x86_64-mingw32/bin/../lib/gcc/nios2-elf/5.2.0/../../../../../H-x86_64-mingw32/nios2-elf/lib\libc.a(lib_a-strlen.o)
 .debug_aranges
                0x00000000000005d0       0x20 d:/logiciels/altera_lite/16.0/nios2eds/bin/gnu/h-x86_64-mingw32/bin/../lib/gcc/nios2-elf/5.2.0/../../../../../H-x86_64-mingw32/nios2-elf/lib\libc.a(lib_a-__atexit.o)
 .debug_aranges
                0x00000000000005f0       0x20 d:/logiciels/altera_lite/16.0/nios2eds/bin/gnu/h-x86_64-mingw32/bin/../lib/gcc/nios2-elf/5.2.0/../../../../../H-x86_64-mingw32/nios2-elf/lib\libc.a(lib_a-__call_atexit.o)
 .debug_aranges
                0x0000000000000610       0x20 D:/Temp/VHDL/FPGA_EPFL/sw/nios/fpga_intro_bsp/\libhal_bsp.a(alt_exit.o)

.debug_pubnames
 *(.debug_pubnames)

.debug_info     0x0000000000000000     0x7d91
 *(.debug_info .gnu.linkonce.wi.*)
 .debug_info    0x0000000000000000       0x62 D:/Temp/VHDL/FPGA_EPFL/sw/nios/fpga_intro_bsp//obj/HAL/src/crt0.o
 .debug_info    0x0000000000000062       0xb9 obj/default/hello_world.o
 .debug_info    0x000000000000011b      0x4a2 d:/logiciels/altera_lite/16.0/nios2eds/bin/gnu/h-x86_64-mingw32/bin/../lib/gcc/nios2-elf/5.2.0\libgcc.a(adddf3.o)
 .debug_info    0x00000000000005bd      0x204 d:/logiciels/altera_lite/16.0/nios2eds/bin/gnu/h-x86_64-mingw32/bin/../lib/gcc/nios2-elf/5.2.0\libgcc.a(ledf2.o)
 .debug_info    0x00000000000007c1      0x124 d:/logiciels/altera_lite/16.0/nios2eds/bin/gnu/h-x86_64-mingw32/bin/../lib/gcc/nios2-elf/5.2.0\libgcc.a(_clzsi2.o)
 .debug_info    0x00000000000008e5       0xb2 d:/logiciels/altera_lite/16.0/nios2eds/bin/gnu/h-x86_64-mingw32/bin/../lib/gcc/nios2-elf/5.2.0\libgcc.a(_clz.o)
 .debug_info    0x0000000000000997      0x145 D:/Temp/VHDL/FPGA_EPFL/sw/nios/fpga_intro_bsp/\libhal_bsp.a(alt_load.o)
 .debug_info    0x0000000000000adc      0x131 D:/Temp/VHDL/FPGA_EPFL/sw/nios/fpga_intro_bsp/\libhal_bsp.a(alt_main.o)
 .debug_info    0x0000000000000c0d      0x4c3 D:/Temp/VHDL/FPGA_EPFL/sw/nios/fpga_intro_bsp/\libhal_bsp.a(alt_sys_init.o)
 .debug_info    0x00000000000010d0      0x52e D:/Temp/VHDL/FPGA_EPFL/sw/nios/fpga_intro_bsp/\libhal_bsp.a(altera_avalon_jtag_uart_fd.o)
 .debug_info    0x00000000000015fe      0x3a0 D:/Temp/VHDL/FPGA_EPFL/sw/nios/fpga_intro_bsp/\libhal_bsp.a(altera_avalon_jtag_uart_init.o)
 .debug_info    0x000000000000199e      0x280 D:/Temp/VHDL/FPGA_EPFL/sw/nios/fpga_intro_bsp/\libhal_bsp.a(altera_avalon_jtag_uart_ioctl.o)
 .debug_info    0x0000000000001c1e      0x345 D:/Temp/VHDL/FPGA_EPFL/sw/nios/fpga_intro_bsp/\libhal_bsp.a(altera_avalon_jtag_uart_read.o)
 .debug_info    0x0000000000001f63      0x340 D:/Temp/VHDL/FPGA_EPFL/sw/nios/fpga_intro_bsp/\libhal_bsp.a(altera_avalon_jtag_uart_write.o)
 .debug_info    0x00000000000022a3      0x2cc D:/Temp/VHDL/FPGA_EPFL/sw/nios/fpga_intro_bsp/\libhal_bsp.a(alt_alarm_start.o)
 .debug_info    0x000000000000256f      0x321 D:/Temp/VHDL/FPGA_EPFL/sw/nios/fpga_intro_bsp/\libhal_bsp.a(alt_close.o)
 .debug_info    0x0000000000002890       0xa5 D:/Temp/VHDL/FPGA_EPFL/sw/nios/fpga_intro_bsp/\libhal_bsp.a(alt_dcache_flush_all.o)
 .debug_info    0x0000000000002935      0x49c D:/Temp/VHDL/FPGA_EPFL/sw/nios/fpga_intro_bsp/\libhal_bsp.a(alt_dev.o)
 .debug_info    0x0000000000002dd1      0x1a9 D:/Temp/VHDL/FPGA_EPFL/sw/nios/fpga_intro_bsp/\libhal_bsp.a(alt_dev_llist_insert.o)
 .debug_info    0x0000000000002f7a       0x83 D:/Temp/VHDL/FPGA_EPFL/sw/nios/fpga_intro_bsp/\libhal_bsp.a(alt_do_ctors.o)
 .debug_info    0x0000000000002ffd       0x83 D:/Temp/VHDL/FPGA_EPFL/sw/nios/fpga_intro_bsp/\libhal_bsp.a(alt_do_dtors.o)
 .debug_info    0x0000000000003080       0xa6 D:/Temp/VHDL/FPGA_EPFL/sw/nios/fpga_intro_bsp/\libhal_bsp.a(alt_errno.o)
 .debug_info    0x0000000000003126       0x92 D:/Temp/VHDL/FPGA_EPFL/sw/nios/fpga_intro_bsp/\libhal_bsp.a(alt_icache_flush_all.o)
 .debug_info    0x00000000000031b8      0x350 D:/Temp/VHDL/FPGA_EPFL/sw/nios/fpga_intro_bsp/\libhal_bsp.a(alt_iic.o)
 .debug_info    0x0000000000003508      0x1ef D:/Temp/VHDL/FPGA_EPFL/sw/nios/fpga_intro_bsp/\libhal_bsp.a(alt_iic_isr_register.o)
 .debug_info    0x00000000000036f7      0x4a5 D:/Temp/VHDL/FPGA_EPFL/sw/nios/fpga_intro_bsp/\libhal_bsp.a(alt_io_redirect.o)
 .debug_info    0x0000000000003b9c       0x6b D:/Temp/VHDL/FPGA_EPFL/sw/nios/fpga_intro_bsp/\libhal_bsp.a(alt_irq_entry.o)
 .debug_info    0x0000000000003c07      0x187 D:/Temp/VHDL/FPGA_EPFL/sw/nios/fpga_intro_bsp/\libhal_bsp.a(alt_irq_handler.o)
 .debug_info    0x0000000000003d8e       0x88 D:/Temp/VHDL/FPGA_EPFL/sw/nios/fpga_intro_bsp/\libhal_bsp.a(alt_irq_vars.o)
 .debug_info    0x0000000000003e16      0x3bb D:/Temp/VHDL/FPGA_EPFL/sw/nios/fpga_intro_bsp/\libhal_bsp.a(alt_open.o)
 .debug_info    0x00000000000041d1      0x2b0 D:/Temp/VHDL/FPGA_EPFL/sw/nios/fpga_intro_bsp/\libhal_bsp.a(alt_release_fd.o)
 .debug_info    0x0000000000004481      0x299 D:/Temp/VHDL/FPGA_EPFL/sw/nios/fpga_intro_bsp/\libhal_bsp.a(alt_tick.o)
 .debug_info    0x000000000000471a       0x92 D:/Temp/VHDL/FPGA_EPFL/sw/nios/fpga_intro_bsp/\libhal_bsp.a(altera_nios2_gen2_irq.o)
 .debug_info    0x00000000000047ac       0x71 D:/Temp/VHDL/FPGA_EPFL/sw/nios/fpga_intro_bsp/\libhal_bsp.a(alt_exception_entry.o)
 .debug_info    0x000000000000481d      0x2e9 D:/Temp/VHDL/FPGA_EPFL/sw/nios/fpga_intro_bsp/\libhal_bsp.a(alt_find_dev.o)
 .debug_info    0x0000000000004b06      0x2e6 D:/Temp/VHDL/FPGA_EPFL/sw/nios/fpga_intro_bsp/\libhal_bsp.a(alt_find_file.o)
 .debug_info    0x0000000000004dec      0x310 D:/Temp/VHDL/FPGA_EPFL/sw/nios/fpga_intro_bsp/\libhal_bsp.a(alt_get_fd.o)
 .debug_info    0x00000000000050fc       0xdc D:/Temp/VHDL/FPGA_EPFL/sw/nios/fpga_intro_bsp/\libhal_bsp.a(alt_icache_flush.o)
 .debug_info    0x00000000000051d8      0x1e7 D:/Temp/VHDL/FPGA_EPFL/sw/nios/fpga_intro_bsp/\libhal_bsp.a(alt_instruction_exception_entry.o)
 .debug_info    0x00000000000053bf       0xfe d:/logiciels/altera_lite/16.0/nios2eds/bin/gnu/h-x86_64-mingw32/bin/../lib/gcc/nios2-elf/5.2.0/../../../../../H-x86_64-mingw32/nios2-elf/lib\libc.a(lib_a-atexit.o)
 .debug_info    0x00000000000054bd      0x8e4 d:/logiciels/altera_lite/16.0/nios2eds/bin/gnu/h-x86_64-mingw32/bin/../lib/gcc/nios2-elf/5.2.0/../../../../../H-x86_64-mingw32/nios2-elf/lib\libc.a(lib_a-exit.o)
 .debug_info    0x0000000000005da1      0x8a1 d:/logiciels/altera_lite/16.0/nios2eds/bin/gnu/h-x86_64-mingw32/bin/../lib/gcc/nios2-elf/5.2.0/../../../../../H-x86_64-mingw32/nios2-elf/lib\libc.a(lib_a-impure.o)
 .debug_info    0x0000000000006642       0x8a d:/logiciels/altera_lite/16.0/nios2eds/bin/gnu/h-x86_64-mingw32/bin/../lib/gcc/nios2-elf/5.2.0/../../../../../H-x86_64-mingw32/nios2-elf/lib\libc.a(lib_a-int_errno.o)
 .debug_info    0x00000000000066cc      0x11a d:/logiciels/altera_lite/16.0/nios2eds/bin/gnu/h-x86_64-mingw32/bin/../lib/gcc/nios2-elf/5.2.0/../../../../../H-x86_64-mingw32/nios2-elf/lib\libc.a(lib_a-memcmp.o)
 .debug_info    0x00000000000067e6      0x144 d:/logiciels/altera_lite/16.0/nios2eds/bin/gnu/h-x86_64-mingw32/bin/../lib/gcc/nios2-elf/5.2.0/../../../../../H-x86_64-mingw32/nios2-elf/lib\libc.a(lib_a-memcpy.o)
 .debug_info    0x000000000000692a       0xe2 d:/logiciels/altera_lite/16.0/nios2eds/bin/gnu/h-x86_64-mingw32/bin/../lib/gcc/nios2-elf/5.2.0/../../../../../H-x86_64-mingw32/nios2-elf/lib\libc.a(lib_a-strlen.o)
 .debug_info    0x0000000000006a0c      0x934 d:/logiciels/altera_lite/16.0/nios2eds/bin/gnu/h-x86_64-mingw32/bin/../lib/gcc/nios2-elf/5.2.0/../../../../../H-x86_64-mingw32/nios2-elf/lib\libc.a(lib_a-__atexit.o)
 .debug_info    0x0000000000007340      0x965 d:/logiciels/altera_lite/16.0/nios2eds/bin/gnu/h-x86_64-mingw32/bin/../lib/gcc/nios2-elf/5.2.0/../../../../../H-x86_64-mingw32/nios2-elf/lib\libc.a(lib_a-__call_atexit.o)
 .debug_info    0x0000000000007ca5       0xec D:/Temp/VHDL/FPGA_EPFL/sw/nios/fpga_intro_bsp/\libhal_bsp.a(alt_exit.o)

.debug_abbrev   0x0000000000000000     0x2cd5
 *(.debug_abbrev)
 .debug_abbrev  0x0000000000000000       0x12 D:/Temp/VHDL/FPGA_EPFL/sw/nios/fpga_intro_bsp//obj/HAL/src/crt0.o
 .debug_abbrev  0x0000000000000012       0x60 obj/default/hello_world.o
 .debug_abbrev  0x0000000000000072      0x13a d:/logiciels/altera_lite/16.0/nios2eds/bin/gnu/h-x86_64-mingw32/bin/../lib/gcc/nios2-elf/5.2.0\libgcc.a(adddf3.o)
 .debug_abbrev  0x00000000000001ac      0x137 d:/logiciels/altera_lite/16.0/nios2eds/bin/gnu/h-x86_64-mingw32/bin/../lib/gcc/nios2-elf/5.2.0\libgcc.a(ledf2.o)
 .debug_abbrev  0x00000000000002e3       0xbe d:/logiciels/altera_lite/16.0/nios2eds/bin/gnu/h-x86_64-mingw32/bin/../lib/gcc/nios2-elf/5.2.0\libgcc.a(_clzsi2.o)
 .debug_abbrev  0x00000000000003a1       0x5d d:/logiciels/altera_lite/16.0/nios2eds/bin/gnu/h-x86_64-mingw32/bin/../lib/gcc/nios2-elf/5.2.0\libgcc.a(_clz.o)
 .debug_abbrev  0x00000000000003fe       0x9f D:/Temp/VHDL/FPGA_EPFL/sw/nios/fpga_intro_bsp/\libhal_bsp.a(alt_load.o)
 .debug_abbrev  0x000000000000049d       0xba D:/Temp/VHDL/FPGA_EPFL/sw/nios/fpga_intro_bsp/\libhal_bsp.a(alt_main.o)
 .debug_abbrev  0x0000000000000557      0x187 D:/Temp/VHDL/FPGA_EPFL/sw/nios/fpga_intro_bsp/\libhal_bsp.a(alt_sys_init.o)
 .debug_abbrev  0x00000000000006de      0x127 D:/Temp/VHDL/FPGA_EPFL/sw/nios/fpga_intro_bsp/\libhal_bsp.a(altera_avalon_jtag_uart_fd.o)
 .debug_abbrev  0x0000000000000805      0x19e D:/Temp/VHDL/FPGA_EPFL/sw/nios/fpga_intro_bsp/\libhal_bsp.a(altera_avalon_jtag_uart_init.o)
 .debug_abbrev  0x00000000000009a3      0x111 D:/Temp/VHDL/FPGA_EPFL/sw/nios/fpga_intro_bsp/\libhal_bsp.a(altera_avalon_jtag_uart_ioctl.o)
 .debug_abbrev  0x0000000000000ab4      0x1aa D:/Temp/VHDL/FPGA_EPFL/sw/nios/fpga_intro_bsp/\libhal_bsp.a(altera_avalon_jtag_uart_read.o)
 .debug_abbrev  0x0000000000000c5e      0x1a8 D:/Temp/VHDL/FPGA_EPFL/sw/nios/fpga_intro_bsp/\libhal_bsp.a(altera_avalon_jtag_uart_write.o)
 .debug_abbrev  0x0000000000000e06      0x162 D:/Temp/VHDL/FPGA_EPFL/sw/nios/fpga_intro_bsp/\libhal_bsp.a(alt_alarm_start.o)
 .debug_abbrev  0x0000000000000f68      0x11f D:/Temp/VHDL/FPGA_EPFL/sw/nios/fpga_intro_bsp/\libhal_bsp.a(alt_close.o)
 .debug_abbrev  0x0000000000001087       0x5a D:/Temp/VHDL/FPGA_EPFL/sw/nios/fpga_intro_bsp/\libhal_bsp.a(alt_dcache_flush_all.o)
 .debug_abbrev  0x00000000000010e1       0xd9 D:/Temp/VHDL/FPGA_EPFL/sw/nios/fpga_intro_bsp/\libhal_bsp.a(alt_dev.o)
 .debug_abbrev  0x00000000000011ba      0x114 D:/Temp/VHDL/FPGA_EPFL/sw/nios/fpga_intro_bsp/\libhal_bsp.a(alt_dev_llist_insert.o)
 .debug_abbrev  0x00000000000012ce       0x79 D:/Temp/VHDL/FPGA_EPFL/sw/nios/fpga_intro_bsp/\libhal_bsp.a(alt_do_ctors.o)
 .debug_abbrev  0x0000000000001347       0x79 D:/Temp/VHDL/FPGA_EPFL/sw/nios/fpga_intro_bsp/\libhal_bsp.a(alt_do_dtors.o)
 .debug_abbrev  0x00000000000013c0       0x5a D:/Temp/VHDL/FPGA_EPFL/sw/nios/fpga_intro_bsp/\libhal_bsp.a(alt_errno.o)
 .debug_abbrev  0x000000000000141a       0x42 D:/Temp/VHDL/FPGA_EPFL/sw/nios/fpga_intro_bsp/\libhal_bsp.a(alt_icache_flush_all.o)
 .debug_abbrev  0x000000000000145c      0x163 D:/Temp/VHDL/FPGA_EPFL/sw/nios/fpga_intro_bsp/\libhal_bsp.a(alt_iic.o)
 .debug_abbrev  0x00000000000015bf      0x169 D:/Temp/VHDL/FPGA_EPFL/sw/nios/fpga_intro_bsp/\libhal_bsp.a(alt_iic_isr_register.o)
 .debug_abbrev  0x0000000000001728      0x114 D:/Temp/VHDL/FPGA_EPFL/sw/nios/fpga_intro_bsp/\libhal_bsp.a(alt_io_redirect.o)
 .debug_abbrev  0x000000000000183c       0x12 D:/Temp/VHDL/FPGA_EPFL/sw/nios/fpga_intro_bsp/\libhal_bsp.a(alt_irq_entry.o)
 .debug_abbrev  0x000000000000184e      0x122 D:/Temp/VHDL/FPGA_EPFL/sw/nios/fpga_intro_bsp/\libhal_bsp.a(alt_irq_handler.o)
 .debug_abbrev  0x0000000000001970       0x40 D:/Temp/VHDL/FPGA_EPFL/sw/nios/fpga_intro_bsp/\libhal_bsp.a(alt_irq_vars.o)
 .debug_abbrev  0x00000000000019b0      0x148 D:/Temp/VHDL/FPGA_EPFL/sw/nios/fpga_intro_bsp/\libhal_bsp.a(alt_open.o)
 .debug_abbrev  0x0000000000001af8       0xde D:/Temp/VHDL/FPGA_EPFL/sw/nios/fpga_intro_bsp/\libhal_bsp.a(alt_release_fd.o)
 .debug_abbrev  0x0000000000001bd6      0x15a D:/Temp/VHDL/FPGA_EPFL/sw/nios/fpga_intro_bsp/\libhal_bsp.a(alt_tick.o)
 .debug_abbrev  0x0000000000001d30       0x42 D:/Temp/VHDL/FPGA_EPFL/sw/nios/fpga_intro_bsp/\libhal_bsp.a(altera_nios2_gen2_irq.o)
 .debug_abbrev  0x0000000000001d72       0x12 D:/Temp/VHDL/FPGA_EPFL/sw/nios/fpga_intro_bsp/\libhal_bsp.a(alt_exception_entry.o)
 .debug_abbrev  0x0000000000001d84       0xf0 D:/Temp/VHDL/FPGA_EPFL/sw/nios/fpga_intro_bsp/\libhal_bsp.a(alt_find_dev.o)
 .debug_abbrev  0x0000000000001e74       0xf0 D:/Temp/VHDL/FPGA_EPFL/sw/nios/fpga_intro_bsp/\libhal_bsp.a(alt_find_file.o)
 .debug_abbrev  0x0000000000001f64      0x10d D:/Temp/VHDL/FPGA_EPFL/sw/nios/fpga_intro_bsp/\libhal_bsp.a(alt_get_fd.o)
 .debug_abbrev  0x0000000000002071       0x8c D:/Temp/VHDL/FPGA_EPFL/sw/nios/fpga_intro_bsp/\libhal_bsp.a(alt_icache_flush.o)
 .debug_abbrev  0x00000000000020fd       0xdc D:/Temp/VHDL/FPGA_EPFL/sw/nios/fpga_intro_bsp/\libhal_bsp.a(alt_instruction_exception_entry.o)
 .debug_abbrev  0x00000000000021d9       0xaa d:/logiciels/altera_lite/16.0/nios2eds/bin/gnu/h-x86_64-mingw32/bin/../lib/gcc/nios2-elf/5.2.0/../../../../../H-x86_64-mingw32/nios2-elf/lib\libc.a(lib_a-atexit.o)
 .debug_abbrev  0x0000000000002283      0x1e5 d:/logiciels/altera_lite/16.0/nios2eds/bin/gnu/h-x86_64-mingw32/bin/../lib/gcc/nios2-elf/5.2.0/../../../../../H-x86_64-mingw32/nios2-elf/lib\libc.a(lib_a-exit.o)
 .debug_abbrev  0x0000000000002468      0x18f d:/logiciels/altera_lite/16.0/nios2eds/bin/gnu/h-x86_64-mingw32/bin/../lib/gcc/nios2-elf/5.2.0/../../../../../H-x86_64-mingw32/nios2-elf/lib\libc.a(lib_a-impure.o)
 .debug_abbrev  0x00000000000025f7       0x37 d:/logiciels/altera_lite/16.0/nios2eds/bin/gnu/h-x86_64-mingw32/bin/../lib/gcc/nios2-elf/5.2.0/../../../../../H-x86_64-mingw32/nios2-elf/lib\libc.a(lib_a-int_errno.o)
 .debug_abbrev  0x000000000000262e       0x7f d:/logiciels/altera_lite/16.0/nios2eds/bin/gnu/h-x86_64-mingw32/bin/../lib/gcc/nios2-elf/5.2.0/../../../../../H-x86_64-mingw32/nios2-elf/lib\libc.a(lib_a-memcmp.o)
 .debug_abbrev  0x00000000000026ad       0xa3 d:/logiciels/altera_lite/16.0/nios2eds/bin/gnu/h-x86_64-mingw32/bin/../lib/gcc/nios2-elf/5.2.0/../../../../../H-x86_64-mingw32/nios2-elf/lib\libc.a(lib_a-memcpy.o)
 .debug_abbrev  0x0000000000002750       0x90 d:/logiciels/altera_lite/16.0/nios2eds/bin/gnu/h-x86_64-mingw32/bin/../lib/gcc/nios2-elf/5.2.0/../../../../../H-x86_64-mingw32/nios2-elf/lib\libc.a(lib_a-strlen.o)
 .debug_abbrev  0x00000000000027e0      0x21e d:/logiciels/altera_lite/16.0/nios2eds/bin/gnu/h-x86_64-mingw32/bin/../lib/gcc/nios2-elf/5.2.0/../../../../../H-x86_64-mingw32/nios2-elf/lib\libc.a(lib_a-__atexit.o)
 .debug_abbrev  0x00000000000029fe      0x22e d:/logiciels/altera_lite/16.0/nios2eds/bin/gnu/h-x86_64-mingw32/bin/../lib/gcc/nios2-elf/5.2.0/../../../../../H-x86_64-mingw32/nios2-elf/lib\libc.a(lib_a-__call_atexit.o)
 .debug_abbrev  0x0000000000002c2c       0xa9 D:/Temp/VHDL/FPGA_EPFL/sw/nios/fpga_intro_bsp/\libhal_bsp.a(alt_exit.o)

.debug_line     0x0000000000000000     0x2f29
 *(.debug_line)
 .debug_line    0x0000000000000000       0x72 D:/Temp/VHDL/FPGA_EPFL/sw/nios/fpga_intro_bsp//obj/HAL/src/crt0.o
 .debug_line    0x0000000000000072       0x95 obj/default/hello_world.o
 .debug_line    0x0000000000000107      0x37b d:/logiciels/altera_lite/16.0/nios2eds/bin/gnu/h-x86_64-mingw32/bin/../lib/gcc/nios2-elf/5.2.0\libgcc.a(adddf3.o)
 .debug_line    0x0000000000000482       0xe3 d:/logiciels/altera_lite/16.0/nios2eds/bin/gnu/h-x86_64-mingw32/bin/../lib/gcc/nios2-elf/5.2.0\libgcc.a(ledf2.o)
 .debug_line    0x0000000000000565       0xb7 d:/logiciels/altera_lite/16.0/nios2eds/bin/gnu/h-x86_64-mingw32/bin/../lib/gcc/nios2-elf/5.2.0\libgcc.a(_clzsi2.o)
 .debug_line    0x000000000000061c       0x53 d:/logiciels/altera_lite/16.0/nios2eds/bin/gnu/h-x86_64-mingw32/bin/../lib/gcc/nios2-elf/5.2.0\libgcc.a(_clz.o)
 .debug_line    0x000000000000066f       0x8e D:/Temp/VHDL/FPGA_EPFL/sw/nios/fpga_intro_bsp/\libhal_bsp.a(alt_load.o)
 .debug_line    0x00000000000006fd       0xa4 D:/Temp/VHDL/FPGA_EPFL/sw/nios/fpga_intro_bsp/\libhal_bsp.a(alt_main.o)
 .debug_line    0x00000000000007a1      0x136 D:/Temp/VHDL/FPGA_EPFL/sw/nios/fpga_intro_bsp/\libhal_bsp.a(alt_sys_init.o)
 .debug_line    0x00000000000008d7      0x12f D:/Temp/VHDL/FPGA_EPFL/sw/nios/fpga_intro_bsp/\libhal_bsp.a(altera_avalon_jtag_uart_fd.o)
 .debug_line    0x0000000000000a06      0x18b D:/Temp/VHDL/FPGA_EPFL/sw/nios/fpga_intro_bsp/\libhal_bsp.a(altera_avalon_jtag_uart_init.o)
 .debug_line    0x0000000000000b91      0x131 D:/Temp/VHDL/FPGA_EPFL/sw/nios/fpga_intro_bsp/\libhal_bsp.a(altera_avalon_jtag_uart_ioctl.o)
 .debug_line    0x0000000000000cc2      0x171 D:/Temp/VHDL/FPGA_EPFL/sw/nios/fpga_intro_bsp/\libhal_bsp.a(altera_avalon_jtag_uart_read.o)
 .debug_line    0x0000000000000e33      0x170 D:/Temp/VHDL/FPGA_EPFL/sw/nios/fpga_intro_bsp/\libhal_bsp.a(altera_avalon_jtag_uart_write.o)
 .debug_line    0x0000000000000fa3       0xfa D:/Temp/VHDL/FPGA_EPFL/sw/nios/fpga_intro_bsp/\libhal_bsp.a(alt_alarm_start.o)
 .debug_line    0x000000000000109d      0x16d D:/Temp/VHDL/FPGA_EPFL/sw/nios/fpga_intro_bsp/\libhal_bsp.a(alt_close.o)
 .debug_line    0x000000000000120a       0x61 D:/Temp/VHDL/FPGA_EPFL/sw/nios/fpga_intro_bsp/\libhal_bsp.a(alt_dcache_flush_all.o)
 .debug_line    0x000000000000126b       0xff D:/Temp/VHDL/FPGA_EPFL/sw/nios/fpga_intro_bsp/\libhal_bsp.a(alt_dev.o)
 .debug_line    0x000000000000136a       0xd0 D:/Temp/VHDL/FPGA_EPFL/sw/nios/fpga_intro_bsp/\libhal_bsp.a(alt_dev_llist_insert.o)
 .debug_line    0x000000000000143a       0x59 D:/Temp/VHDL/FPGA_EPFL/sw/nios/fpga_intro_bsp/\libhal_bsp.a(alt_do_ctors.o)
 .debug_line    0x0000000000001493       0x59 D:/Temp/VHDL/FPGA_EPFL/sw/nios/fpga_intro_bsp/\libhal_bsp.a(alt_do_dtors.o)
 .debug_line    0x00000000000014ec       0x51 D:/Temp/VHDL/FPGA_EPFL/sw/nios/fpga_intro_bsp/\libhal_bsp.a(alt_errno.o)
 .debug_line    0x000000000000153d       0x50 D:/Temp/VHDL/FPGA_EPFL/sw/nios/fpga_intro_bsp/\libhal_bsp.a(alt_icache_flush_all.o)
 .debug_line    0x000000000000158d       0xef D:/Temp/VHDL/FPGA_EPFL/sw/nios/fpga_intro_bsp/\libhal_bsp.a(alt_iic.o)
 .debug_line    0x000000000000167c       0xdb D:/Temp/VHDL/FPGA_EPFL/sw/nios/fpga_intro_bsp/\libhal_bsp.a(alt_iic_isr_register.o)
 .debug_line    0x0000000000001757      0x13a D:/Temp/VHDL/FPGA_EPFL/sw/nios/fpga_intro_bsp/\libhal_bsp.a(alt_io_redirect.o)
 .debug_line    0x0000000000001891       0x6b D:/Temp/VHDL/FPGA_EPFL/sw/nios/fpga_intro_bsp/\libhal_bsp.a(alt_irq_entry.o)
 .debug_line    0x00000000000018fc       0xaa D:/Temp/VHDL/FPGA_EPFL/sw/nios/fpga_intro_bsp/\libhal_bsp.a(alt_irq_handler.o)
 .debug_line    0x00000000000019a6       0x50 D:/Temp/VHDL/FPGA_EPFL/sw/nios/fpga_intro_bsp/\libhal_bsp.a(alt_irq_vars.o)
 .debug_line    0x00000000000019f6      0x12a D:/Temp/VHDL/FPGA_EPFL/sw/nios/fpga_intro_bsp/\libhal_bsp.a(alt_open.o)
 .debug_line    0x0000000000001b20       0xae D:/Temp/VHDL/FPGA_EPFL/sw/nios/fpga_intro_bsp/\libhal_bsp.a(alt_release_fd.o)
 .debug_line    0x0000000000001bce       0xff D:/Temp/VHDL/FPGA_EPFL/sw/nios/fpga_intro_bsp/\libhal_bsp.a(alt_tick.o)
 .debug_line    0x0000000000001ccd       0x51 D:/Temp/VHDL/FPGA_EPFL/sw/nios/fpga_intro_bsp/\libhal_bsp.a(altera_nios2_gen2_irq.o)
 .debug_line    0x0000000000001d1e       0xb3 D:/Temp/VHDL/FPGA_EPFL/sw/nios/fpga_intro_bsp/\libhal_bsp.a(alt_exception_entry.o)
 .debug_line    0x0000000000001dd1       0xb5 D:/Temp/VHDL/FPGA_EPFL/sw/nios/fpga_intro_bsp/\libhal_bsp.a(alt_find_dev.o)
 .debug_line    0x0000000000001e86       0xd1 D:/Temp/VHDL/FPGA_EPFL/sw/nios/fpga_intro_bsp/\libhal_bsp.a(alt_find_file.o)
 .debug_line    0x0000000000001f57       0xd5 D:/Temp/VHDL/FPGA_EPFL/sw/nios/fpga_intro_bsp/\libhal_bsp.a(alt_get_fd.o)
 .debug_line    0x000000000000202c       0x81 D:/Temp/VHDL/FPGA_EPFL/sw/nios/fpga_intro_bsp/\libhal_bsp.a(alt_icache_flush.o)
 .debug_line    0x00000000000020ad       0xba D:/Temp/VHDL/FPGA_EPFL/sw/nios/fpga_intro_bsp/\libhal_bsp.a(alt_instruction_exception_entry.o)
 .debug_line    0x0000000000002167       0xe4 d:/logiciels/altera_lite/16.0/nios2eds/bin/gnu/h-x86_64-mingw32/bin/../lib/gcc/nios2-elf/5.2.0/../../../../../H-x86_64-mingw32/nios2-elf/lib\libc.a(lib_a-atexit.o)
 .debug_line    0x000000000000224b      0x1f9 d:/logiciels/altera_lite/16.0/nios2eds/bin/gnu/h-x86_64-mingw32/bin/../lib/gcc/nios2-elf/5.2.0/../../../../../H-x86_64-mingw32/nios2-elf/lib\libc.a(lib_a-exit.o)
 .debug_line    0x0000000000002444      0x15d d:/logiciels/altera_lite/16.0/nios2eds/bin/gnu/h-x86_64-mingw32/bin/../lib/gcc/nios2-elf/5.2.0/../../../../../H-x86_64-mingw32/nios2-elf/lib\libc.a(lib_a-impure.o)
 .debug_line    0x00000000000025a1       0x5c d:/logiciels/altera_lite/16.0/nios2eds/bin/gnu/h-x86_64-mingw32/bin/../lib/gcc/nios2-elf/5.2.0/../../../../../H-x86_64-mingw32/nios2-elf/lib\libc.a(lib_a-int_errno.o)
 .debug_line    0x00000000000025fd      0x173 d:/logiciels/altera_lite/16.0/nios2eds/bin/gnu/h-x86_64-mingw32/bin/../lib/gcc/nios2-elf/5.2.0/../../../../../H-x86_64-mingw32/nios2-elf/lib\libc.a(lib_a-memcmp.o)
 .debug_line    0x0000000000002770      0x189 d:/logiciels/altera_lite/16.0/nios2eds/bin/gnu/h-x86_64-mingw32/bin/../lib/gcc/nios2-elf/5.2.0/../../../../../H-x86_64-mingw32/nios2-elf/lib\libc.a(lib_a-memcpy.o)
 .debug_line    0x00000000000028f9      0x16c d:/logiciels/altera_lite/16.0/nios2eds/bin/gnu/h-x86_64-mingw32/bin/../lib/gcc/nios2-elf/5.2.0/../../../../../H-x86_64-mingw32/nios2-elf/lib\libc.a(lib_a-strlen.o)
 .debug_line    0x0000000000002a65      0x21c d:/logiciels/altera_lite/16.0/nios2eds/bin/gnu/h-x86_64-mingw32/bin/../lib/gcc/nios2-elf/5.2.0/../../../../../H-x86_64-mingw32/nios2-elf/lib\libc.a(lib_a-__atexit.o)
 .debug_line    0x0000000000002c81      0x237 d:/logiciels/altera_lite/16.0/nios2eds/bin/gnu/h-x86_64-mingw32/bin/../lib/gcc/nios2-elf/5.2.0/../../../../../H-x86_64-mingw32/nios2-elf/lib\libc.a(lib_a-__call_atexit.o)
 .debug_line    0x0000000000002eb8       0x71 D:/Temp/VHDL/FPGA_EPFL/sw/nios/fpga_intro_bsp/\libhal_bsp.a(alt_exit.o)

.debug_frame    0x0000000000000000      0xb2c
 *(.debug_frame)
 .debug_frame   0x0000000000000000       0x38 obj/default/hello_world.o
 .debug_frame   0x0000000000000038       0x40 d:/logiciels/altera_lite/16.0/nios2eds/bin/gnu/h-x86_64-mingw32/bin/../lib/gcc/nios2-elf/5.2.0\libgcc.a(adddf3.o)
 .debug_frame   0x0000000000000078       0x20 d:/logiciels/altera_lite/16.0/nios2eds/bin/gnu/h-x86_64-mingw32/bin/../lib/gcc/nios2-elf/5.2.0\libgcc.a(ledf2.o)
 .debug_frame   0x0000000000000098       0x20 d:/logiciels/altera_lite/16.0/nios2eds/bin/gnu/h-x86_64-mingw32/bin/../lib/gcc/nios2-elf/5.2.0\libgcc.a(_clzsi2.o)
 .debug_frame   0x00000000000000b8       0x5c D:/Temp/VHDL/FPGA_EPFL/sw/nios/fpga_intro_bsp/\libhal_bsp.a(alt_load.o)
 .debug_frame   0x0000000000000114       0x2c D:/Temp/VHDL/FPGA_EPFL/sw/nios/fpga_intro_bsp/\libhal_bsp.a(alt_main.o)
 .debug_frame   0x0000000000000140       0x88 D:/Temp/VHDL/FPGA_EPFL/sw/nios/fpga_intro_bsp/\libhal_bsp.a(alt_sys_init.o)
 .debug_frame   0x00000000000001c8       0xb0 D:/Temp/VHDL/FPGA_EPFL/sw/nios/fpga_intro_bsp/\libhal_bsp.a(altera_avalon_jtag_uart_fd.o)
 .debug_frame   0x0000000000000278       0xa4 D:/Temp/VHDL/FPGA_EPFL/sw/nios/fpga_intro_bsp/\libhal_bsp.a(altera_avalon_jtag_uart_init.o)
 .debug_frame   0x000000000000031c       0x34 D:/Temp/VHDL/FPGA_EPFL/sw/nios/fpga_intro_bsp/\libhal_bsp.a(altera_avalon_jtag_uart_ioctl.o)
 .debug_frame   0x0000000000000350       0x38 D:/Temp/VHDL/FPGA_EPFL/sw/nios/fpga_intro_bsp/\libhal_bsp.a(altera_avalon_jtag_uart_read.o)
 .debug_frame   0x0000000000000388       0x38 D:/Temp/VHDL/FPGA_EPFL/sw/nios/fpga_intro_bsp/\libhal_bsp.a(altera_avalon_jtag_uart_write.o)
 .debug_frame   0x00000000000003c0       0x34 D:/Temp/VHDL/FPGA_EPFL/sw/nios/fpga_intro_bsp/\libhal_bsp.a(alt_alarm_start.o)
 .debug_frame   0x00000000000003f4       0x60 D:/Temp/VHDL/FPGA_EPFL/sw/nios/fpga_intro_bsp/\libhal_bsp.a(alt_close.o)
 .debug_frame   0x0000000000000454       0x34 D:/Temp/VHDL/FPGA_EPFL/sw/nios/fpga_intro_bsp/\libhal_bsp.a(alt_dcache_flush_all.o)
 .debug_frame   0x0000000000000488       0x34 D:/Temp/VHDL/FPGA_EPFL/sw/nios/fpga_intro_bsp/\libhal_bsp.a(alt_dev.o)
 .debug_frame   0x00000000000004bc       0x60 D:/Temp/VHDL/FPGA_EPFL/sw/nios/fpga_intro_bsp/\libhal_bsp.a(alt_dev_llist_insert.o)
 .debug_frame   0x000000000000051c       0x38 D:/Temp/VHDL/FPGA_EPFL/sw/nios/fpga_intro_bsp/\libhal_bsp.a(alt_do_ctors.o)
 .debug_frame   0x0000000000000554       0x38 D:/Temp/VHDL/FPGA_EPFL/sw/nios/fpga_intro_bsp/\libhal_bsp.a(alt_do_dtors.o)
 .debug_frame   0x000000000000058c       0x38 D:/Temp/VHDL/FPGA_EPFL/sw/nios/fpga_intro_bsp/\libhal_bsp.a(alt_icache_flush_all.o)
 .debug_frame   0x00000000000005c4       0xa4 D:/Temp/VHDL/FPGA_EPFL/sw/nios/fpga_intro_bsp/\libhal_bsp.a(alt_iic.o)
 .debug_frame   0x0000000000000668       0x38 D:/Temp/VHDL/FPGA_EPFL/sw/nios/fpga_intro_bsp/\libhal_bsp.a(alt_iic_isr_register.o)
 .debug_frame   0x00000000000006a0       0x60 D:/Temp/VHDL/FPGA_EPFL/sw/nios/fpga_intro_bsp/\libhal_bsp.a(alt_io_redirect.o)
 .debug_frame   0x0000000000000700       0x38 D:/Temp/VHDL/FPGA_EPFL/sw/nios/fpga_intro_bsp/\libhal_bsp.a(alt_irq_handler.o)
 .debug_frame   0x0000000000000738       0x84 D:/Temp/VHDL/FPGA_EPFL/sw/nios/fpga_intro_bsp/\libhal_bsp.a(alt_open.o)
 .debug_frame   0x00000000000007bc       0x34 D:/Temp/VHDL/FPGA_EPFL/sw/nios/fpga_intro_bsp/\libhal_bsp.a(alt_release_fd.o)
 .debug_frame   0x00000000000007f0       0x5c D:/Temp/VHDL/FPGA_EPFL/sw/nios/fpga_intro_bsp/\libhal_bsp.a(alt_tick.o)
 .debug_frame   0x000000000000084c       0x34 D:/Temp/VHDL/FPGA_EPFL/sw/nios/fpga_intro_bsp/\libhal_bsp.a(altera_nios2_gen2_irq.o)
 .debug_frame   0x0000000000000880       0x38 D:/Temp/VHDL/FPGA_EPFL/sw/nios/fpga_intro_bsp/\libhal_bsp.a(alt_find_dev.o)
 .debug_frame   0x00000000000008b8       0x38 D:/Temp/VHDL/FPGA_EPFL/sw/nios/fpga_intro_bsp/\libhal_bsp.a(alt_find_file.o)
 .debug_frame   0x00000000000008f0       0x34 D:/Temp/VHDL/FPGA_EPFL/sw/nios/fpga_intro_bsp/\libhal_bsp.a(alt_get_fd.o)
 .debug_frame   0x0000000000000924       0x34 D:/Temp/VHDL/FPGA_EPFL/sw/nios/fpga_intro_bsp/\libhal_bsp.a(alt_icache_flush.o)
 .debug_frame   0x0000000000000958       0x5c D:/Temp/VHDL/FPGA_EPFL/sw/nios/fpga_intro_bsp/\libhal_bsp.a(alt_instruction_exception_entry.o)
 .debug_frame   0x00000000000009b4       0x20 d:/logiciels/altera_lite/16.0/nios2eds/bin/gnu/h-x86_64-mingw32/bin/../lib/gcc/nios2-elf/5.2.0/../../../../../H-x86_64-mingw32/nios2-elf/lib\libc.a(lib_a-atexit.o)
 .debug_frame   0x00000000000009d4       0x28 d:/logiciels/altera_lite/16.0/nios2eds/bin/gnu/h-x86_64-mingw32/bin/../lib/gcc/nios2-elf/5.2.0/../../../../../H-x86_64-mingw32/nios2-elf/lib\libc.a(lib_a-exit.o)
 .debug_frame   0x00000000000009fc       0x20 d:/logiciels/altera_lite/16.0/nios2eds/bin/gnu/h-x86_64-mingw32/bin/../lib/gcc/nios2-elf/5.2.0/../../../../../H-x86_64-mingw32/nios2-elf/lib\libc.a(lib_a-memcmp.o)
 .debug_frame   0x0000000000000a1c       0x38 d:/logiciels/altera_lite/16.0/nios2eds/bin/gnu/h-x86_64-mingw32/bin/../lib/gcc/nios2-elf/5.2.0/../../../../../H-x86_64-mingw32/nios2-elf/lib\libc.a(lib_a-memcpy.o)
 .debug_frame   0x0000000000000a54       0x20 d:/logiciels/altera_lite/16.0/nios2eds/bin/gnu/h-x86_64-mingw32/bin/../lib/gcc/nios2-elf/5.2.0/../../../../../H-x86_64-mingw32/nios2-elf/lib\libc.a(lib_a-strlen.o)
 .debug_frame   0x0000000000000a74       0x38 d:/logiciels/altera_lite/16.0/nios2eds/bin/gnu/h-x86_64-mingw32/bin/../lib/gcc/nios2-elf/5.2.0/../../../../../H-x86_64-mingw32/nios2-elf/lib\libc.a(lib_a-__atexit.o)
 .debug_frame   0x0000000000000aac       0x54 d:/logiciels/altera_lite/16.0/nios2eds/bin/gnu/h-x86_64-mingw32/bin/../lib/gcc/nios2-elf/5.2.0/../../../../../H-x86_64-mingw32/nios2-elf/lib\libc.a(lib_a-__call_atexit.o)
 .debug_frame   0x0000000000000b00       0x2c D:/Temp/VHDL/FPGA_EPFL/sw/nios/fpga_intro_bsp/\libhal_bsp.a(alt_exit.o)

.debug_str      0x0000000000000000     0x1cda
 *(.debug_str)
 .debug_str     0x0000000000000000       0xdb obj/default/hello_world.o
                                        0x120 (size before relaxing)
 .debug_str     0x00000000000000db      0x209 d:/logiciels/altera_lite/16.0/nios2eds/bin/gnu/h-x86_64-mingw32/bin/../lib/gcc/nios2-elf/5.2.0\libgcc.a(adddf3.o)
                                        0x28f (size before relaxing)
 .debug_str     0x00000000000002e4       0x58 d:/logiciels/altera_lite/16.0/nios2eds/bin/gnu/h-x86_64-mingw32/bin/../lib/gcc/nios2-elf/5.2.0\libgcc.a(ledf2.o)
                                        0x219 (size before relaxing)
 .debug_str     0x000000000000033c       0x6b d:/logiciels/altera_lite/16.0/nios2eds/bin/gnu/h-x86_64-mingw32/bin/../lib/gcc/nios2-elf/5.2.0\libgcc.a(_clzsi2.o)
                                        0x1e6 (size before relaxing)
 .debug_str     0x00000000000003a7      0x1c9 d:/logiciels/altera_lite/16.0/nios2eds/bin/gnu/h-x86_64-mingw32/bin/../lib/gcc/nios2-elf/5.2.0\libgcc.a(_clz.o)
 .debug_str     0x00000000000003a7      0x164 D:/Temp/VHDL/FPGA_EPFL/sw/nios/fpga_intro_bsp/\libhal_bsp.a(alt_load.o)
                                        0x202 (size before relaxing)
 .debug_str     0x000000000000050b       0x70 D:/Temp/VHDL/FPGA_EPFL/sw/nios/fpga_intro_bsp/\libhal_bsp.a(alt_main.o)
                                        0x18d (size before relaxing)
 .debug_str     0x000000000000057b      0x19b D:/Temp/VHDL/FPGA_EPFL/sw/nios/fpga_intro_bsp/\libhal_bsp.a(alt_sys_init.o)
                                        0x348 (size before relaxing)
 .debug_str     0x0000000000000716       0xb9 D:/Temp/VHDL/FPGA_EPFL/sw/nios/fpga_intro_bsp/\libhal_bsp.a(altera_avalon_jtag_uart_fd.o)
                                        0x394 (size before relaxing)
 .debug_str     0x00000000000007cf       0xd1 D:/Temp/VHDL/FPGA_EPFL/sw/nios/fpga_intro_bsp/\libhal_bsp.a(altera_avalon_jtag_uart_init.o)
                                        0x328 (size before relaxing)
 .debug_str     0x00000000000008a0       0x4a D:/Temp/VHDL/FPGA_EPFL/sw/nios/fpga_intro_bsp/\libhal_bsp.a(altera_avalon_jtag_uart_ioctl.o)
                                        0x283 (size before relaxing)
 .debug_str     0x00000000000008ea       0x7f D:/Temp/VHDL/FPGA_EPFL/sw/nios/fpga_intro_bsp/\libhal_bsp.a(altera_avalon_jtag_uart_read.o)
                                        0x2d8 (size before relaxing)
 .debug_str     0x0000000000000969       0x4a D:/Temp/VHDL/FPGA_EPFL/sw/nios/fpga_intro_bsp/\libhal_bsp.a(altera_avalon_jtag_uart_write.o)
                                        0x2d9 (size before relaxing)
 .debug_str     0x00000000000009b3       0x59 D:/Temp/VHDL/FPGA_EPFL/sw/nios/fpga_intro_bsp/\libhal_bsp.a(alt_alarm_start.o)
                                        0x26e (size before relaxing)
 .debug_str     0x0000000000000a0c       0x44 D:/Temp/VHDL/FPGA_EPFL/sw/nios/fpga_intro_bsp/\libhal_bsp.a(alt_close.o)
                                        0x1fb (size before relaxing)
 .debug_str     0x0000000000000a50       0x34 D:/Temp/VHDL/FPGA_EPFL/sw/nios/fpga_intro_bsp/\libhal_bsp.a(alt_dcache_flush_all.o)
                                        0x145 (size before relaxing)
 .debug_str     0x0000000000000a84      0x120 D:/Temp/VHDL/FPGA_EPFL/sw/nios/fpga_intro_bsp/\libhal_bsp.a(alt_dev.o)
                                        0x2f5 (size before relaxing)
 .debug_str     0x0000000000000ba4       0x34 D:/Temp/VHDL/FPGA_EPFL/sw/nios/fpga_intro_bsp/\libhal_bsp.a(alt_dev_llist_insert.o)
                                        0x1bc (size before relaxing)
 .debug_str     0x0000000000000bd8       0x48 D:/Temp/VHDL/FPGA_EPFL/sw/nios/fpga_intro_bsp/\libhal_bsp.a(alt_do_ctors.o)
                                         0xc0 (size before relaxing)
 .debug_str     0x0000000000000c20       0x4c D:/Temp/VHDL/FPGA_EPFL/sw/nios/fpga_intro_bsp/\libhal_bsp.a(alt_do_dtors.o)
                                         0xbf (size before relaxing)
 .debug_str     0x0000000000000c6c       0x14 D:/Temp/VHDL/FPGA_EPFL/sw/nios/fpga_intro_bsp/\libhal_bsp.a(alt_errno.o)
                                        0x135 (size before relaxing)
 .debug_str     0x0000000000000c80       0x34 D:/Temp/VHDL/FPGA_EPFL/sw/nios/fpga_intro_bsp/\libhal_bsp.a(alt_icache_flush_all.o)
                                        0x145 (size before relaxing)
 .debug_str     0x0000000000000cb4       0xc4 D:/Temp/VHDL/FPGA_EPFL/sw/nios/fpga_intro_bsp/\libhal_bsp.a(alt_iic.o)
                                        0x22e (size before relaxing)
 .debug_str     0x0000000000000d78       0x4c D:/Temp/VHDL/FPGA_EPFL/sw/nios/fpga_intro_bsp/\libhal_bsp.a(alt_iic_isr_register.o)
                                        0x1d8 (size before relaxing)
 .debug_str     0x0000000000000dc4       0x56 D:/Temp/VHDL/FPGA_EPFL/sw/nios/fpga_intro_bsp/\libhal_bsp.a(alt_io_redirect.o)
                                        0x306 (size before relaxing)
 .debug_str     0x0000000000000e1a       0x3a D:/Temp/VHDL/FPGA_EPFL/sw/nios/fpga_intro_bsp/\libhal_bsp.a(alt_irq_handler.o)
                                        0x187 (size before relaxing)
 .debug_str     0x0000000000000e54       0x17 D:/Temp/VHDL/FPGA_EPFL/sw/nios/fpga_intro_bsp/\libhal_bsp.a(alt_irq_vars.o)
                                        0x12a (size before relaxing)
 .debug_str     0x0000000000000e6b       0x2f D:/Temp/VHDL/FPGA_EPFL/sw/nios/fpga_intro_bsp/\libhal_bsp.a(alt_open.o)
                                        0x23b (size before relaxing)
 .debug_str     0x0000000000000e9a       0x28 D:/Temp/VHDL/FPGA_EPFL/sw/nios/fpga_intro_bsp/\libhal_bsp.a(alt_release_fd.o)
                                        0x1c3 (size before relaxing)
 .debug_str     0x0000000000000ec2       0x4a D:/Temp/VHDL/FPGA_EPFL/sw/nios/fpga_intro_bsp/\libhal_bsp.a(alt_tick.o)
                                        0x242 (size before relaxing)
 .debug_str     0x0000000000000f0c       0x3b D:/Temp/VHDL/FPGA_EPFL/sw/nios/fpga_intro_bsp/\libhal_bsp.a(altera_nios2_gen2_irq.o)
                                        0x14c (size before relaxing)
 .debug_str     0x0000000000000f47       0x24 D:/Temp/VHDL/FPGA_EPFL/sw/nios/fpga_intro_bsp/\libhal_bsp.a(alt_find_dev.o)
                                        0x1dc (size before relaxing)
 .debug_str     0x0000000000000f6b       0x26 D:/Temp/VHDL/FPGA_EPFL/sw/nios/fpga_intro_bsp/\libhal_bsp.a(alt_find_file.o)
                                        0x1ea (size before relaxing)
 .debug_str     0x0000000000000f91       0x30 D:/Temp/VHDL/FPGA_EPFL/sw/nios/fpga_intro_bsp/\libhal_bsp.a(alt_get_fd.o)
                                        0x20c (size before relaxing)
 .debug_str     0x0000000000000fc1       0x2c D:/Temp/VHDL/FPGA_EPFL/sw/nios/fpga_intro_bsp/\libhal_bsp.a(alt_icache_flush.o)
                                        0x14b (size before relaxing)
 .debug_str     0x0000000000000fed      0x48b D:/Temp/VHDL/FPGA_EPFL/sw/nios/fpga_intro_bsp/\libhal_bsp.a(alt_instruction_exception_entry.o)
                                        0x590 (size before relaxing)
 .debug_str     0x0000000000001478      0x162 d:/logiciels/altera_lite/16.0/nios2eds/bin/gnu/h-x86_64-mingw32/bin/../lib/gcc/nios2-elf/5.2.0/../../../../../H-x86_64-mingw32/nios2-elf/lib\libc.a(lib_a-atexit.o)
                                        0x207 (size before relaxing)
 .debug_str     0x00000000000015da      0x3b2 d:/logiciels/altera_lite/16.0/nios2eds/bin/gnu/h-x86_64-mingw32/bin/../lib/gcc/nios2-elf/5.2.0/../../../../../H-x86_64-mingw32/nios2-elf/lib\libc.a(lib_a-exit.o)
                                        0x5a4 (size before relaxing)
 .debug_str     0x000000000000198c       0xc8 d:/logiciels/altera_lite/16.0/nios2eds/bin/gnu/h-x86_64-mingw32/bin/../lib/gcc/nios2-elf/5.2.0/../../../../../H-x86_64-mingw32/nios2-elf/lib\libc.a(lib_a-impure.o)
                                        0x59b (size before relaxing)
 .debug_str     0x0000000000001a54       0x3c d:/logiciels/altera_lite/16.0/nios2eds/bin/gnu/h-x86_64-mingw32/bin/../lib/gcc/nios2-elf/5.2.0/../../../../../H-x86_64-mingw32/nios2-elf/lib\libc.a(lib_a-int_errno.o)
                                        0x1c3 (size before relaxing)
 .debug_str     0x0000000000001a90       0xcc d:/logiciels/altera_lite/16.0/nios2eds/bin/gnu/h-x86_64-mingw32/bin/../lib/gcc/nios2-elf/5.2.0/../../../../../H-x86_64-mingw32/nios2-elf/lib\libc.a(lib_a-memcmp.o)
                                        0x1ca (size before relaxing)
 .debug_str     0x0000000000001b5c       0x68 d:/logiciels/altera_lite/16.0/nios2eds/bin/gnu/h-x86_64-mingw32/bin/../lib/gcc/nios2-elf/5.2.0/../../../../../H-x86_64-mingw32/nios2-elf/lib\libc.a(lib_a-memcpy.o)
                                        0x1f1 (size before relaxing)
 .debug_str     0x0000000000001bc4       0x4e d:/logiciels/altera_lite/16.0/nios2eds/bin/gnu/h-x86_64-mingw32/bin/../lib/gcc/nios2-elf/5.2.0/../../../../../H-x86_64-mingw32/nios2-elf/lib\libc.a(lib_a-strlen.o)
                                        0x1dd (size before relaxing)
 .debug_str     0x0000000000001c12       0x3c d:/logiciels/altera_lite/16.0/nios2eds/bin/gnu/h-x86_64-mingw32/bin/../lib/gcc/nios2-elf/5.2.0/../../../../../H-x86_64-mingw32/nios2-elf/lib\libc.a(lib_a-__atexit.o)
                                        0x5dc (size before relaxing)
 .debug_str     0x0000000000001c4e       0x62 d:/logiciels/altera_lite/16.0/nios2eds/bin/gnu/h-x86_64-mingw32/bin/../lib/gcc/nios2-elf/5.2.0/../../../../../H-x86_64-mingw32/nios2-elf/lib\libc.a(lib_a-__call_atexit.o)
                                        0x5c8 (size before relaxing)
 .debug_str     0x0000000000001cb0       0x2a D:/Temp/VHDL/FPGA_EPFL/sw/nios/fpga_intro_bsp/\libhal_bsp.a(alt_exit.o)
                                        0x141 (size before relaxing)

.debug_loc      0x0000000000000000     0x2037
 *(.debug_loc)
 .debug_loc     0x0000000000000000     0x16f9 d:/logiciels/altera_lite/16.0/nios2eds/bin/gnu/h-x86_64-mingw32/bin/../lib/gcc/nios2-elf/5.2.0\libgcc.a(adddf3.o)
 .debug_loc     0x00000000000016f9      0x163 d:/logiciels/altera_lite/16.0/nios2eds/bin/gnu/h-x86_64-mingw32/bin/../lib/gcc/nios2-elf/5.2.0\libgcc.a(ledf2.o)
 .debug_loc     0x000000000000185c       0x6b d:/logiciels/altera_lite/16.0/nios2eds/bin/gnu/h-x86_64-mingw32/bin/../lib/gcc/nios2-elf/5.2.0\libgcc.a(_clzsi2.o)
 .debug_loc     0x00000000000018c7       0x2c d:/logiciels/altera_lite/16.0/nios2eds/bin/gnu/h-x86_64-mingw32/bin/../lib/gcc/nios2-elf/5.2.0/../../../../../H-x86_64-mingw32/nios2-elf/lib\libc.a(lib_a-atexit.o)
 .debug_loc     0x00000000000018f3       0x1e d:/logiciels/altera_lite/16.0/nios2eds/bin/gnu/h-x86_64-mingw32/bin/../lib/gcc/nios2-elf/5.2.0/../../../../../H-x86_64-mingw32/nios2-elf/lib\libc.a(lib_a-exit.o)
 .debug_loc     0x0000000000001911      0x126 d:/logiciels/altera_lite/16.0/nios2eds/bin/gnu/h-x86_64-mingw32/bin/../lib/gcc/nios2-elf/5.2.0/../../../../../H-x86_64-mingw32/nios2-elf/lib\libc.a(lib_a-memcmp.o)
 .debug_loc     0x0000000000001a37      0x266 d:/logiciels/altera_lite/16.0/nios2eds/bin/gnu/h-x86_64-mingw32/bin/../lib/gcc/nios2-elf/5.2.0/../../../../../H-x86_64-mingw32/nios2-elf/lib\libc.a(lib_a-memcpy.o)
 .debug_loc     0x0000000000001c9d       0x47 d:/logiciels/altera_lite/16.0/nios2eds/bin/gnu/h-x86_64-mingw32/bin/../lib/gcc/nios2-elf/5.2.0/../../../../../H-x86_64-mingw32/nios2-elf/lib\libc.a(lib_a-strlen.o)
 .debug_loc     0x0000000000001ce4      0x185 d:/logiciels/altera_lite/16.0/nios2eds/bin/gnu/h-x86_64-mingw32/bin/../lib/gcc/nios2-elf/5.2.0/../../../../../H-x86_64-mingw32/nios2-elf/lib\libc.a(lib_a-__atexit.o)
 .debug_loc     0x0000000000001e69      0x1ce d:/logiciels/altera_lite/16.0/nios2eds/bin/gnu/h-x86_64-mingw32/bin/../lib/gcc/nios2-elf/5.2.0/../../../../../H-x86_64-mingw32/nios2-elf/lib\libc.a(lib_a-__call_atexit.o)

.debug_macinfo
 *(.debug_macinfo)

.debug_weaknames