Archive member included to satisfy reference by file (symbol)

D:/Temp/FPGA_EPFL/PWM_module/sw/nios/PWM_module_bsp/\libhal_bsp.a(alt_load.o)
                              D:/Temp/FPGA_EPFL/PWM_module/sw/nios/PWM_module_bsp//obj/HAL/src/crt0.o (alt_load)
D:/Temp/FPGA_EPFL/PWM_module/sw/nios/PWM_module_bsp/\libhal_bsp.a(alt_main.o)
                              D:/Temp/FPGA_EPFL/PWM_module/sw/nios/PWM_module_bsp//obj/HAL/src/crt0.o (alt_main)
D:/Temp/FPGA_EPFL/PWM_module/sw/nios/PWM_module_bsp/\libhal_bsp.a(alt_sys_init.o)
                              D:/Temp/FPGA_EPFL/PWM_module/sw/nios/PWM_module_bsp/\libhal_bsp.a(alt_main.o) (alt_irq_init)
D:/Temp/FPGA_EPFL/PWM_module/sw/nios/PWM_module_bsp/\libhal_bsp.a(altera_avalon_jtag_uart_fd.o)
                              D:/Temp/FPGA_EPFL/PWM_module/sw/nios/PWM_module_bsp/\libhal_bsp.a(alt_sys_init.o) (altera_avalon_jtag_uart_read_fd)
D:/Temp/FPGA_EPFL/PWM_module/sw/nios/PWM_module_bsp/\libhal_bsp.a(altera_avalon_jtag_uart_init.o)
                              D:/Temp/FPGA_EPFL/PWM_module/sw/nios/PWM_module_bsp/\libhal_bsp.a(alt_sys_init.o) (altera_avalon_jtag_uart_init)
D:/Temp/FPGA_EPFL/PWM_module/sw/nios/PWM_module_bsp/\libhal_bsp.a(altera_avalon_jtag_uart_ioctl.o)
                              D:/Temp/FPGA_EPFL/PWM_module/sw/nios/PWM_module_bsp/\libhal_bsp.a(altera_avalon_jtag_uart_fd.o) (altera_avalon_jtag_uart_ioctl)
D:/Temp/FPGA_EPFL/PWM_module/sw/nios/PWM_module_bsp/\libhal_bsp.a(altera_avalon_jtag_uart_read.o)
                              D:/Temp/FPGA_EPFL/PWM_module/sw/nios/PWM_module_bsp/\libhal_bsp.a(altera_avalon_jtag_uart_fd.o) (altera_avalon_jtag_uart_read)
D:/Temp/FPGA_EPFL/PWM_module/sw/nios/PWM_module_bsp/\libhal_bsp.a(altera_avalon_jtag_uart_write.o)
                              D:/Temp/FPGA_EPFL/PWM_module/sw/nios/PWM_module_bsp/\libhal_bsp.a(altera_avalon_jtag_uart_fd.o) (altera_avalon_jtag_uart_write)
D:/Temp/FPGA_EPFL/PWM_module/sw/nios/PWM_module_bsp/\libhal_bsp.a(alt_alarm_start.o)
                              D:/Temp/FPGA_EPFL/PWM_module/sw/nios/PWM_module_bsp/\libhal_bsp.a(altera_avalon_jtag_uart_init.o) (alt_alarm_start)
D:/Temp/FPGA_EPFL/PWM_module/sw/nios/PWM_module_bsp/\libhal_bsp.a(alt_close.o)
                              D:/Temp/FPGA_EPFL/PWM_module/sw/nios/PWM_module_bsp/\libhal_bsp.a(alt_main.o) (close)
D:/Temp/FPGA_EPFL/PWM_module/sw/nios/PWM_module_bsp/\libhal_bsp.a(alt_dcache_flush_all.o)
                              D:/Temp/FPGA_EPFL/PWM_module/sw/nios/PWM_module_bsp/\libhal_bsp.a(alt_load.o) (alt_dcache_flush_all)
D:/Temp/FPGA_EPFL/PWM_module/sw/nios/PWM_module_bsp/\libhal_bsp.a(alt_dev.o)
                              D:/Temp/FPGA_EPFL/PWM_module/sw/nios/PWM_module_bsp/\libhal_bsp.a(alt_sys_init.o) (alt_dev_list)
D:/Temp/FPGA_EPFL/PWM_module/sw/nios/PWM_module_bsp/\libhal_bsp.a(alt_dev_llist_insert.o)
                              D:/Temp/FPGA_EPFL/PWM_module/sw/nios/PWM_module_bsp/\libhal_bsp.a(alt_sys_init.o) (alt_dev_llist_insert)
D:/Temp/FPGA_EPFL/PWM_module/sw/nios/PWM_module_bsp/\libhal_bsp.a(alt_do_ctors.o)
                              D:/Temp/FPGA_EPFL/PWM_module/sw/nios/PWM_module_bsp/\libhal_bsp.a(alt_main.o) (_do_ctors)
D:/Temp/FPGA_EPFL/PWM_module/sw/nios/PWM_module_bsp/\libhal_bsp.a(alt_do_dtors.o)
                              D:/Temp/FPGA_EPFL/PWM_module/sw/nios/PWM_module_bsp/\libhal_bsp.a(alt_main.o) (_do_dtors)
D:/Temp/FPGA_EPFL/PWM_module/sw/nios/PWM_module_bsp/\libhal_bsp.a(alt_errno.o)
                              D:/Temp/FPGA_EPFL/PWM_module/sw/nios/PWM_module_bsp/\libhal_bsp.a(alt_close.o) (alt_errno)
D:/Temp/FPGA_EPFL/PWM_module/sw/nios/PWM_module_bsp/\libhal_bsp.a(alt_icache_flush_all.o)
                              D:/Temp/FPGA_EPFL/PWM_module/sw/nios/PWM_module_bsp/\libhal_bsp.a(alt_load.o) (alt_icache_flush_all)
D:/Temp/FPGA_EPFL/PWM_module/sw/nios/PWM_module_bsp/\libhal_bsp.a(alt_iic.o)
                              D:/Temp/FPGA_EPFL/PWM_module/sw/nios/PWM_module_bsp/\libhal_bsp.a(altera_avalon_jtag_uart_init.o) (alt_ic_isr_register)
D:/Temp/FPGA_EPFL/PWM_module/sw/nios/PWM_module_bsp/\libhal_bsp.a(alt_iic_isr_register.o)
                              D:/Temp/FPGA_EPFL/PWM_module/sw/nios/PWM_module_bsp/\libhal_bsp.a(alt_iic.o) (alt_iic_isr_register)
D:/Temp/FPGA_EPFL/PWM_module/sw/nios/PWM_module_bsp/\libhal_bsp.a(alt_io_redirect.o)
                              D:/Temp/FPGA_EPFL/PWM_module/sw/nios/PWM_module_bsp/\libhal_bsp.a(alt_main.o) (alt_io_redirect)
D:/Temp/FPGA_EPFL/PWM_module/sw/nios/PWM_module_bsp/\libhal_bsp.a(alt_irq_entry.o)
                              D:/Temp/FPGA_EPFL/PWM_module/sw/nios/PWM_module_bsp/\libhal_bsp.a(alt_iic_isr_register.o) (alt_irq_entry)
D:/Temp/FPGA_EPFL/PWM_module/sw/nios/PWM_module_bsp/\libhal_bsp.a(alt_irq_handler.o)
                              D:/Temp/FPGA_EPFL/PWM_module/sw/nios/PWM_module_bsp/\libhal_bsp.a(alt_iic_isr_register.o) (alt_irq)
D:/Temp/FPGA_EPFL/PWM_module/sw/nios/PWM_module_bsp/\libhal_bsp.a(alt_irq_vars.o)
[...]
Memory Configuration

Name             Origin             Length             Attributes
reset            0x0000000000020000 0x0000000000000020
onchip_memory2_0 0x0000000000020020 0x000000000001ffe0
*default*        0x0000000000000000 0xffffffffffffffff

Linker script and memory map

LOAD D:/Temp/FPGA_EPFL/PWM_module/sw/nios/PWM_module_bsp//obj/HAL/src/crt0.o
LOAD obj/default/PWM.o
LOAD d:/logiciels/altera_lite/16.0/nios2eds/bin/gnu/h-x86_64-mingw32/bin/../lib/gcc/nios2-elf/5.2.0/../../../../../H-x86_64-mingw32/nios2-elf/lib\libstdc++.a
LOAD d:/logiciels/altera_lite/16.0/nios2eds/bin/gnu/h-x86_64-mingw32/bin/../lib/gcc/nios2-elf/5.2.0/../../../../../H-x86_64-mingw32/nios2-elf/lib\libm.a
LOAD d:/logiciels/altera_lite/16.0/nios2eds/bin/gnu/h-x86_64-mingw32/bin/../lib/gcc/nios2-elf/5.2.0\libgcc.a
START GROUP
LOAD d:/logiciels/altera_lite/16.0/nios2eds/bin/gnu/h-x86_64-mingw32/bin/../lib/gcc/nios2-elf/5.2.0/../../../../../H-x86_64-mingw32/nios2-elf/lib\libc.a
LOAD d:/logiciels/altera_lite/16.0/nios2eds/bin/gnu/h-x86_64-mingw32/bin/../lib/gcc/nios2-elf/5.2.0\libgcc.a
LOAD D:/Temp/FPGA_EPFL/PWM_module/sw/nios/PWM_module_bsp/\libhal_bsp.a
LOAD d:/logiciels/altera_lite/16.0/nios2eds/bin/gnu/h-x86_64-mingw32/bin/../lib/gcc/nios2-elf/5.2.0/../../../../../H-x86_64-mingw32/nios2-elf/lib\libm.a
END GROUP
LOAD d:/logiciels/altera_lite/16.0/nios2eds/bin/gnu/h-x86_64-mingw32/bin/../lib/gcc/nios2-elf/5.2.0\libgcc.a
                0x0000000000020000                __alt_mem_onchip_memory2_0 = 0x20000

.entry          0x0000000000020000       0x20
 *(.entry)
 .entry         0x0000000000020000       0x20 D:/Temp/FPGA_EPFL/PWM_module/sw/nios/PWM_module_bsp//obj/HAL/src/crt0.o
                0x0000000000020000                __reset

.exceptions     0x0000000000020020      0x224
                0x0000000000020020                PROVIDE (__ram_exceptions_start, ABSOLUTE (.))
                0x0000000000020020                . = ALIGN (0x20)
 *(.irq)
 *(.exceptions.entry.label)
 .exceptions.entry.label
                0x0000000000020020        0x0 D:/Temp/FPGA_EPFL/PWM_module/sw/nios/PWM_module_bsp/\libhal_bsp.a(alt_irq_entry.o)
                0x0000000000020020                alt_irq_entry
 .exceptions.entry.label
                0x0000000000020020        0x0 D:/Temp/FPGA_EPFL/PWM_module/sw/nios/PWM_module_bsp/\libhal_bsp.a(alt_exception_entry.o)
                0x0000000000020020                alt_exception
 *(.exceptions.entry.user)
 *(.exceptions.entry.ecc_fatal)
 *(.exceptions.entry)
 .exceptions.entry
                0x0000000000020020       0x54 D:/Temp/FPGA_EPFL/PWM_module/sw/nios/PWM_module_bsp/\libhal_bsp.a(alt_exception_entry.o)
 *(.exceptions.irqtest.user)
 *(.exceptions.irqtest)
 .exceptions.irqtest
                0x0000000000020074       0x10 D:/Temp/FPGA_EPFL/PWM_module/sw/nios/PWM_module_bsp/\libhal_bsp.a(alt_irq_entry.o)
 *(.exceptions.irqhandler.user)
 *(.exceptions.irqhandler)
 .exceptions.irqhandler
                0x0000000000020084        0x4 D:/Temp/FPGA_EPFL/PWM_module/sw/nios/PWM_module_bsp/\libhal_bsp.a(alt_irq_entry.o)
 *(.exceptions.irqreturn.user)
 *(.exceptions.irqreturn)
 .exceptions.irqreturn
                0x0000000000020088        0x4 D:/Temp/FPGA_EPFL/PWM_module/sw/nios/PWM_module_bsp/\libhal_bsp.a(alt_irq_entry.o)
 *(.exceptions.notirq.label)
 .exceptions.notirq.label
                0x000000000002008c        0x0 D:/Temp/FPGA_EPFL/PWM_module/sw/nios/PWM_module_bsp/\libhal_bsp.a(alt_irq_entry.o)
 *(.exceptions.notirq.user)
 *(.exceptions.notirq)
 .exceptions.notirq
                0x000000000002008c        0x8 D:/Temp/FPGA_EPFL/PWM_module/sw/nios/PWM_module_bsp/\libhal_bsp.a(alt_exception_entry.o)
 *(.exceptions.soft.user)
 *(.exceptions.soft)
 *(.exceptions.unknown.user)
 *(.exceptions.unknown)
 .exceptions.unknown
                0x0000000000020094       0x14 D:/Temp/FPGA_EPFL/PWM_module/sw/nios/PWM_module_bsp/\libhal_bsp.a(alt_exception_entry.o)
 *(.exceptions.exit.label)
 .exceptions.exit.label
                0x00000000000200a8        0x0 D:/Temp/FPGA_EPFL/PWM_module/sw/nios/PWM_module_bsp/\libhal_bsp.a(alt_irq_entry.o)
 .exceptions.exit.label
                0x00000000000200a8        0x0 D:/Temp/FPGA_EPFL/PWM_module/sw/nios/PWM_module_bsp/\libhal_bsp.a(alt_exception_entry.o)
 *(.exceptions.exit.user)
 *(.exceptions.exit)
 .exceptions.exit
                0x00000000000200a8       0x54 D:/Temp/FPGA_EPFL/PWM_module/sw/nios/PWM_module_bsp/\libhal_bsp.a(alt_exception_entry.o)
 *(.exceptions)
 .exceptions    0x00000000000200fc       0xd4 D:/Temp/FPGA_EPFL/PWM_module/sw/nios/PWM_module_bsp/\libhal_bsp.a(alt_irq_handler.o)
                0x00000000000200fc                alt_irq_handler
 .exceptions    0x00000000000201d0       0x74 D:/Temp/FPGA_EPFL/PWM_module/sw/nios/PWM_module_bsp/\libhal_bsp.a(alt_instruction_exception_entry.o)
                0x00000000000201d0                alt_instruction_exception_entry
                0x0000000000020244                PROVIDE (__ram_exceptions_end, ABSOLUTE (.))
                0x0000000000020020                PROVIDE (__flash_exceptions_start, LOADADDR (.exceptions))

.text           0x0000000000020244     0x23d0
                [!provide]                        PROVIDE (stext, ABSOLUTE (.))
 *(.interp)
 *(.hash)
 *(.dynsym)
 *(.dynstr)
 *(.gnu.version)
 *(.gnu.version_d)
 *(.gnu.version_r)
 *(.rel.init)
 *(.rela.init)
 *(.rel.text .rel.text.* .rel.gnu.linkonce.t.*)
 *(.rela.text .rela.text.* .rela.gnu.linkonce.t.*)
 *(.rel.fini)
 *(.rela.fini)
 *(.rel.rodata .rel.rodata.* .rel.gnu.linkonce.r.*)
 *(.rela.rodata .rela.rodata.* .rela.gnu.linkonce.r.*)
 *(.rel.data .rel.data.* .rel.gnu.linkonce.d.*)
 *(.rela.data .rela.data.* .rela.gnu.linkonce.d.*)
 *(.rel.tdata .rel.tdata.* .rel.gnu.linkonce.td.*)
 *(.rela.tdata .rela.tdata.* .rela.gnu.linkonce.td.*)
 *(.rel.tbss .rel.tbss.* .rel.gnu.linkonce.tb.*)
 *(.rela.tbss .rela.tbss.* .rela.gnu.linkonce.tb.*)
 *(.rel.ctors)
 *(.rela.ctors)
 *(.rel.dtors)
 *(.rela.dtors)
 *(.rel.got)
 *(.rela.got)
 *(.rel.sdata .rel.sdata.* .rel.gnu.linkonce.s.*)
 *(.rela.sdata .rela.sdata.* .rela.gnu.linkonce.s.*)
 *(.rel.sbss .rel.sbss.* .rel.gnu.linkonce.sb.*)
 *(.rela.sbss .rela.sbss.* .rela.gnu.linkonce.sb.*)
 *(.rel.sdata2 .rel.sdata2.* .rel.gnu.linkonce.s2.*)
 *(.rela.sdata2 .rela.sdata2.* .rela.gnu.linkonce.s2.*)
 *(.rel.sbss2 .rel.sbss2.* .rel.gnu.linkonce.sb2.*)
 *(.rela.sbss2 .rela.sbss2.* .rela.gnu.linkonce.sb2.*)
 *(.rel.bss .rel.bss.* .rel.gnu.linkonce.b.*)
 *(.rela.bss .rela.bss.* .rela.gnu.linkonce.b.*)
 *(.rel.plt)
 *(.rela.plt)
 *(.rel.dyn)
 *(.init)
 *(.plt)
 *(.text .stub .text.* .gnu.linkonce.t.*)
 .text          0x0000000000020244       0x4c D:/Temp/FPGA_EPFL/PWM_module/sw/nios/PWM_module_bsp//obj/HAL/src/crt0.o
                0x0000000000020244                _start
 .text          0x0000000000020290       0x88 obj/default/PWM.o
                0x0000000000020290                InitPort
                0x0000000000020300                main
 .text          0x0000000000020318       0xec D:/Temp/FPGA_EPFL/PWM_module/sw/nios/PWM_module_bsp/\libhal_bsp.a(alt_load.o)
                0x0000000000020380                alt_load
 .text          0x0000000000020404       0x7c D:/Temp/FPGA_EPFL/PWM_module/sw/nios/PWM_module_bsp/\libhal_bsp.a(alt_main.o)
                0x0000000000020404                alt_main
 .text          0x0000000000020480       0xb8 D:/Temp/FPGA_EPFL/PWM_module/sw/nios/PWM_module_bsp/\libhal_bsp.a(alt_sys_init.o)
                0x00000000000204b8                alt_irq_init
                0x00000000000204f0                alt_sys_init
 .text          0x0000000000020538      0x164 D:/Temp/FPGA_EPFL/PWM_module/sw/nios/PWM_module_bsp/\libhal_bsp.a(altera_avalon_jtag_uart_fd.o)
                0x0000000000020538                altera_avalon_jtag_uart_read_fd
                0x0000000000020598                altera_avalon_jtag_uart_write_fd
                0x00000000000205f8                altera_avalon_jtag_uart_close_fd
                0x0000000000020648                altera_avalon_jtag_uart_ioctl_fd
 .text          0x000000000002069c      0x3e4 D:/Temp/FPGA_EPFL/PWM_module/sw/nios/PWM_module_bsp/\libhal_bsp.a(altera_avalon_jtag_uart_init.o)
                0x000000000002069c                altera_avalon_jtag_uart_init
                0x0000000000020a18                altera_avalon_jtag_uart_close
 .text          0x0000000000020a80       0xf0 D:/Temp/FPGA_EPFL/PWM_module/sw/nios/PWM_module_bsp/\libhal_bsp.a(altera_avalon_jtag_uart_ioctl.o)
                0x0000000000020a80                altera_avalon_jtag_uart_ioctl
 .text          0x0000000000020b70      0x21c D:/Temp/FPGA_EPFL/PWM_module/sw/nios/PWM_module_bsp/\libhal_bsp.a(altera_avalon_jtag_uart_read.o)
                0x0000000000020b70                altera_avalon_jtag_uart_read
 .text          0x0000000000020d8c      0x224 D:/Temp/FPGA_EPFL/PWM_module/sw/nios/PWM_module_bsp/\libhal_bsp.a(altera_avalon_jtag_uart_write.o)
                0x0000000000020d8c                altera_avalon_jtag_uart_write
 .text          0x0000000000020fb0      0x140 D:/Temp/FPGA_EPFL/PWM_module/sw/nios/PWM_module_bsp/\libhal_bsp.a(alt_alarm_start.o)
                0x0000000000020fb0                alt_alarm_start
 .text          0x00000000000210f0      0x120 D:/Temp/FPGA_EPFL/PWM_module/sw/nios/PWM_module_bsp/\libhal_bsp.a(alt_close.o)
                0x0000000000021140                close
 .text          0x0000000000021210       0x48 D:/Temp/FPGA_EPFL/PWM_module/sw/nios/PWM_module_bsp/\libhal_bsp.a(alt_dcache_flush_all.o)
                0x0000000000021210                alt_dcache_flush_all
 .text          0x0000000000021258       0x2c D:/Temp/FPGA_EPFL/PWM_module/sw/nios/PWM_module_bsp/\libhal_bsp.a(alt_dev.o)
 .text          0x0000000000021284       0xf4 D:/Temp/FPGA_EPFL/PWM_module/sw/nios/PWM_module_bsp/\libhal_bsp.a(alt_dev_llist_insert.o)
                0x00000000000212d4                alt_dev_llist_insert
 .text          0x0000000000021378       0x60 D:/Temp/FPGA_EPFL/PWM_module/sw/nios/PWM_module_bsp/\libhal_bsp.a(alt_do_ctors.o)
                0x0000000000021378                _do_ctors
 .text          0x00000000000213d8       0x60 D:/Temp/FPGA_EPFL/PWM_module/sw/nios/PWM_module_bsp/\libhal_bsp.a(alt_do_dtors.o)
                0x00000000000213d8                _do_dtors
 .text          0x0000000000021438        0x0 D:/Temp/FPGA_EPFL/PWM_module/sw/nios/PWM_module_bsp/\libhal_bsp.a(alt_errno.o)
 .text          0x0000000000021438       0x34 D:/Temp/FPGA_EPFL/PWM_module/sw/nios/PWM_module_bsp/\libhal_bsp.a(alt_icache_flush_all.o)
                0x0000000000021438                alt_icache_flush_all
 .text          0x000000000002146c      0x1e0 D:/Temp/FPGA_EPFL/PWM_module/sw/nios/PWM_module_bsp/\libhal_bsp.a(alt_iic.o)
                0x000000000002146c                alt_ic_isr_register
                0x00000000000214bc                alt_ic_irq_enable
                0x000000000002155c                alt_ic_irq_disable
                0x0000000000021600                alt_ic_irq_enabled
 .text          0x000000000002164c       0xf0 D:/Temp/FPGA_EPFL/PWM_module/sw/nios/PWM_module_bsp/\libhal_bsp.a(alt_iic_isr_register.o)
                0x000000000002164c                alt_iic_isr_register
 .text          0x000000000002173c      0x140 D:/Temp/FPGA_EPFL/PWM_module/sw/nios/PWM_module_bsp/\libhal_bsp.a(alt_io_redirect.o)
                0x0000000000021800                alt_io_redirect
 .text          0x000000000002187c        0x0 D:/Temp/FPGA_EPFL/PWM_module/sw/nios/PWM_module_bsp/\libhal_bsp.a(alt_irq_entry.o)
 .text          0x000000000002187c        0x0 D:/Temp/FPGA_EPFL/PWM_module/sw/nios/PWM_module_bsp/\libhal_bsp.a(alt_irq_handler.o)
 .text          0x000000000002187c        0x0 D:/Temp/FPGA_EPFL/PWM_module/sw/nios/PWM_module_bsp/\libhal_bsp.a(alt_irq_vars.o)
 .text          0x000000000002187c      0x274 D:/Temp/FPGA_EPFL/PWM_module/sw/nios/PWM_module_bsp/\libhal_bsp.a(alt_open.o)
                0x0000000000021998                open
 .text          0x0000000000021af0       0x64 D:/Temp/FPGA_EPFL/PWM_module/sw/nios/PWM_module_bsp/\libhal_bsp.a(alt_release_fd.o)
                0x0000000000021af0                alt_release_fd
 .text          0x0000000000021b54      0x1a4 D:/Temp/FPGA_EPFL/PWM_module/sw/nios/PWM_module_bsp/\libhal_bsp.a(alt_tick.o)
                0x0000000000021b54                alt_alarm_stop
                0x0000000000021bf0                alt_tick
 .text          0x0000000000021cf8       0x24 D:/Temp/FPGA_EPFL/PWM_module/sw/nios/PWM_module_bsp/\libhal_bsp.a(altera_nios2_gen2_irq.o)
                0x0000000000021cf8                altera_nios2_gen2_irq_init
 .text          0x0000000000021d1c        0x0 D:/Temp/FPGA_EPFL/PWM_module/sw/nios/PWM_module_bsp/\libhal_bsp.a(alt_exception_entry.o)
 .text          0x0000000000021d1c       0x90 D:/Temp/FPGA_EPFL/PWM_module/sw/nios/PWM_module_bsp/\libhal_bsp.a(alt_find_dev.o)
                0x0000000000021d1c                alt_find_dev
 .text          0x0000000000021dac      0x114 D:/Temp/FPGA_EPFL/PWM_module/sw/nios/PWM_module_bsp/\libhal_bsp.a(alt_find_file.o)
                0x0000000000021dac                alt_find_file
 .text          0x0000000000021ec0       0xb4 D:/Temp/FPGA_EPFL/PWM_module/sw/nios/PWM_module_bsp/\libhal_bsp.a(alt_get_fd.o)
                0x0000000000021ec0                alt_get_fd
 .text          0x0000000000021f74       0x90 D:/Temp/FPGA_EPFL/PWM_module/sw/nios/PWM_module_bsp/\libhal_bsp.a(alt_icache_flush.o)
                0x0000000000021f74                alt_icache_flush
 .text          0x0000000000022004       0x9c D:/Temp/FPGA_EPFL/PWM_module/sw/nios/PWM_module_bsp/\libhal_bsp.a(alt_instruction_exception_entry.o)
                0x0000000000022004                alt_exception_cause_generated_bad_addr
 .text          0x00000000000220a0        0x0 d:/logiciels/altera_lite/16.0/nios2eds/bin/gnu/h-x86_64-mingw32/bin/../lib/gcc/nios2-elf/5.2.0/../../../../../H-x86_64-mingw32/nios2-elf/lib\libc.a(lib_a-atexit.o)
 .text.atexit   0x00000000000220a0       0x14 d:/logiciels/altera_lite/16.0/nios2eds/bin/gnu/h-x86_64-mingw32/bin/../lib/gcc/nios2-elf/5.2.0/../../../../../H-x86_64-mingw32/nios2-elf/lib\libc.a(lib_a-atexit.o)
                0x00000000000220a0                atexit
 .text          0x00000000000220b4        0x0 d:/logiciels/altera_lite/16.0/nios2eds/bin/gnu/h-x86_64-mingw32/bin/../lib/gcc/nios2-elf/5.2.0/../../../../../H-x86_64-mingw32/nios2-elf/lib\libc.a(lib_a-exit.o)
 .text.exit     0x00000000000220b4       0x38 d:/logiciels/altera_lite/16.0/nios2eds/bin/gnu/h-x86_64-mingw32/bin/../lib/gcc/nios2-elf/5.2.0/../../../../../H-x86_64-mingw32/nios2-elf/lib\libc.a(lib_a-exit.o)
                0x00000000000220b4                exit
 .text          0x00000000000220ec        0x0 d:/logiciels/altera_lite/16.0/nios2eds/bin/gnu/h-x86_64-mingw32/bin/../lib/gcc/nios2-elf/5.2.0/../../../../../H-x86_64-mingw32/nios2-elf/lib\libc.a(lib_a-impure.o)
 .text          0x00000000000220ec        0x0 d:/logiciels/altera_lite/16.0/nios2eds/bin/gnu/h-x86_64-mingw32/bin/../lib/gcc/nios2-elf/5.2.0/../../../../../H-x86_64-mingw32/nios2-elf/lib\libc.a(lib_a-int_errno.o)
 .text          0x00000000000220ec        0x0 d:/logiciels/altera_lite/16.0/nios2eds/bin/gnu/h-x86_64-mingw32/bin/../lib/gcc/nios2-elf/5.2.0/../../../../../H-x86_64-mingw32/nios2-elf/lib\libc.a(lib_a-memcmp.o)
 .text.memcmp   0x00000000000220ec       0x7c d:/logiciels/altera_lite/16.0/nios2eds/bin/gnu/h-x86_64-mingw32/bin/../lib/gcc/nios2-elf/5.2.0/../../../../../H-x86_64-mingw32/nios2-elf/lib\libc.a(lib_a-memcmp.o)
                0x00000000000220ec                memcmp
 .text          0x0000000000022168        0x0 d:/logiciels/altera_lite/16.0/nios2eds/bin/gnu/h-x86_64-mingw32/bin/../lib/gcc/nios2-elf/5.2.0/../../../../../H-x86_64-mingw32/nios2-elf/lib\libc.a(lib_a-memcpy.o)
 .text.memcpy   0x0000000000022168      0x148 d:/logiciels/altera_lite/16.0/nios2eds/bin/gnu/h-x86_64-mingw32/bin/../lib/gcc/nios2-elf/5.2.0/../../../../../H-x86_64-mingw32/nios2-elf/lib\libc.a(lib_a-memcpy.o)
                0x0000000000022168                memcpy
 .text          0x00000000000222b0        0x0 d:/logiciels/altera_lite/16.0/nios2eds/bin/gnu/h-x86_64-mingw32/bin/../lib/gcc/nios2-elf/5.2.0/../../../../../H-x86_64-mingw32/nios2-elf/lib\libc.a(lib_a-strlen.o)
 .text.strlen   0x00000000000222b0       0x98 d:/logiciels/altera_lite/16.0/nios2eds/bin/gnu/h-x86_64-mingw32/bin/../lib/gcc/nios2-elf/5.2.0/../../../../../H-x86_64-mingw32/nios2-elf/lib\libc.a(lib_a-strlen.o)
                0x00000000000222b0                strlen
 .text          0x0000000000022348        0x0 d:/logiciels/altera_lite/16.0/nios2eds/bin/gnu/h-x86_64-mingw32/bin/../lib/gcc/nios2-elf/5.2.0/../../../../../H-x86_64-mingw32/nios2-elf/lib\libc.a(lib_a-__atexit.o)
 .text.__register_exitproc
                0x0000000000022348      0x118 d:/logiciels/altera_lite/16.0/nios2eds/bin/gnu/h-x86_64-mingw32/bin/../lib/gcc/nios2-elf/5.2.0/../../../../../H-x86_64-mingw32/nios2-elf/lib\libc.a(lib_a-__atexit.o)
                0x0000000000022348                __register_exitproc
 .text          0x0000000000022460        0x0 d:/logiciels/altera_lite/16.0/nios2eds/bin/gnu/h-x86_64-mingw32/bin/../lib/gcc/nios2-elf/5.2.0/../../../../../H-x86_64-mingw32/nios2-elf/lib\libc.a(lib_a-__call_atexit.o)
 .text.__call_exitprocs
                0x0000000000022460      0x180 d:/logiciels/altera_lite/16.0/nios2eds/bin/gnu/h-x86_64-mingw32/bin/../lib/gcc/nios2-elf/5.2.0/../../../../../H-x86_64-mingw32/nios2-elf/lib\libc.a(lib_a-__call_atexit.o)
                0x0000000000022460                __call_exitprocs
 .text          0x00000000000225e0       0x34 D:/Temp/FPGA_EPFL/PWM_module/sw/nios/PWM_module_bsp/\libhal_bsp.a(alt_exit.o)
                0x00000000000225e0                _exit
 *(.gnu.warning.*)
 *(.fini)
                [!provide]                        PROVIDE (__etext, ABSOLUTE (.))
                [!provide]                        PROVIDE (_etext, ABSOLUTE (.))
                [!provide]                        PROVIDE (etext, ABSOLUTE (.))
 *(.eh_frame_hdr)
                0x0000000000022614                . = ALIGN (0x4)
                [!provide]                        PROVIDE (__preinit_array_start, ABSOLUTE (.))
 *(.preinit_array)
                [!provide]                        PROVIDE (__preinit_array_end, ABSOLUTE (.))
                [!provide]                        PROVIDE (__init_array_start, ABSOLUTE (.))
 *(.init_array)
                [!provide]                        PROVIDE (__init_array_end, ABSOLUTE (.))
                [!provide]                        PROVIDE (__fini_array_start, ABSOLUTE (.))
 *(.fini_array)
                [!provide]                        PROVIDE (__fini_array_end, ABSOLUTE (.))
 *(.eh_frame)
 *(.gcc_except_table .gcc_except_table.*)
 *(.dynamic)
                0x0000000000022614                PROVIDE (__CTOR_LIST__, ABSOLUTE (.))
 *(.ctors)
 *(SORT(.ctors.*))
                0x0000000000022614                PROVIDE (__CTOR_END__, ABSOLUTE (.))
                0x0000000000022614                PROVIDE (__DTOR_LIST__, ABSOLUTE (.))
 *(.dtors)
 *(SORT(.dtors.*))
                0x0000000000022614                PROVIDE (__DTOR_END__, ABSOLUTE (.))
 *(.jcr)
                0x0000000000022614                . = ALIGN (0x4)

.rodata         0x0000000000022614       0x38
                0x0000000000022614                PROVIDE (__ram_rodata_start, ABSOLUTE (.))
                0x0000000000022614                . = ALIGN (0x4)
 *(.rodata .rodata.* .gnu.linkonce.r.*)
 .rodata        0x0000000000022614       0x11 D:/Temp/FPGA_EPFL/PWM_module/sw/nios/PWM_module_bsp/\libhal_bsp.a(alt_main.o)
 *fill*         0x0000000000022625        0x3 
 .rodata        0x0000000000022628       0x11 D:/Temp/FPGA_EPFL/PWM_module/sw/nios/PWM_module_bsp/\libhal_bsp.a(alt_sys_init.o)
 *fill*         0x0000000000022639        0x3 
 .rodata        0x000000000002263c        0xa D:/Temp/FPGA_EPFL/PWM_module/sw/nios/PWM_module_bsp/\libhal_bsp.a(alt_dev.o)
 *fill*         0x0000000000022646        0x2 
 .rodata.str1.4
                0x0000000000022648        0x4 d:/logiciels/altera_lite/16.0/nios2eds/bin/gnu/h-x86_64-mingw32/bin/../lib/gcc/nios2-elf/5.2.0/../../../../../H-x86_64-mingw32/nios2-elf/lib\libc.a(lib_a-impure.o)
                                          0x2 (size before relaxing)
 *(.rodata1)
                0x000000000002264c                . = ALIGN (0x4)
                0x000000000002264c                PROVIDE (__ram_rodata_end, ABSOLUTE (.))
                0x0000000000022614                PROVIDE (__flash_rodata_start, LOADADDR (.rodata))

.rwdata         0x000000000002264c     0x1658 load address 0x0000000000023ca4
                0x000000000002264c                PROVIDE (__ram_rwdata_start, ABSOLUTE (.))
                0x000000000002264c                . = ALIGN (0x4)
 *(.got.plt)
 *(.got)
 *(.data1)
 *(.data .data.* .gnu.linkonce.d.*)
 .data          0x000000000002264c        0x0 D:/Temp/FPGA_EPFL/PWM_module/sw/nios/PWM_module_bsp//obj/HAL/src/crt0.o
 .data          0x000000000002264c        0x0 obj/default/PWM.o
 .data          0x000000000002264c        0x0 D:/Temp/FPGA_EPFL/PWM_module/sw/nios/PWM_module_bsp/\libhal_bsp.a(alt_load.o)
 .data          0x000000000002264c        0x0 D:/Temp/FPGA_EPFL/PWM_module/sw/nios/PWM_module_bsp/\libhal_bsp.a(alt_main.o)
 .data          0x000000000002264c     0x1060 D:/Temp/FPGA_EPFL/PWM_module/sw/nios/PWM_module_bsp/\libhal_bsp.a(alt_sys_init.o)
 .data          0x00000000000236ac        0x0 D:/Temp/FPGA_EPFL/PWM_module/sw/nios/PWM_module_bsp/\libhal_bsp.a(altera_avalon_jtag_uart_fd.o)
 .data          0x00000000000236ac        0x0 D:/Temp/FPGA_EPFL/PWM_module/sw/nios/PWM_module_bsp/\libhal_bsp.a(altera_avalon_jtag_uart_init.o)
 .data          0x00000000000236ac        0x0 D:/Temp/FPGA_EPFL/PWM_module/sw/nios/PWM_module_bsp/\libhal_bsp.a(altera_avalon_jtag_uart_ioctl.o)
 .data          0x00000000000236ac        0x0 D:/Temp/FPGA_EPFL/PWM_module/sw/nios/PWM_module_bsp/\libhal_bsp.a(altera_avalon_jtag_uart_read.o)
 .data          0x00000000000236ac        0x0 D:/Temp/FPGA_EPFL/PWM_module/sw/nios/PWM_module_bsp/\libhal_bsp.a(altera_avalon_jtag_uart_write.o)
 .data          0x00000000000236ac        0x0 D:/Temp/FPGA_EPFL/PWM_module/sw/nios/PWM_module_bsp/\libhal_bsp.a(alt_alarm_start.o)
 .data          0x00000000000236ac        0x0 D:/Temp/FPGA_EPFL/PWM_module/sw/nios/PWM_module_bsp/\libhal_bsp.a(alt_close.o)
 .data          0x00000000000236ac        0x0 D:/Temp/FPGA_EPFL/PWM_module/sw/nios/PWM_module_bsp/\libhal_bsp.a(alt_dcache_flush_all.o)
 .data          0x00000000000236ac      0x1a8 D:/Temp/FPGA_EPFL/PWM_module/sw/nios/PWM_module_bsp/\libhal_bsp.a(alt_dev.o)
                0x00000000000236ac                alt_dev_null
                0x00000000000236d4                alt_fd_list
 .data          0x0000000000023854        0x0 D:/Temp/FPGA_EPFL/PWM_module/sw/nios/PWM_module_bsp/\libhal_bsp.a(alt_dev_llist_insert.o)
 .data          0x0000000000023854        0x0 D:/Temp/FPGA_EPFL/PWM_module/sw/nios/PWM_module_bsp/\libhal_bsp.a(alt_do_ctors.o)
 .data          0x0000000000023854        0x0 D:/Temp/FPGA_EPFL/PWM_module/sw/nios/PWM_module_bsp/\libhal_bsp.a(alt_do_dtors.o)
 .data          0x0000000000023854        0x0 D:/Temp/FPGA_EPFL/PWM_module/sw/nios/PWM_module_bsp/\libhal_bsp.a(alt_errno.o)
 .data          0x0000000000023854        0x0 D:/Temp/FPGA_EPFL/PWM_module/sw/nios/PWM_module_bsp/\libhal_bsp.a(alt_icache_flush_all.o)
 .data          0x0000000000023854        0x0 D:/Temp/FPGA_EPFL/PWM_module/sw/nios/PWM_module_bsp/\libhal_bsp.a(alt_iic.o)
 .data          0x0000000000023854        0x0 D:/Temp/FPGA_EPFL/PWM_module/sw/nios/PWM_module_bsp/\libhal_bsp.a(alt_iic_isr_register.o)
 .data          0x0000000000023854        0x0 D:/Temp/FPGA_EPFL/PWM_module/sw/nios/PWM_module_bsp/\libhal_bsp.a(alt_io_redirect.o)
 .data          0x0000000000023854        0x0 D:/Temp/FPGA_EPFL/PWM_module/sw/nios/PWM_module_bsp/\libhal_bsp.a(alt_irq_entry.o)
 .data          0x0000000000023854        0x0 D:/Temp/FPGA_EPFL/PWM_module/sw/nios/PWM_module_bsp/\libhal_bsp.a(alt_irq_handler.o)
 .data          0x0000000000023854        0x0 D:/Temp/FPGA_EPFL/PWM_module/sw/nios/PWM_module_bsp/\libhal_bsp.a(alt_irq_vars.o)
 .data          0x0000000000023854        0x0 D:/Temp/FPGA_EPFL/PWM_module/sw/nios/PWM_module_bsp/\libhal_bsp.a(alt_open.o)
 .data          0x0000000000023854        0x0 D:/Temp/FPGA_EPFL/PWM_module/sw/nios/PWM_module_bsp/\libhal_bsp.a(alt_release_fd.o)
 .data          0x0000000000023854        0x0 D:/Temp/FPGA_EPFL/PWM_module/sw/nios/PWM_module_bsp/\libhal_bsp.a(alt_tick.o)
 .data          0x0000000000023854        0x0 D:/Temp/FPGA_EPFL/PWM_module/sw/nios/PWM_module_bsp/\libhal_bsp.a(altera_nios2_gen2_irq.o)
 .data          0x0000000000023854        0x0 D:/Temp/FPGA_EPFL/PWM_module/sw/nios/PWM_module_bsp/\libhal_bsp.a(alt_exception_entry.o)
 .data          0x0000000000023854        0x0 D:/Temp/FPGA_EPFL/PWM_module/sw/nios/PWM_module_bsp/\libhal_bsp.a(alt_find_dev.o)
 .data          0x0000000000023854        0x0 D:/Temp/FPGA_EPFL/PWM_module/sw/nios/PWM_module_bsp/\libhal_bsp.a(alt_find_file.o)
 .data          0x0000000000023854        0x0 D:/Temp/FPGA_EPFL/PWM_module/sw/nios/PWM_module_bsp/\libhal_bsp.a(alt_get_fd.o)
 .data          0x0000000000023854        0x0 D:/Temp/FPGA_EPFL/PWM_module/sw/nios/PWM_module_bsp/\libhal_bsp.a(alt_icache_flush.o)
 .data          0x0000000000023854        0x0 D:/Temp/FPGA_EPFL/PWM_module/sw/nios/PWM_module_bsp/\libhal_bsp.a(alt_instruction_exception_entry.o)
 .data          0x0000000000023854        0x0 d:/logiciels/altera_lite/16.0/nios2eds/bin/gnu/h-x86_64-mingw32/bin/../lib/gcc/nios2-elf/5.2.0/../../../../../H-x86_64-mingw32/nios2-elf/lib\libc.a(lib_a-atexit.o)
 .data          0x0000000000023854        0x0 d:/logiciels/altera_lite/16.0/nios2eds/bin/gnu/h-x86_64-mingw32/bin/../lib/gcc/nios2-elf/5.2.0/../../../../../H-x86_64-mingw32/nios2-elf/lib\libc.a(lib_a-exit.o)
 .data          0x0000000000023854        0x0 d:/logiciels/altera_lite/16.0/nios2eds/bin/gnu/h-x86_64-mingw32/bin/../lib/gcc/nios2-elf/5.2.0/../../../../../H-x86_64-mingw32/nios2-elf/lib\libc.a(lib_a-impure.o)
 .data.impure_data
                0x0000000000023854      0x424 d:/logiciels/altera_lite/16.0/nios2eds/bin/gnu/h-x86_64-mingw32/bin/../lib/gcc/nios2-elf/5.2.0/../../../../../H-x86_64-mingw32/nios2-elf/lib\libc.a(lib_a-impure.o)
 .data          0x0000000000023c78        0x0 d:/logiciels/altera_lite/16.0/nios2eds/bin/gnu/h-x86_64-mingw32/bin/../lib/gcc/nios2-elf/5.2.0/../../../../../H-x86_64-mingw32/nios2-elf/lib\libc.a(lib_a-int_errno.o)
 .data          0x0000000000023c78        0x0 d:/logiciels/altera_lite/16.0/nios2eds/bin/gnu/h-x86_64-mingw32/bin/../lib/gcc/nios2-elf/5.2.0/../../../../../H-x86_64-mingw32/nios2-elf/lib\libc.a(lib_a-memcmp.o)
 .data          0x0000000000023c78        0x0 d:/logiciels/altera_lite/16.0/nios2eds/bin/gnu/h-x86_64-mingw32/bin/../lib/gcc/nios2-elf/5.2.0/../../../../../H-x86_64-mingw32/nios2-elf/lib\libc.a(lib_a-memcpy.o)
 .data          0x0000000000023c78        0x0 d:/logiciels/altera_lite/16.0/nios2eds/bin/gnu/h-x86_64-mingw32/bin/../lib/gcc/nios2-elf/5.2.0/../../../../../H-x86_64-mingw32/nios2-elf/lib\libc.a(lib_a-strlen.o)
 .data          0x0000000000023c78        0x0 d:/logiciels/altera_lite/16.0/nios2eds/bin/gnu/h-x86_64-mingw32/bin/../lib/gcc/nios2-elf/5.2.0/../../../../../H-x86_64-mingw32/nios2-elf/lib\libc.a(lib_a-__atexit.o)
 .data          0x0000000000023c78        0x0 d:/logiciels/altera_lite/16.0/nios2eds/bin/gnu/h-x86_64-mingw32/bin/../lib/gcc/nios2-elf/5.2.0/../../../../../H-x86_64-mingw32/nios2-elf/lib\libc.a(lib_a-__call_atexit.o)
 .data          0x0000000000023c78        0x0 D:/Temp/FPGA_EPFL/PWM_module/sw/nios/PWM_module_bsp/\libhal_bsp.a(alt_exit.o)
                0x000000000002bc78                _gp = ABSOLUTE ((. + 0x8000))
                [!provide]                        PROVIDE (gp, _gp)
 *(.rwdata .rwdata.*)
 *(.sdata .sdata.* .gnu.linkonce.s.*)
 .sdata         0x0000000000023c78       0x14 D:/Temp/FPGA_EPFL/PWM_module/sw/nios/PWM_module_bsp/\libhal_bsp.a(alt_dev.o)
                0x0000000000023c78                alt_fs_list
                0x0000000000023c80                alt_dev_list
                0x0000000000023c88                alt_max_fd
 .sdata         0x0000000000023c8c        0x4 D:/Temp/FPGA_EPFL/PWM_module/sw/nios/PWM_module_bsp/\libhal_bsp.a(alt_errno.o)
                0x0000000000023c8c                alt_errno
 .sdata         0x0000000000023c90        0x4 D:/Temp/FPGA_EPFL/PWM_module/sw/nios/PWM_module_bsp/\libhal_bsp.a(alt_irq_vars.o)
                0x0000000000023c90                alt_priority_mask
 .sdata         0x0000000000023c94        0x8 D:/Temp/FPGA_EPFL/PWM_module/sw/nios/PWM_module_bsp/\libhal_bsp.a(alt_tick.o)
                0x0000000000023c94                alt_alarm_list
 .sdata._global_impure_ptr
                0x0000000000023c9c        0x4 d:/logiciels/altera_lite/16.0/nios2eds/bin/gnu/h-x86_64-mingw32/bin/../lib/gcc/nios2-elf/5.2.0/../../../../../H-x86_64-mingw32/nios2-elf/lib\libc.a(lib_a-impure.o)
                0x0000000000023c9c                _global_impure_ptr
 .sdata._impure_ptr
                0x0000000000023ca0        0x4 d:/logiciels/altera_lite/16.0/nios2eds/bin/gnu/h-x86_64-mingw32/bin/../lib/gcc/nios2-elf/5.2.0/../../../../../H-x86_64-mingw32/nios2-elf/lib\libc.a(lib_a-impure.o)
                0x0000000000023ca0                _impure_ptr
 *(.sdata2 .sdata2.* .gnu.linkonce.s2.*)
                0x0000000000023ca4                . = ALIGN (0x4)
                0x0000000000023ca4                _edata = ABSOLUTE (.)
                [!provide]                        PROVIDE (edata, ABSOLUTE (.))
                0x0000000000023ca4                PROVIDE (__ram_rwdata_end, ABSOLUTE (.))
                0x0000000000023ca4                PROVIDE (__flash_rwdata_start, LOADADDR (.rwdata))

.bss            0x00000000000252fc      0x120
                0x00000000000252fc                __bss_start = ABSOLUTE (.)
                [!provide]                        PROVIDE (__sbss_start, ABSOLUTE (.))
                [!provide]                        PROVIDE (___sbss_start, ABSOLUTE (.))
 *(.dynsbss)
 *(.sbss .sbss.* .gnu.linkonce.sb.*)
 .sbss          0x00000000000252fc        0xc D:/Temp/FPGA_EPFL/PWM_module/sw/nios/PWM_module_bsp/\libhal_bsp.a(alt_main.o)
                0x00000000000252fc                alt_argc
                0x0000000000025300                alt_argv
                0x0000000000025304                alt_envp
 .sbss          0x0000000000025308        0x4 D:/Temp/FPGA_EPFL/PWM_module/sw/nios/PWM_module_bsp/\libhal_bsp.a(alt_irq_vars.o)
                0x0000000000025308                alt_irq_active
 .sbss          0x000000000002530c        0x8 D:/Temp/FPGA_EPFL/PWM_module/sw/nios/PWM_module_bsp/\libhal_bsp.a(alt_tick.o)
                0x000000000002530c                _alt_tick_rate
                0x0000000000025310                _alt_nticks
 .sbss          0x0000000000025314        0x4 D:/Temp/FPGA_EPFL/PWM_module/sw/nios/PWM_module_bsp/\libhal_bsp.a(alt_instruction_exception_entry.o)
                0x0000000000025314                alt_instruction_exception_handler
 .sbss          0x0000000000025318        0x4 d:/logiciels/altera_lite/16.0/nios2eds/bin/gnu/h-x86_64-mingw32/bin/../lib/gcc/nios2-elf/5.2.0/../../../../../H-x86_64-mingw32/nios2-elf/lib\libc.a(lib_a-int_errno.o)
                0x0000000000025318                errno
 *(.sbss2 .sbss2.* .gnu.linkonce.sb2.*)
 *(.scommon)
                [!provide]                        PROVIDE (__sbss_end, ABSOLUTE (.))
                [!provide]                        PROVIDE (___sbss_end, ABSOLUTE (.))
 *(.dynbss)
 *(.bss .bss.* .gnu.linkonce.b.*)
 .bss           0x000000000002531c        0x0 D:/Temp/FPGA_EPFL/PWM_module/sw/nios/PWM_module_bsp//obj/HAL/src/crt0.o
 .bss           0x000000000002531c        0x0 obj/default/PWM.o
 .bss           0x000000000002531c        0x0 D:/Temp/FPGA_EPFL/PWM_module/sw/nios/PWM_module_bsp/\libhal_bsp.a(alt_load.o)
 .bss           0x000000000002531c        0x0 D:/Temp/FPGA_EPFL/PWM_module/sw/nios/PWM_module_bsp/\libhal_bsp.a(alt_main.o)
 .bss           0x000000000002531c        0x0 D:/Temp/FPGA_EPFL/PWM_module/sw/nios/PWM_module_bsp/\libhal_bsp.a(alt_sys_init.o)
 .bss           0x000000000002531c        0x0 D:/Temp/FPGA_EPFL/PWM_module/sw/nios/PWM_module_bsp/\libhal_bsp.a(altera_avalon_jtag_uart_fd.o)
 .bss           0x000000000002531c        0x0 D:/Temp/FPGA_EPFL/PWM_module/sw/nios/PWM_module_bsp/\libhal_bsp.a(altera_avalon_jtag_uart_init.o)
 .bss           0x000000000002531c        0x0 D:/Temp/FPGA_EPFL/PWM_module/sw/nios/PWM_module_bsp/\libhal_bsp.a(altera_avalon_jtag_uart_ioctl.o)
 .bss           0x000000000002531c        0x0 D:/Temp/FPGA_EPFL/PWM_module/sw/nios/PWM_module_bsp/\libhal_bsp.a(altera_avalon_jtag_uart_read.o)
 .bss           0x000000000002531c        0x0 D:/Temp/FPGA_EPFL/PWM_module/sw/nios/PWM_module_bsp/\libhal_bsp.a(altera_avalon_jtag_uart_write.o)
 .bss           0x000000000002531c        0x0 D:/Temp/FPGA_EPFL/PWM_module/sw/nios/PWM_module_bsp/\libhal_bsp.a(alt_alarm_start.o)
 .bss           0x000000000002531c        0x0 D:/Temp/FPGA_EPFL/PWM_module/sw/nios/PWM_module_bsp/\libhal_bsp.a(alt_close.o)
 .bss           0x000000000002531c        0x0 D:/Temp/FPGA_EPFL/PWM_module/sw/nios/PWM_module_bsp/\libhal_bsp.a(alt_dcache_flush_all.o)
 .bss           0x000000000002531c        0x0 D:/Temp/FPGA_EPFL/PWM_module/sw/nios/PWM_module_bsp/\libhal_bsp.a(alt_dev.o)
 .bss           0x000000000002531c        0x0 D:/Temp/FPGA_EPFL/PWM_module/sw/nios/PWM_module_bsp/\libhal_bsp.a(alt_dev_llist_insert.o)
 .bss           0x000000000002531c        0x0 D:/Temp/FPGA_EPFL/PWM_module/sw/nios/PWM_module_bsp/\libhal_bsp.a(alt_do_ctors.o)
 .bss           0x000000000002531c        0x0 D:/Temp/FPGA_EPFL/PWM_module/sw/nios/PWM_module_bsp/\libhal_bsp.a(alt_do_dtors.o)
 .bss           0x000000000002531c        0x0 D:/Temp/FPGA_EPFL/PWM_module/sw/nios/PWM_module_bsp/\libhal_bsp.a(alt_errno.o)
 .bss           0x000000000002531c        0x0 D:/Temp/FPGA_EPFL/PWM_module/sw/nios/PWM_module_bsp/\libhal_bsp.a(alt_icache_flush_all.o)
 .bss           0x000000000002531c        0x0 D:/Temp/FPGA_EPFL/PWM_module/sw/nios/PWM_module_bsp/\libhal_bsp.a(alt_iic.o)
 .bss           0x000000000002531c        0x0 D:/Temp/FPGA_EPFL/PWM_module/sw/nios/PWM_module_bsp/\libhal_bsp.a(alt_iic_isr_register.o)
 .bss           0x000000000002531c        0x0 D:/Temp/FPGA_EPFL/PWM_module/sw/nios/PWM_module_bsp/\libhal_bsp.a(alt_io_redirect.o)
 .bss           0x000000000002531c        0x0 D:/Temp/FPGA_EPFL/PWM_module/sw/nios/PWM_module_bsp/\libhal_bsp.a(alt_irq_entry.o)
 .bss           0x000000000002531c        0x0 D:/Temp/FPGA_EPFL/PWM_module/sw/nios/PWM_module_bsp/\libhal_bsp.a(alt_irq_handler.o)
 .bss           0x000000000002531c        0x0 D:/Temp/FPGA_EPFL/PWM_module/sw/nios/PWM_module_bsp/\libhal_bsp.a(alt_irq_vars.o)
 .bss           0x000000000002531c        0x0 D:/Temp/FPGA_EPFL/PWM_module/sw/nios/PWM_module_bsp/\libhal_bsp.a(alt_open.o)
 .bss           0x000000000002531c        0x0 D:/Temp/FPGA_EPFL/PWM_module/sw/nios/PWM_module_bsp/\libhal_bsp.a(alt_release_fd.o)
 .bss           0x000000000002531c        0x0 D:/Temp/FPGA_EPFL/PWM_module/sw/nios/PWM_module_bsp/\libhal_bsp.a(alt_tick.o)
 .bss           0x000000000002531c        0x0 D:/Temp/FPGA_EPFL/PWM_module/sw/nios/PWM_module_bsp/\libhal_bsp.a(altera_nios2_gen2_irq.o)
 .bss           0x000000000002531c        0x0 D:/Temp/FPGA_EPFL/PWM_module/sw/nios/PWM_module_bsp/\libhal_bsp.a(alt_exception_entry.o)
 .bss           0x000000000002531c        0x0 D:/Temp/FPGA_EPFL/PWM_module/sw/nios/PWM_module_bsp/\libhal_bsp.a(alt_find_dev.o)
 .bss           0x000000000002531c        0x0 D:/Temp/FPGA_EPFL/PWM_module/sw/nios/PWM_module_bsp/\libhal_bsp.a(alt_find_file.o)
 .bss           0x000000000002531c        0x0 D:/Temp/FPGA_EPFL/PWM_module/sw/nios/PWM_module_bsp/\libhal_bsp.a(alt_get_fd.o)
 .bss           0x000000000002531c        0x0 D:/Temp/FPGA_EPFL/PWM_module/sw/nios/PWM_module_bsp/\libhal_bsp.a(alt_icache_flush.o)
 .bss           0x000000000002531c        0x0 D:/Temp/FPGA_EPFL/PWM_module/sw/nios/PWM_module_bsp/\libhal_bsp.a(alt_instruction_exception_entry.o)
 .bss           0x000000000002531c        0x0 d:/logiciels/altera_lite/16.0/nios2eds/bin/gnu/h-x86_64-mingw32/bin/../lib/gcc/nios2-elf/5.2.0/../../../../../H-x86_64-mingw32/nios2-elf/lib\libc.a(lib_a-atexit.o)
 .bss           0x000000000002531c        0x0 d:/logiciels/altera_lite/16.0/nios2eds/bin/gnu/h-x86_64-mingw32/bin/../lib/gcc/nios2-elf/5.2.0/../../../../../H-x86_64-mingw32/nios2-elf/lib\libc.a(lib_a-exit.o)
 .bss           0x000000000002531c        0x0 d:/logiciels/altera_lite/16.0/nios2eds/bin/gnu/h-x86_64-mingw32/bin/../lib/gcc/nios2-elf/5.2.0/../../../../../H-x86_64-mingw32/nios2-elf/lib\libc.a(lib_a-impure.o)
 .bss           0x000000000002531c        0x0 d:/logiciels/altera_lite/16.0/nios2eds/bin/gnu/h-x86_64-mingw32/bin/../lib/gcc/nios2-elf/5.2.0/../../../../../H-x86_64-mingw32/nios2-elf/lib\libc.a(lib_a-int_errno.o)
 .bss           0x000000000002531c        0x0 d:/logiciels/altera_lite/16.0/nios2eds/bin/gnu/h-x86_64-mingw32/bin/../lib/gcc/nios2-elf/5.2.0/../../../../../H-x86_64-mingw32/nios2-elf/lib\libc.a(lib_a-memcmp.o)
 .bss           0x000000000002531c        0x0 d:/logiciels/altera_lite/16.0/nios2eds/bin/gnu/h-x86_64-mingw32/bin/../lib/gcc/nios2-elf/5.2.0/../../../../../H-x86_64-mingw32/nios2-elf/lib\libc.a(lib_a-memcpy.o)
 .bss           0x000000000002531c        0x0 d:/logiciels/altera_lite/16.0/nios2eds/bin/gnu/h-x86_64-mingw32/bin/../lib/gcc/nios2-elf/5.2.0/../../../../../H-x86_64-mingw32/nios2-elf/lib\libc.a(lib_a-strlen.o)
 .bss           0x000000000002531c        0x0 d:/logiciels/altera_lite/16.0/nios2eds/bin/gnu/h-x86_64-mingw32/bin/../lib/gcc/nios2-elf/5.2.0/../../../../../H-x86_64-mingw32/nios2-elf/lib\libc.a(lib_a-__atexit.o)
 .bss           0x000000000002531c        0x0 d:/logiciels/altera_lite/16.0/nios2eds/bin/gnu/h-x86_64-mingw32/bin/../lib/gcc/nios2-elf/5.2.0/../../../../../H-x86_64-mingw32/nios2-elf/lib\libc.a(lib_a-__call_atexit.o)
 .bss           0x000000000002531c        0x0 D:/Temp/FPGA_EPFL/PWM_module/sw/nios/PWM_module_bsp/\libhal_bsp.a(alt_exit.o)
 *(COMMON)
 COMMON         0x000000000002531c      0x100 D:/Temp/FPGA_EPFL/PWM_module/sw/nios/PWM_module_bsp/\libhal_bsp.a(alt_irq_handler.o)
                0x000000000002531c                alt_irq
                0x000000000002541c                . = ALIGN (0x4)
                0x000000000002541c                __bss_end = ABSOLUTE (.)

.onchip_memory2_0
                0x000000000002541c        0x0
                [!provide]                        PROVIDE (_alt_partition_onchip_memory2_0_start, ABSOLUTE (.))
 *(.onchip_memory2_0 .onchip_memory2_0. onchip_memory2_0.*)
                0x000000000002541c                . = ALIGN (0x4)
                [!provide]                        PROVIDE (_alt_partition_onchip_memory2_0_end, ABSOLUTE (.))
                0x000000000002541c                _end = ABSOLUTE (.)
                0x000000000002541c                end = ABSOLUTE (.)
                0x000000000002541c                __alt_stack_base = ABSOLUTE (.)
                [!provide]                        PROVIDE (_alt_partition_onchip_memory2_0_load_addr, LOADADDR (.onchip_memory2_0))

.stab
 *(.stab)

.stabstr
 *(.stabstr)

.stab.excl
 *(.stab.excl)

.stab.exclstr
 *(.stab.exclstr)

.stab.index
 *(.stab.index)

.stab.indexstr
 *(.stab.indexstr)

.comment        0x0000000000000000       0x23
 *(.comment)
 .comment       0x0000000000000000       0x23 obj/default/PWM.o
                                         0x24 (size before relaxing)
 .comment       0x0000000000000023       0x24 D:/Temp/FPGA_EPFL/PWM_module/sw/nios/PWM_module_bsp/\libhal_bsp.a(alt_load.o)
 .comment       0x0000000000000023       0x24 D:/Temp/FPGA_EPFL/PWM_module/sw/nios/PWM_module_bsp/\libhal_bsp.a(alt_main.o)
 .comment       0x0000000000000023       0x24 D:/Temp/FPGA_EPFL/PWM_module/sw/nios/PWM_module_bsp/\libhal_bsp.a(alt_sys_init.o)
 .comment       0x0000000000000023       0x24 D:/Temp/FPGA_EPFL/PWM_module/sw/nios/PWM_module_bsp/\libhal_bsp.a(altera_avalon_jtag_uart_fd.o)
 .comment       0x0000000000000023       0x24 D:/Temp/FPGA_EPFL/PWM_module/sw/nios/PWM_module_bsp/\libhal_bsp.a(altera_avalon_jtag_uart_init.o)
 .comment       0x0000000000000023       0x24 D:/Temp/FPGA_EPFL/PWM_module/sw/nios/PWM_module_bsp/\libhal_bsp.a(altera_avalon_jtag_uart_ioctl.o)
 .comment       0x0000000000000023       0x24 D:/Temp/FPGA_EPFL/PWM_module/sw/nios/PWM_module_bsp/\libhal_bsp.a(altera_avalon_jtag_uart_read.o)
 .comment       0x0000000000000023       0x24 D:/Temp/FPGA_EPFL/PWM_module/sw/nios/PWM_module_bsp/\libhal_bsp.a(altera_avalon_jtag_uart_write.o)
 .comment       0x0000000000000023       0x24 D:/Temp/FPGA_EPFL/PWM_module/sw/nios/PWM_module_bsp/\libhal_bsp.a(alt_alarm_start.o)
 .comment       0x0000000000000023       0x24 D:/Temp/FPGA_EPFL/PWM_module/sw/nios/PWM_module_bsp/\libhal_bsp.a(alt_close.o)
 .comment       0x0000000000000023       0x24 D:/Temp/FPGA_EPFL/PWM_module/sw/nios/PWM_module_bsp/\libhal_bsp.a(alt_dcache_flush_all.o)
 .comment       0x0000000000000023       0x24 D:/Temp/FPGA_EPFL/PWM_module/sw/nios/PWM_module_bsp/\libhal_bsp.a(alt_dev.o)
 .comment       0x0000000000000023       0x24 D:/Temp/FPGA_EPFL/PWM_module/sw/nios/PWM_module_bsp/\libhal_bsp.a(alt_dev_llist_insert.o)
 .comment       0x0000000000000023       0x24 D:/Temp/FPGA_EPFL/PWM_module/sw/nios/PWM_module_bsp/\libhal_bsp.a(alt_do_ctors.o)
 .comment       0x0000000000000023       0x24 D:/Temp/FPGA_EPFL/PWM_module/sw/nios/PWM_module_bsp/\libhal_bsp.a(alt_do_dtors.o)
 .comment       0x0000000000000023       0x24 D:/Temp/FPGA_EPFL/PWM_module/sw/nios/PWM_module_bsp/\libhal_bsp.a(alt_errno.o)
 .comment       0x0000000000000023       0x24 D:/Temp/FPGA_EPFL/PWM_module/sw/nios/PWM_module_bsp/\libhal_bsp.a(alt_icache_flush_all.o)
 .comment       0x0000000000000023       0x24 D:/Temp/FPGA_EPFL/PWM_module/sw/nios/PWM_module_bsp/\libhal_bsp.a(alt_iic.o)
 .comment       0x0000000000000023       0x24 D:/Temp/FPGA_EPFL/PWM_module/sw/nios/PWM_module_bsp/\libhal_bsp.a(alt_iic_isr_register.o)
 .comment       0x0000000000000023       0x24 D:/Temp/FPGA_EPFL/PWM_module/sw/nios/PWM_module_bsp/\libhal_bsp.a(alt_io_redirect.o)
 .comment       0x0000000000000023       0x24 D:/Temp/FPGA_EPFL/PWM_module/sw/nios/PWM_module_bsp/\libhal_bsp.a(alt_irq_handler.o)
 .comment       0x0000000000000023       0x24 D:/Temp/FPGA_EPFL/PWM_module/sw/nios/PWM_module_bsp/\libhal_bsp.a(alt_irq_vars.o)
 .comment       0x0000000000000023       0x24 D:/Temp/FPGA_EPFL/PWM_module/sw/nios/PWM_module_bsp/\libhal_bsp.a(alt_open.o)
 .comment       0x0000000000000023       0x24 D:/Temp/FPGA_EPFL/PWM_module/sw/nios/PWM_module_bsp/\libhal_bsp.a(alt_release_fd.o)
 .comment       0x0000000000000023       0x24 D:/Temp/FPGA_EPFL/PWM_module/sw/nios/PWM_module_bsp/\libhal_bsp.a(alt_tick.o)
 .comment       0x0000000000000023       0x24 D:/Temp/FPGA_EPFL/PWM_module/sw/nios/PWM_module_bsp/\libhal_bsp.a(altera_nios2_gen2_irq.o)
 .comment       0x0000000000000023       0x24 D:/Temp/FPGA_EPFL/PWM_module/sw/nios/PWM_module_bsp/\libhal_bsp.a(alt_find_dev.o)
 .comment       0x0000000000000023       0x24 D:/Temp/FPGA_EPFL/PWM_module/sw/nios/PWM_module_bsp/\libhal_bsp.a(alt_find_file.o)
 .comment       0x0000000000000023       0x24 D:/Temp/FPGA_EPFL/PWM_module/sw/nios/PWM_module_bsp/\libhal_bsp.a(alt_get_fd.o)
 .comment       0x0000000000000023       0x24 D:/Temp/FPGA_EPFL/PWM_module/sw/nios/PWM_module_bsp/\libhal_bsp.a(alt_icache_flush.o)
 .comment       0x0000000000000023       0x24 D:/Temp/FPGA_EPFL/PWM_module/sw/nios/PWM_module_bsp/\libhal_bsp.a(alt_instruction_exception_entry.o)
 .comment       0x0000000000000023       0x24 d:/logiciels/altera_lite/16.0/nios2eds/bin/gnu/h-x86_64-mingw32/bin/../lib/gcc/nios2-elf/5.2.0/../../../../../H-x86_64-mingw32/nios2-elf/lib\libc.a(lib_a-atexit.o)
 .comment       0x0000000000000023       0x24 d:/logiciels/altera_lite/16.0/nios2eds/bin/gnu/h-x86_64-mingw32/bin/../lib/gcc/nios2-elf/5.2.0/../../../../../H-x86_64-mingw32/nios2-elf/lib\libc.a(lib_a-exit.o)
 .comment       0x0000000000000023       0x24 d:/logiciels/altera_lite/16.0/nios2eds/bin/gnu/h-x86_64-mingw32/bin/../lib/gcc/nios2-elf/5.2.0/../../../../../H-x86_64-mingw32/nios2-elf/lib\libc.a(lib_a-impure.o)
 .comment       0x0000000000000023       0x24 d:/logiciels/altera_lite/16.0/nios2eds/bin/gnu/h-x86_64-mingw32/bin/../lib/gcc/nios2-elf/5.2.0/../../../../../H-x86_64-mingw32/nios2-elf/lib\libc.a(lib_a-int_errno.o)
 .comment       0x0000000000000023       0x24 d:/logiciels/altera_lite/16.0/nios2eds/bin/gnu/h-x86_64-mingw32/bin/../lib/gcc/nios2-elf/5.2.0/../../../../../H-x86_64-mingw32/nios2-elf/lib\libc.a(lib_a-memcmp.o)
 .comment       0x0000000000000023       0x24 d:/logiciels/altera_lite/16.0/nios2eds/bin/gnu/h-x86_64-mingw32/bin/../lib/gcc/nios2-elf/5.2.0/../../../../../H-x86_64-mingw32/nios2-elf/lib\libc.a(lib_a-memcpy.o)
 .comment       0x0000000000000023       0x24 d:/logiciels/altera_lite/16.0/nios2eds/bin/gnu/h-x86_64-mingw32/bin/../lib/gcc/nios2-elf/5.2.0/../../../../../H-x86_64-mingw32/nios2-elf/lib\libc.a(lib_a-strlen.o)
 .comment       0x0000000000000023       0x24 d:/logiciels/altera_lite/16.0/nios2eds/bin/gnu/h-x86_64-mingw32/bin/../lib/gcc/nios2-elf/5.2.0/../../../../../H-x86_64-mingw32/nios2-elf/lib\libc.a(lib_a-__atexit.o)
 .comment       0x0000000000000023       0x24 d:/logiciels/altera_lite/16.0/nios2eds/bin/gnu/h-x86_64-mingw32/bin/../lib/gcc/nios2-elf/5.2.0/../../../../../H-x86_64-mingw32/nios2-elf/lib\libc.a(lib_a-__call_atexit.o)
 .comment       0x0000000000000023       0x24 D:/Temp/FPGA_EPFL/PWM_module/sw/nios/PWM_module_bsp/\libhal_bsp.a(alt_exit.o)

.debug
 *(.debug)

.line
 *(.line)

.debug_srcinfo
 *(.debug_srcinfo)

.debug_sfnames
 *(.debug_sfnames)

.debug_aranges  0x0000000000000000      0x5b8
 *(.debug_aranges)
 .debug_aranges
                0x0000000000000000       0x28 D:/Temp/FPGA_EPFL/PWM_module/sw/nios/PWM_module_bsp//obj/HAL/src/crt0.o
 .debug_aranges
                0x0000000000000028       0x20 obj/default/PWM.o
 .debug_aranges
                0x0000000000000048       0x20 D:/Temp/FPGA_EPFL/PWM_module/sw/nios/PWM_module_bsp/\libhal_bsp.a(alt_load.o)
 .debug_aranges
                0x0000000000000068       0x20 D:/Temp/FPGA_EPFL/PWM_module/sw/nios/PWM_module_bsp/\libhal_bsp.a(alt_main.o)
 .debug_aranges
                0x0000000000000088       0x20 D:/Temp/FPGA_EPFL/PWM_module/sw/nios/PWM_module_bsp/\libhal_bsp.a(alt_sys_init.o)
 .debug_aranges
                0x00000000000000a8       0x20 D:/Temp/FPGA_EPFL/PWM_module/sw/nios/PWM_module_bsp/\libhal_bsp.a(altera_avalon_jtag_uart_fd.o)
 .debug_aranges
                0x00000000000000c8       0x20 D:/Temp/FPGA_EPFL/PWM_module/sw/nios/PWM_module_bsp/\libhal_bsp.a(altera_avalon_jtag_uart_init.o)
 .debug_aranges
                0x00000000000000e8       0x20 D:/Temp/FPGA_EPFL/PWM_module/sw/nios/PWM_module_bsp/\libhal_bsp.a(altera_avalon_jtag_uart_ioctl.o)
 .debug_aranges
                0x0000000000000108       0x20 D:/Temp/FPGA_EPFL/PWM_module/sw/nios/PWM_module_bsp/\libhal_bsp.a(altera_avalon_jtag_uart_read.o)
 .debug_aranges
                0x0000000000000128       0x20 D:/Temp/FPGA_EPFL/PWM_module/sw/nios/PWM_module_bsp/\libhal_bsp.a(altera_avalon_jtag_uart_write.o)
 .debug_aranges
                0x0000000000000148       0x20 D:/Temp/FPGA_EPFL/PWM_module/sw/nios/PWM_module_bsp/\libhal_bsp.a(alt_alarm_start.o)
 .debug_aranges
                0x0000000000000168       0x20 D:/Temp/FPGA_EPFL/PWM_module/sw/nios/PWM_module_bsp/\libhal_bsp.a(alt_close.o)
 .debug_aranges
                0x0000000000000188       0x20 D:/Temp/FPGA_EPFL/PWM_module/sw/nios/PWM_module_bsp/\libhal_bsp.a(alt_dcache_flush_all.o)
 .debug_aranges
                0x00000000000001a8       0x20 D:/Temp/FPGA_EPFL/PWM_module/sw/nios/PWM_module_bsp/\libhal_bsp.a(alt_dev.o)
 .debug_aranges
                0x00000000000001c8       0x20 D:/Temp/FPGA_EPFL/PWM_module/sw/nios/PWM_module_bsp/\libhal_bsp.a(alt_dev_llist_insert.o)
 .debug_aranges
                0x00000000000001e8       0x20 D:/Temp/FPGA_EPFL/PWM_module/sw/nios/PWM_module_bsp/\libhal_bsp.a(alt_do_ctors.o)
 .debug_aranges
                0x0000000000000208       0x20 D:/Temp/FPGA_EPFL/PWM_module/sw/nios/PWM_module_bsp/\libhal_bsp.a(alt_do_dtors.o)
 .debug_aranges
                0x0000000000000228       0x18 D:/Temp/FPGA_EPFL/PWM_module/sw/nios/PWM_module_bsp/\libhal_bsp.a(alt_errno.o)
 .debug_aranges
                0x0000000000000240       0x20 D:/Temp/FPGA_EPFL/PWM_module/sw/nios/PWM_module_bsp/\libhal_bsp.a(alt_icache_flush_all.o)
 .debug_aranges
                0x0000000000000260       0x20 D:/Temp/FPGA_EPFL/PWM_module/sw/nios/PWM_module_bsp/\libhal_bsp.a(alt_iic.o)
 .debug_aranges
                0x0000000000000280       0x20 D:/Temp/FPGA_EPFL/PWM_module/sw/nios/PWM_module_bsp/\libhal_bsp.a(alt_iic_isr_register.o)
 .debug_aranges
                0x00000000000002a0       0x20 D:/Temp/FPGA_EPFL/PWM_module/sw/nios/PWM_module_bsp/\libhal_bsp.a(alt_io_redirect.o)
 .debug_aranges
                0x00000000000002c0       0x30 D:/Temp/FPGA_EPFL/PWM_module/sw/nios/PWM_module_bsp/\libhal_bsp.a(alt_irq_entry.o)
 .debug_aranges
                0x00000000000002f0       0x20 D:/Temp/FPGA_EPFL/PWM_module/sw/nios/PWM_module_bsp/\libhal_bsp.a(alt_irq_handler.o)
 .debug_aranges
                0x0000000000000310       0x18 D:/Temp/FPGA_EPFL/PWM_module/sw/nios/PWM_module_bsp/\libhal_bsp.a(alt_irq_vars.o)
 .debug_aranges
                0x0000000000000328       0x20 D:/Temp/FPGA_EPFL/PWM_module/sw/nios/PWM_module_bsp/\libhal_bsp.a(alt_open.o)
 .debug_aranges
                0x0000000000000348       0x20 D:/Temp/FPGA_EPFL/PWM_module/sw/nios/PWM_module_bsp/\libhal_bsp.a(alt_release_fd.o)
 .debug_aranges
                0x0000000000000368       0x20 D:/Temp/FPGA_EPFL/PWM_module/sw/nios/PWM_module_bsp/\libhal_bsp.a(alt_tick.o)
 .debug_aranges
                0x0000000000000388       0x20 D:/Temp/FPGA_EPFL/PWM_module/sw/nios/PWM_module_bsp/\libhal_bsp.a(altera_nios2_gen2_irq.o)
 .debug_aranges
                0x00000000000003a8       0x38 D:/Temp/FPGA_EPFL/PWM_module/sw/nios/PWM_module_bsp/\libhal_bsp.a(alt_exception_entry.o)
 .debug_aranges
                0x00000000000003e0       0x20 D:/Temp/FPGA_EPFL/PWM_module/sw/nios/PWM_module_bsp/\libhal_bsp.a(alt_find_dev.o)
 .debug_aranges
                0x0000000000000400       0x20 D:/Temp/FPGA_EPFL/PWM_module/sw/nios/PWM_module_bsp/\libhal_bsp.a(alt_find_file.o)
 .debug_aranges
                0x0000000000000420       0x20 D:/Temp/FPGA_EPFL/PWM_module/sw/nios/PWM_module_bsp/\libhal_bsp.a(alt_get_fd.o)
 .debug_aranges
                0x0000000000000440       0x20 D:/Temp/FPGA_EPFL/PWM_module/sw/nios/PWM_module_bsp/\libhal_bsp.a(alt_icache_flush.o)
 .debug_aranges
                0x0000000000000460       0x28 D:/Temp/FPGA_EPFL/PWM_module/sw/nios/PWM_module_bsp/\libhal_bsp.a(alt_instruction_exception_entry.o)
 .debug_aranges
                0x0000000000000488       0x20 d:/logiciels/altera_lite/16.0/nios2eds/bin/gnu/h-x86_64-mingw32/bin/../lib/gcc/nios2-elf/5.2.0/../../../../../H-x86_64-mingw32/nios2-elf/lib\libc.a(lib_a-atexit.o)
 .debug_aranges
                0x00000000000004a8       0x20 d:/logiciels/altera_lite/16.0/nios2eds/bin/gnu/h-x86_64-mingw32/bin/../lib/gcc/nios2-elf/5.2.0/../../../../../H-x86_64-mingw32/nios2-elf/lib\libc.a(lib_a-exit.o)
 .debug_aranges
                0x00000000000004c8       0x18 d:/logiciels/altera_lite/16.0/nios2eds/bin/gnu/h-x86_64-mingw32/bin/../lib/gcc/nios2-elf/5.2.0/../../../../../H-x86_64-mingw32/nios2-elf/lib\libc.a(lib_a-impure.o)
 .debug_aranges
                0x00000000000004e0       0x18 d:/logiciels/altera_lite/16.0/nios2eds/bin/gnu/h-x86_64-mingw32/bin/../lib/gcc/nios2-elf/5.2.0/../../../../../H-x86_64-mingw32/nios2-elf/lib\libc.a(lib_a-int_errno.o)
 .debug_aranges
                0x00000000000004f8       0x20 d:/logiciels/altera_lite/16.0/nios2eds/bin/gnu/h-x86_64-mingw32/bin/../lib/gcc/nios2-elf/5.2.0/../../../../../H-x86_64-mingw32/nios2-elf/lib\libc.a(lib_a-memcmp.o)
 .debug_aranges
                0x0000000000000518       0x20 d:/logiciels/altera_lite/16.0/nios2eds/bin/gnu/h-x86_64-mingw32/bin/../lib/gcc/nios2-elf/5.2.0/../../../../../H-x86_64-mingw32/nios2-elf/lib\libc.a(lib_a-memcpy.o)
 .debug_aranges
                0x0000000000000538       0x20 d:/logiciels/altera_lite/16.0/nios2eds/bin/gnu/h-x86_64-mingw32/bin/../lib/gcc/nios2-elf/5.2.0/../../../../../H-x86_64-mingw32/nios2-elf/lib\libc.a(lib_a-strlen.o)
 .debug_aranges
                0x0000000000000558       0x20 d:/logiciels/altera_lite/16.0/nios2eds/bin/gnu/h-x86_64-mingw32/bin/../lib/gcc/nios2-elf/5.2.0/../../../../../H-x86_64-mingw32/nios2-elf/lib\libc.a(lib_a-__atexit.o)
 .debug_aranges
                0x0000000000000578       0x20 d:/logiciels/altera_lite/16.0/nios2eds/bin/gnu/h-x86_64-mingw32/bin/../lib/gcc/nios2-elf/5.2.0/../../../../../H-x86_64-mingw32/nios2-elf/lib\libc.a(lib_a-__call_atexit.o)
 .debug_aranges
                0x0000000000000598       0x20 D:/Temp/FPGA_EPFL/PWM_module/sw/nios/PWM_module_bsp/\libhal_bsp.a(alt_exit.o)

.debug_pubnames
 *(.debug_pubnames)

.debug_info     0x0000000000000000     0x7520
 *(.debug_info .gnu.linkonce.wi.*)
 .debug_info    0x0000000000000000       0x68 D:/Temp/FPGA_EPFL/PWM_module/sw/nios/PWM_module_bsp//obj/HAL/src/crt0.o
 .debug_info    0x0000000000000068       0xb2 obj/default/PWM.o
 .debug_info    0x000000000000011a      0x145 D:/Temp/FPGA_EPFL/PWM_module/sw/nios/PWM_module_bsp/\libhal_bsp.a(alt_load.o)
 .debug_info    0x000000000000025f      0x131 D:/Temp/FPGA_EPFL/PWM_module/sw/nios/PWM_module_bsp/\libhal_bsp.a(alt_main.o)
 .debug_info    0x0000000000000390      0x4c3 D:/Temp/FPGA_EPFL/PWM_module/sw/nios/PWM_module_bsp/\libhal_bsp.a(alt_sys_init.o)
 .debug_info    0x0000000000000853      0x52e D:/Temp/FPGA_EPFL/PWM_module/sw/nios/PWM_module_bsp/\libhal_bsp.a(altera_avalon_jtag_uart_fd.o)
 .debug_info    0x0000000000000d81      0x3a0 D:/Temp/FPGA_EPFL/PWM_module/sw/nios/PWM_module_bsp/\libhal_bsp.a(altera_avalon_jtag_uart_init.o)
 .debug_info    0x0000000000001121      0x280 D:/Temp/FPGA_EPFL/PWM_module/sw/nios/PWM_module_bsp/\libhal_bsp.a(altera_avalon_jtag_uart_ioctl.o)
 .debug_info    0x00000000000013a1      0x345 D:/Temp/FPGA_EPFL/PWM_module/sw/nios/PWM_module_bsp/\libhal_bsp.a(altera_avalon_jtag_uart_read.o)
 .debug_info    0x00000000000016e6      0x340 D:/Temp/FPGA_EPFL/PWM_module/sw/nios/PWM_module_bsp/\libhal_bsp.a(altera_avalon_jtag_uart_write.o)
 .debug_info    0x0000000000001a26      0x2cc D:/Temp/FPGA_EPFL/PWM_module/sw/nios/PWM_module_bsp/\libhal_bsp.a(alt_alarm_start.o)
 .debug_info    0x0000000000001cf2      0x321 D:/Temp/FPGA_EPFL/PWM_module/sw/nios/PWM_module_bsp/\libhal_bsp.a(alt_close.o)
 .debug_info    0x0000000000002013       0xa5 D:/Temp/FPGA_EPFL/PWM_module/sw/nios/PWM_module_bsp/\libhal_bsp.a(alt_dcache_flush_all.o)
 .debug_info    0x00000000000020b8      0x49c D:/Temp/FPGA_EPFL/PWM_module/sw/nios/PWM_module_bsp/\libhal_bsp.a(alt_dev.o)
 .debug_info    0x0000000000002554      0x1a9 D:/Temp/FPGA_EPFL/PWM_module/sw/nios/PWM_module_bsp/\libhal_bsp.a(alt_dev_llist_insert.o)
 .debug_info    0x00000000000026fd       0x83 D:/Temp/FPGA_EPFL/PWM_module/sw/nios/PWM_module_bsp/\libhal_bsp.a(alt_do_ctors.o)
 .debug_info    0x0000000000002780       0x83 D:/Temp/FPGA_EPFL/PWM_module/sw/nios/PWM_module_bsp/\libhal_bsp.a(alt_do_dtors.o)
 .debug_info    0x0000000000002803       0xa6 D:/Temp/FPGA_EPFL/PWM_module/sw/nios/PWM_module_bsp/\libhal_bsp.a(alt_errno.o)
 .debug_info    0x00000000000028a9       0x92 D:/Temp/FPGA_EPFL/PWM_module/sw/nios/PWM_module_bsp/\libhal_bsp.a(alt_icache_flush_all.o)
 .debug_info    0x000000000000293b      0x350 D:/Temp/FPGA_EPFL/PWM_module/sw/nios/PWM_module_bsp/\libhal_bsp.a(alt_iic.o)
 .debug_info    0x0000000000002c8b      0x1ef D:/Temp/FPGA_EPFL/PWM_module/sw/nios/PWM_module_bsp/\libhal_bsp.a(alt_iic_isr_register.o)
 .debug_info    0x0000000000002e7a      0x4a5 D:/Temp/FPGA_EPFL/PWM_module/sw/nios/PWM_module_bsp/\libhal_bsp.a(alt_io_redirect.o)
 .debug_info    0x000000000000331f       0x71 D:/Temp/FPGA_EPFL/PWM_module/sw/nios/PWM_module_bsp/\libhal_bsp.a(alt_irq_entry.o)
 .debug_info    0x0000000000003390      0x187 D:/Temp/FPGA_EPFL/PWM_module/sw/nios/PWM_module_bsp/\libhal_bsp.a(alt_irq_handler.o)
 .debug_info    0x0000000000003517       0x88 D:/Temp/FPGA_EPFL/PWM_module/sw/nios/PWM_module_bsp/\libhal_bsp.a(alt_irq_vars.o)
 .debug_info    0x000000000000359f      0x3bb D:/Temp/FPGA_EPFL/PWM_module/sw/nios/PWM_module_bsp/\libhal_bsp.a(alt_open.o)
 .debug_info    0x000000000000395a      0x2b0 D:/Temp/FPGA_EPFL/PWM_module/sw/nios/PWM_module_bsp/\libhal_bsp.a(alt_release_fd.o)
 .debug_info    0x0000000000003c0a      0x299 D:/Temp/FPGA_EPFL/PWM_module/sw/nios/PWM_module_bsp/\libhal_bsp.a(alt_tick.o)
 .debug_info    0x0000000000003ea3       0x92 D:/Temp/FPGA_EPFL/PWM_module/sw/nios/PWM_module_bsp/\libhal_bsp.a(altera_nios2_gen2_irq.o)
 .debug_info    0x0000000000003f35       0x77 D:/Temp/FPGA_EPFL/PWM_module/sw/nios/PWM_module_bsp/\libhal_bsp.a(alt_exception_entry.o)
 .debug_info    0x0000000000003fac      0x2e9 D:/Temp/FPGA_EPFL/PWM_module/sw/nios/PWM_module_bsp/\libhal_bsp.a(alt_find_dev.o)
 .debug_info    0x0000000000004295      0x2e6 D:/Temp/FPGA_EPFL/PWM_module/sw/nios/PWM_module_bsp/\libhal_bsp.a(alt_find_file.o)
 .debug_info    0x000000000000457b      0x310 D:/Temp/FPGA_EPFL/PWM_module/sw/nios/PWM_module_bsp/\libhal_bsp.a(alt_get_fd.o)
 .debug_info    0x000000000000488b       0xdc D:/Temp/FPGA_EPFL/PWM_module/sw/nios/PWM_module_bsp/\libhal_bsp.a(alt_icache_flush.o)
 .debug_info    0x0000000000004967      0x1e7 D:/Temp/FPGA_EPFL/PWM_module/sw/nios/PWM_module_bsp/\libhal_bsp.a(alt_instruction_exception_entry.o)
 .debug_info    0x0000000000004b4e       0xfe d:/logiciels/altera_lite/16.0/nios2eds/bin/gnu/h-x86_64-mingw32/bin/../lib/gcc/nios2-elf/5.2.0/../../../../../H-x86_64-mingw32/nios2-elf/lib\libc.a(lib_a-atexit.o)
 .debug_info    0x0000000000004c4c      0x8e4 d:/logiciels/altera_lite/16.0/nios2eds/bin/gnu/h-x86_64-mingw32/bin/../lib/gcc/nios2-elf/5.2.0/../../../../../H-x86_64-mingw32/nios2-elf/lib\libc.a(lib_a-exit.o)
 .debug_info    0x0000000000005530      0x8a1 d:/logiciels/altera_lite/16.0/nios2eds/bin/gnu/h-x86_64-mingw32/bin/../lib/gcc/nios2-elf/5.2.0/../../../../../H-x86_64-mingw32/nios2-elf/lib\libc.a(lib_a-impure.o)
 .debug_info    0x0000000000005dd1       0x8a d:/logiciels/altera_lite/16.0/nios2eds/bin/gnu/h-x86_64-mingw32/bin/../lib/gcc/nios2-elf/5.2.0/../../../../../H-x86_64-mingw32/nios2-elf/lib\libc.a(lib_a-int_errno.o)
 .debug_info    0x0000000000005e5b      0x11a d:/logiciels/altera_lite/16.0/nios2eds/bin/gnu/h-x86_64-mingw32/bin/../lib/gcc/nios2-elf/5.2.0/../../../../../H-x86_64-mingw32/nios2-elf/lib\libc.a(lib_a-memcmp.o)
 .debug_info    0x0000000000005f75      0x144 d:/logiciels/altera_lite/16.0/nios2eds/bin/gnu/h-x86_64-mingw32/bin/../lib/gcc/nios2-elf/5.2.0/../../../../../H-x86_64-mingw32/nios2-elf/lib\libc.a(lib_a-memcpy.o)
 .debug_info    0x00000000000060b9       0xe2 d:/logiciels/altera_lite/16.0/nios2eds/bin/gnu/h-x86_64-mingw32/bin/../lib/gcc/nios2-elf/5.2.0/../../../../../H-x86_64-mingw32/nios2-elf/lib\libc.a(lib_a-strlen.o)
 .debug_info    0x000000000000619b      0x934 d:/logiciels/altera_lite/16.0/nios2eds/bin/gnu/h-x86_64-mingw32/bin/../lib/gcc/nios2-elf/5.2.0/../../../../../H-x86_64-mingw32/nios2-elf/lib\libc.a(lib_a-__atexit.o)
 .debug_info    0x0000000000006acf      0x965 d:/logiciels/altera_lite/16.0/nios2eds/bin/gnu/h-x86_64-mingw32/bin/../lib/gcc/nios2-elf/5.2.0/../../../../../H-x86_64-mingw32/nios2-elf/lib\libc.a(lib_a-__call_atexit.o)
 .debug_info    0x0000000000007434       0xec D:/Temp/FPGA_EPFL/PWM_module/sw/nios/PWM_module_bsp/\libhal_bsp.a(alt_exit.o)

.debug_abbrev   0x0000000000000000     0x2952
 *(.debug_abbrev)
 .debug_abbrev  0x0000000000000000       0x12 D:/Temp/FPGA_EPFL/PWM_module/sw/nios/PWM_module_bsp//obj/HAL/src/crt0.o
 .debug_abbrev  0x0000000000000012       0x69 obj/default/PWM.o
 .debug_abbrev  0x000000000000007b       0x9f D:/Temp/FPGA_EPFL/PWM_module/sw/nios/PWM_module_bsp/\libhal_bsp.a(alt_load.o)
 .debug_abbrev  0x000000000000011a       0xba D:/Temp/FPGA_EPFL/PWM_module/sw/nios/PWM_module_bsp/\libhal_bsp.a(alt_main.o)
 .debug_abbrev  0x00000000000001d4      0x187 D:/Temp/FPGA_EPFL/PWM_module/sw/nios/PWM_module_bsp/\libhal_bsp.a(alt_sys_init.o)
 .debug_abbrev  0x000000000000035b      0x127 D:/Temp/FPGA_EPFL/PWM_module/sw/nios/PWM_module_bsp/\libhal_bsp.a(altera_avalon_jtag_uart_fd.o)
 .debug_abbrev  0x0000000000000482      0x19e D:/Temp/FPGA_EPFL/PWM_module/sw/nios/PWM_module_bsp/\libhal_bsp.a(altera_avalon_jtag_uart_init.o)
 .debug_abbrev  0x0000000000000620      0x111 D:/Temp/FPGA_EPFL/PWM_module/sw/nios/PWM_module_bsp/\libhal_bsp.a(altera_avalon_jtag_uart_ioctl.o)
 .debug_abbrev  0x0000000000000731      0x1aa D:/Temp/FPGA_EPFL/PWM_module/sw/nios/PWM_module_bsp/\libhal_bsp.a(altera_avalon_jtag_uart_read.o)
 .debug_abbrev  0x00000000000008db      0x1a8 D:/Temp/FPGA_EPFL/PWM_module/sw/nios/PWM_module_bsp/\libhal_bsp.a(altera_avalon_jtag_uart_write.o)
 .debug_abbrev  0x0000000000000a83      0x162 D:/Temp/FPGA_EPFL/PWM_module/sw/nios/PWM_module_bsp/\libhal_bsp.a(alt_alarm_start.o)
 .debug_abbrev  0x0000000000000be5      0x11f D:/Temp/FPGA_EPFL/PWM_module/sw/nios/PWM_module_bsp/\libhal_bsp.a(alt_close.o)
 .debug_abbrev  0x0000000000000d04       0x5a D:/Temp/FPGA_EPFL/PWM_module/sw/nios/PWM_module_bsp/\libhal_bsp.a(alt_dcache_flush_all.o)
 .debug_abbrev  0x0000000000000d5e       0xd9 D:/Temp/FPGA_EPFL/PWM_module/sw/nios/PWM_module_bsp/\libhal_bsp.a(alt_dev.o)
 .debug_abbrev  0x0000000000000e37      0x114 D:/Temp/FPGA_EPFL/PWM_module/sw/nios/PWM_module_bsp/\libhal_bsp.a(alt_dev_llist_insert.o)
 .debug_abbrev  0x0000000000000f4b       0x79 D:/Temp/FPGA_EPFL/PWM_module/sw/nios/PWM_module_bsp/\libhal_bsp.a(alt_do_ctors.o)
 .debug_abbrev  0x0000000000000fc4       0x79 D:/Temp/FPGA_EPFL/PWM_module/sw/nios/PWM_module_bsp/\libhal_bsp.a(alt_do_dtors.o)
 .debug_abbrev  0x000000000000103d       0x5a D:/Temp/FPGA_EPFL/PWM_module/sw/nios/PWM_module_bsp/\libhal_bsp.a(alt_errno.o)
 .debug_abbrev  0x0000000000001097       0x42 D:/Temp/FPGA_EPFL/PWM_module/sw/nios/PWM_module_bsp/\libhal_bsp.a(alt_icache_flush_all.o)
 .debug_abbrev  0x00000000000010d9      0x163 D:/Temp/FPGA_EPFL/PWM_module/sw/nios/PWM_module_bsp/\libhal_bsp.a(alt_iic.o)
 .debug_abbrev  0x000000000000123c      0x169 D:/Temp/FPGA_EPFL/PWM_module/sw/nios/PWM_module_bsp/\libhal_bsp.a(alt_iic_isr_register.o)
 .debug_abbrev  0x00000000000013a5      0x114 D:/Temp/FPGA_EPFL/PWM_module/sw/nios/PWM_module_bsp/\libhal_bsp.a(alt_io_redirect.o)
 .debug_abbrev  0x00000000000014b9       0x12 D:/Temp/FPGA_EPFL/PWM_module/sw/nios/PWM_module_bsp/\libhal_bsp.a(alt_irq_entry.o)
 .debug_abbrev  0x00000000000014cb      0x122 D:/Temp/FPGA_EPFL/PWM_module/sw/nios/PWM_module_bsp/\libhal_bsp.a(alt_irq_handler.o)
 .debug_abbrev  0x00000000000015ed       0x40 D:/Temp/FPGA_EPFL/PWM_module/sw/nios/PWM_module_bsp/\libhal_bsp.a(alt_irq_vars.o)
 .debug_abbrev  0x000000000000162d      0x148 D:/Temp/FPGA_EPFL/PWM_module/sw/nios/PWM_module_bsp/\libhal_bsp.a(alt_open.o)
 .debug_abbrev  0x0000000000001775       0xde D:/Temp/FPGA_EPFL/PWM_module/sw/nios/PWM_module_bsp/\libhal_bsp.a(alt_release_fd.o)
 .debug_abbrev  0x0000000000001853      0x15a D:/Temp/FPGA_EPFL/PWM_module/sw/nios/PWM_module_bsp/\libhal_bsp.a(alt_tick.o)
 .debug_abbrev  0x00000000000019ad       0x42 D:/Temp/FPGA_EPFL/PWM_module/sw/nios/PWM_module_bsp/\libhal_bsp.a(altera_nios2_gen2_irq.o)
 .debug_abbrev  0x00000000000019ef       0x12 D:/Temp/FPGA_EPFL/PWM_module/sw/nios/PWM_module_bsp/\libhal_bsp.a(alt_exception_entry.o)
 .debug_abbrev  0x0000000000001a01       0xf0 D:/Temp/FPGA_EPFL/PWM_module/sw/nios/PWM_module_bsp/\libhal_bsp.a(alt_find_dev.o)
 .debug_abbrev  0x0000000000001af1       0xf0 D:/Temp/FPGA_EPFL/PWM_module/sw/nios/PWM_module_bsp/\libhal_bsp.a(alt_find_file.o)
 .debug_abbrev  0x0000000000001be1      0x10d D:/Temp/FPGA_EPFL/PWM_module/sw/nios/PWM_module_bsp/\libhal_bsp.a(alt_get_fd.o)
 .debug_abbrev  0x0000000000001cee       0x8c D:/Temp/FPGA_EPFL/PWM_module/sw/nios/PWM_module_bsp/\libhal_bsp.a(alt_icache_flush.o)
 .debug_abbrev  0x0000000000001d7a       0xdc D:/Temp/FPGA_EPFL/PWM_module/sw/nios/PWM_module_bsp/\libhal_bsp.a(alt_instruction_exception_entry.o)
 .debug_abbrev  0x0000000000001e56       0xaa d:/logiciels/altera_lite/16.0/nios2eds/bin/gnu/h-x86_64-mingw32/bin/../lib/gcc/nios2-elf/5.2.0/../../../../../H-x86_64-mingw32/nios2-elf/lib\libc.a(lib_a-atexit.o)
 .debug_abbrev  0x0000000000001f00      0x1e5 d:/logiciels/altera_lite/16.0/nios2eds/bin/gnu/h-x86_64-mingw32/bin/../lib/gcc/nios2-elf/5.2.0/../../../../../H-x86_64-mingw32/nios2-elf/lib\libc.a(lib_a-exit.o)
 .debug_abbrev  0x00000000000020e5      0x18f d:/logiciels/altera_lite/16.0/nios2eds/bin/gnu/h-x86_64-mingw32/bin/../lib/gcc/nios2-elf/5.2.0/../../../../../H-x86_64-mingw32/nios2-elf/lib\libc.a(lib_a-impure.o)
 .debug_abbrev  0x0000000000002274       0x37 d:/logiciels/altera_lite/16.0/nios2eds/bin/gnu/h-x86_64-mingw32/bin/../lib/gcc/nios2-elf/5.2.0/../../../../../H-x86_64-mingw32/nios2-elf/lib\libc.a(lib_a-int_errno.o)
 .debug_abbrev  0x00000000000022ab       0x7f d:/logiciels/altera_lite/16.0/nios2eds/bin/gnu/h-x86_64-mingw32/bin/../lib/gcc/nios2-elf/5.2.0/../../../../../H-x86_64-mingw32/nios2-elf/lib\libc.a(lib_a-memcmp.o)
 .debug_abbrev  0x000000000000232a       0xa3 d:/logiciels/altera_lite/16.0/nios2eds/bin/gnu/h-x86_64-mingw32/bin/../lib/gcc/nios2-elf/5.2.0/../../../../../H-x86_64-mingw32/nios2-elf/lib\libc.a(lib_a-memcpy.o)
 .debug_abbrev  0x00000000000023cd       0x90 d:/logiciels/altera_lite/16.0/nios2eds/bin/gnu/h-x86_64-mingw32/bin/../lib/gcc/nios2-elf/5.2.0/../../../../../H-x86_64-mingw32/nios2-elf/lib\libc.a(lib_a-strlen.o)
 .debug_abbrev  0x000000000000245d      0x21e d:/logiciels/altera_lite/16.0/nios2eds/bin/gnu/h-x86_64-mingw32/bin/../lib/gcc/nios2-elf/5.2.0/../../../../../H-x86_64-mingw32/nios2-elf/lib\libc.a(lib_a-__atexit.o)
 .debug_abbrev  0x000000000000267b      0x22e d:/logiciels/altera_lite/16.0/nios2eds/bin/gnu/h-x86_64-mingw32/bin/../lib/gcc/nios2-elf/5.2.0/../../../../../H-x86_64-mingw32/nios2-elf/lib\libc.a(lib_a-__call_atexit.o)
 .debug_abbrev  0x00000000000028a9       0xa9 D:/Temp/FPGA_EPFL/PWM_module/sw/nios/PWM_module_bsp/\libhal_bsp.a(alt_exit.o)

.debug_line     0x0000000000000000     0x29b8
 *(.debug_line)
 .debug_line    0x0000000000000000       0x72 D:/Temp/FPGA_EPFL/PWM_module/sw/nios/PWM_module_bsp//obj/HAL/src/crt0.o
 .debug_line    0x0000000000000072       0x8c obj/default/PWM.o
 .debug_line    0x00000000000000fe       0x8e D:/Temp/FPGA_EPFL/PWM_module/sw/nios/PWM_module_bsp/\libhal_bsp.a(alt_load.o)
 .debug_line    0x000000000000018c       0xa4 D:/Temp/FPGA_EPFL/PWM_module/sw/nios/PWM_module_bsp/\libhal_bsp.a(alt_main.o)
 .debug_line    0x0000000000000230      0x136 D:/Temp/FPGA_EPFL/PWM_module/sw/nios/PWM_module_bsp/\libhal_bsp.a(alt_sys_init.o)
 .debug_line    0x0000000000000366      0x12f D:/Temp/FPGA_EPFL/PWM_module/sw/nios/PWM_module_bsp/\libhal_bsp.a(altera_avalon_jtag_uart_fd.o)
 .debug_line    0x0000000000000495      0x18b D:/Temp/FPGA_EPFL/PWM_module/sw/nios/PWM_module_bsp/\libhal_bsp.a(altera_avalon_jtag_uart_init.o)
 .debug_line    0x0000000000000620      0x131 D:/Temp/FPGA_EPFL/PWM_module/sw/nios/PWM_module_bsp/\libhal_bsp.a(altera_avalon_jtag_uart_ioctl.o)
 .debug_line    0x0000000000000751      0x171 D:/Temp/FPGA_EPFL/PWM_module/sw/nios/PWM_module_bsp/\libhal_bsp.a(altera_avalon_jtag_uart_read.o)
 .debug_line    0x00000000000008c2      0x170 D:/Temp/FPGA_EPFL/PWM_module/sw/nios/PWM_module_bsp/\libhal_bsp.a(altera_avalon_jtag_uart_write.o)
 .debug_line    0x0000000000000a32       0xfa D:/Temp/FPGA_EPFL/PWM_module/sw/nios/PWM_module_bsp/\libhal_bsp.a(alt_alarm_start.o)
 .debug_line    0x0000000000000b2c      0x16d D:/Temp/FPGA_EPFL/PWM_module/sw/nios/PWM_module_bsp/\libhal_bsp.a(alt_close.o)
 .debug_line    0x0000000000000c99       0x61 D:/Temp/FPGA_EPFL/PWM_module/sw/nios/PWM_module_bsp/\libhal_bsp.a(alt_dcache_flush_all.o)
 .debug_line    0x0000000000000cfa       0xff D:/Temp/FPGA_EPFL/PWM_module/sw/nios/PWM_module_bsp/\libhal_bsp.a(alt_dev.o)
 .debug_line    0x0000000000000df9       0xd0 D:/Temp/FPGA_EPFL/PWM_module/sw/nios/PWM_module_bsp/\libhal_bsp.a(alt_dev_llist_insert.o)
 .debug_line    0x0000000000000ec9       0x59 D:/Temp/FPGA_EPFL/PWM_module/sw/nios/PWM_module_bsp/\libhal_bsp.a(alt_do_ctors.o)
 .debug_line    0x0000000000000f22       0x59 D:/Temp/FPGA_EPFL/PWM_module/sw/nios/PWM_module_bsp/\libhal_bsp.a(alt_do_dtors.o)
 .debug_line    0x0000000000000f7b       0x51 D:/Temp/FPGA_EPFL/PWM_module/sw/nios/PWM_module_bsp/\libhal_bsp.a(alt_errno.o)
 .debug_line    0x0000000000000fcc       0x50 D:/Temp/FPGA_EPFL/PWM_module/sw/nios/PWM_module_bsp/\libhal_bsp.a(alt_icache_flush_all.o)
 .debug_line    0x000000000000101c       0xef D:/Temp/FPGA_EPFL/PWM_module/sw/nios/PWM_module_bsp/\libhal_bsp.a(alt_iic.o)
 .debug_line    0x000000000000110b       0xdb D:/Temp/FPGA_EPFL/PWM_module/sw/nios/PWM_module_bsp/\libhal_bsp.a(alt_iic_isr_register.o)
 .debug_line    0x00000000000011e6      0x13a D:/Temp/FPGA_EPFL/PWM_module/sw/nios/PWM_module_bsp/\libhal_bsp.a(alt_io_redirect.o)
 .debug_line    0x0000000000001320       0x6b D:/Temp/FPGA_EPFL/PWM_module/sw/nios/PWM_module_bsp/\libhal_bsp.a(alt_irq_entry.o)
 .debug_line    0x000000000000138b       0xaa D:/Temp/FPGA_EPFL/PWM_module/sw/nios/PWM_module_bsp/\libhal_bsp.a(alt_irq_handler.o)
 .debug_line    0x0000000000001435       0x50 D:/Temp/FPGA_EPFL/PWM_module/sw/nios/PWM_module_bsp/\libhal_bsp.a(alt_irq_vars.o)
 .debug_line    0x0000000000001485      0x12a D:/Temp/FPGA_EPFL/PWM_module/sw/nios/PWM_module_bsp/\libhal_bsp.a(alt_open.o)
 .debug_line    0x00000000000015af       0xae D:/Temp/FPGA_EPFL/PWM_module/sw/nios/PWM_module_bsp/\libhal_bsp.a(alt_release_fd.o)
 .debug_line    0x000000000000165d       0xff D:/Temp/FPGA_EPFL/PWM_module/sw/nios/PWM_module_bsp/\libhal_bsp.a(alt_tick.o)
 .debug_line    0x000000000000175c       0x51 D:/Temp/FPGA_EPFL/PWM_module/sw/nios/PWM_module_bsp/\libhal_bsp.a(altera_nios2_gen2_irq.o)
 .debug_line    0x00000000000017ad       0xb3 D:/Temp/FPGA_EPFL/PWM_module/sw/nios/PWM_module_bsp/\libhal_bsp.a(alt_exception_entry.o)
 .debug_line    0x0000000000001860       0xb5 D:/Temp/FPGA_EPFL/PWM_module/sw/nios/PWM_module_bsp/\libhal_bsp.a(alt_find_dev.o)
 .debug_line    0x0000000000001915       0xd1 D:/Temp/FPGA_EPFL/PWM_module/sw/nios/PWM_module_bsp/\libhal_bsp.a(alt_find_file.o)
 .debug_line    0x00000000000019e6       0xd5 D:/Temp/FPGA_EPFL/PWM_module/sw/nios/PWM_module_bsp/\libhal_bsp.a(alt_get_fd.o)
 .debug_line    0x0000000000001abb       0x81 D:/Temp/FPGA_EPFL/PWM_module/sw/nios/PWM_module_bsp/\libhal_bsp.a(alt_icache_flush.o)
 .debug_line    0x0000000000001b3c       0xba D:/Temp/FPGA_EPFL/PWM_module/sw/nios/PWM_module_bsp/\libhal_bsp.a(alt_instruction_exception_entry.o)
 .debug_line    0x0000000000001bf6       0xe4 d:/logiciels/altera_lite/16.0/nios2eds/bin/gnu/h-x86_64-mingw32/bin/../lib/gcc/nios2-elf/5.2.0/../../../../../H-x86_64-mingw32/nios2-elf/lib\libc.a(lib_a-atexit.o)
 .debug_line    0x0000000000001cda      0x1f9 d:/logiciels/altera_lite/16.0/nios2eds/bin/gnu/h-x86_64-mingw32/bin/../lib/gcc/nios2-elf/5.2.0/../../../../../H-x86_64-mingw32/nios2-elf/lib\libc.a(lib_a-exit.o)
 .debug_line    0x0000000000001ed3      0x15d d:/logiciels/altera_lite/16.0/nios2eds/bin/gnu/h-x86_64-mingw32/bin/../lib/gcc/nios2-elf/5.2.0/../../../../../H-x86_64-mingw32/nios2-elf/lib\libc.a(lib_a-impure.o)
 .debug_line    0x0000000000002030       0x5c d:/logiciels/altera_lite/16.0/nios2eds/bin/gnu/h-x86_64-mingw32/bin/../lib/gcc/nios2-elf/5.2.0/../../../../../H-x86_64-mingw32/nios2-elf/lib\libc.a(lib_a-int_errno.o)
 .debug_line    0x000000000000208c      0x173 d:/logiciels/altera_lite/16.0/nios2eds/bin/gnu/h-x86_64-mingw32/bin/../lib/gcc/nios2-elf/5.2.0/../../../../../H-x86_64-mingw32/nios2-elf/lib\libc.a(lib_a-memcmp.o)
 .debug_line    0x00000000000021ff      0x189 d:/logiciels/altera_lite/16.0/nios2eds/bin/gnu/h-x86_64-mingw32/bin/../lib/gcc/nios2-elf/5.2.0/../../../../../H-x86_64-mingw32/nios2-elf/lib\libc.a(lib_a-memcpy.o)
 .debug_line    0x0000000000002388      0x16c d:/logiciels/altera_lite/16.0/nios2eds/bin/gnu/h-x86_64-mingw32/bin/../lib/gcc/nios2-elf/5.2.0/../../../../../H-x86_64-mingw32/nios2-elf/lib\libc.a(lib_a-strlen.o)
 .debug_line    0x00000000000024f4      0x21c d:/logiciels/altera_lite/16.0/nios2eds/bin/gnu/h-x86_64-mingw32/bin/../lib/gcc/nios2-elf/5.2.0/../../../../../H-x86_64-mingw32/nios2-elf/lib\libc.a(lib_a-__atexit.o)
 .debug_line    0x0000000000002710      0x237 d:/logiciels/altera_lite/16.0/nios2eds/bin/gnu/h-x86_64-mingw32/bin/../lib/gcc/nios2-elf/5.2.0/../../../../../H-x86_64-mingw32/nios2-elf/lib\libc.a(lib_a-__call_atexit.o)
 .debug_line    0x0000000000002947       0x71 D:/Temp/FPGA_EPFL/PWM_module/sw/nios/PWM_module_bsp/\libhal_bsp.a(alt_exit.o)

.debug_frame    0x0000000000000000      0xac4
 *(.debug_frame)
 .debug_frame   0x0000000000000000       0x50 obj/default/PWM.o
 .debug_frame   0x0000000000000050       0x5c D:/Temp/FPGA_EPFL/PWM_module/sw/nios/PWM_module_bsp/\libhal_bsp.a(alt_load.o)
 .debug_frame   0x00000000000000ac       0x2c D:/Temp/FPGA_EPFL/PWM_module/sw/nios/PWM_module_bsp/\libhal_bsp.a(alt_main.o)
 .debug_frame   0x00000000000000d8       0x88 D:/Temp/FPGA_EPFL/PWM_module/sw/nios/PWM_module_bsp/\libhal_bsp.a(alt_sys_init.o)
 .debug_frame   0x0000000000000160       0xb0 D:/Temp/FPGA_EPFL/PWM_module/sw/nios/PWM_module_bsp/\libhal_bsp.a(altera_avalon_jtag_uart_fd.o)
 .debug_frame   0x0000000000000210       0xa4 D:/Temp/FPGA_EPFL/PWM_module/sw/nios/PWM_module_bsp/\libhal_bsp.a(altera_avalon_jtag_uart_init.o)
 .debug_frame   0x00000000000002b4       0x34 D:/Temp/FPGA_EPFL/PWM_module/sw/nios/PWM_module_bsp/\libhal_bsp.a(altera_avalon_jtag_uart_ioctl.o)
 .debug_frame   0x00000000000002e8       0x38 D:/Temp/FPGA_EPFL/PWM_module/sw/nios/PWM_module_bsp/\libhal_bsp.a(altera_avalon_jtag_uart_read.o)
 .debug_frame   0x0000000000000320       0x38 D:/Temp/FPGA_EPFL/PWM_module/sw/nios/PWM_module_bsp/\libhal_bsp.a(altera_avalon_jtag_uart_write.o)
 .debug_frame   0x0000000000000358       0x34 D:/Temp/FPGA_EPFL/PWM_module/sw/nios/PWM_module_bsp/\libhal_bsp.a(alt_alarm_start.o)
 .debug_frame   0x000000000000038c       0x60 D:/Temp/FPGA_EPFL/PWM_module/sw/nios/PWM_module_bsp/\libhal_bsp.a(alt_close.o)
 .debug_frame   0x00000000000003ec       0x34 D:/Temp/FPGA_EPFL/PWM_module/sw/nios/PWM_module_bsp/\libhal_bsp.a(alt_dcache_flush_all.o)
 .debug_frame   0x0000000000000420       0x34 D:/Temp/FPGA_EPFL/PWM_module/sw/nios/PWM_module_bsp/\libhal_bsp.a(alt_dev.o)
 .debug_frame   0x0000000000000454       0x60 D:/Temp/FPGA_EPFL/PWM_module/sw/nios/PWM_module_bsp/\libhal_bsp.a(alt_dev_llist_insert.o)
 .debug_frame   0x00000000000004b4       0x38 D:/Temp/FPGA_EPFL/PWM_module/sw/nios/PWM_module_bsp/\libhal_bsp.a(alt_do_ctors.o)
 .debug_frame   0x00000000000004ec       0x38 D:/Temp/FPGA_EPFL/PWM_module/sw/nios/PWM_module_bsp/\libhal_bsp.a(alt_do_dtors.o)
 .debug_frame   0x0000000000000524       0x38 D:/Temp/FPGA_EPFL/PWM_module/sw/nios/PWM_module_bsp/\libhal_bsp.a(alt_icache_flush_all.o)
 .debug_frame   0x000000000000055c       0xa4 D:/Temp/FPGA_EPFL/PWM_module/sw/nios/PWM_module_bsp/\libhal_bsp.a(alt_iic.o)
 .debug_frame   0x0000000000000600       0x38 D:/Temp/FPGA_EPFL/PWM_module/sw/nios/PWM_module_bsp/\libhal_bsp.a(alt_iic_isr_register.o)
 .debug_frame   0x0000000000000638       0x60 D:/Temp/FPGA_EPFL/PWM_module/sw/nios/PWM_module_bsp/\libhal_bsp.a(alt_io_redirect.o)
 .debug_frame   0x0000000000000698       0x38 D:/Temp/FPGA_EPFL/PWM_module/sw/nios/PWM_module_bsp/\libhal_bsp.a(alt_irq_handler.o)
 .debug_frame   0x00000000000006d0       0x84 D:/Temp/FPGA_EPFL/PWM_module/sw/nios/PWM_module_bsp/\libhal_bsp.a(alt_open.o)
 .debug_frame   0x0000000000000754       0x34 D:/Temp/FPGA_EPFL/PWM_module/sw/nios/PWM_module_bsp/\libhal_bsp.a(alt_release_fd.o)
 .debug_frame   0x0000000000000788       0x5c D:/Temp/FPGA_EPFL/PWM_module/sw/nios/PWM_module_bsp/\libhal_bsp.a(alt_tick.o)
 .debug_frame   0x00000000000007e4       0x34 D:/Temp/FPGA_EPFL/PWM_module/sw/nios/PWM_module_bsp/\libhal_bsp.a(altera_nios2_gen2_irq.o)
 .debug_frame   0x0000000000000818       0x38 D:/Temp/FPGA_EPFL/PWM_module/sw/nios/PWM_module_bsp/\libhal_bsp.a(alt_find_dev.o)
 .debug_frame   0x0000000000000850       0x38 D:/Temp/FPGA_EPFL/PWM_module/sw/nios/PWM_module_bsp/\libhal_bsp.a(alt_find_file.o)
 .debug_frame   0x0000000000000888       0x34 D:/Temp/FPGA_EPFL/PWM_module/sw/nios/PWM_module_bsp/\libhal_bsp.a(alt_get_fd.o)
 .debug_frame   0x00000000000008bc       0x34 D:/Temp/FPGA_EPFL/PWM_module/sw/nios/PWM_module_bsp/\libhal_bsp.a(alt_icache_flush.o)
 .debug_frame   0x00000000000008f0       0x5c D:/Temp/FPGA_EPFL/PWM_module/sw/nios/PWM_module_bsp/\libhal_bsp.a(alt_instruction_exception_entry.o)
 .debug_frame   0x000000000000094c       0x20 d:/logiciels/altera_lite/16.0/nios2eds/bin/gnu/h-x86_64-mingw32/bin/../lib/gcc/nios2-elf/5.2.0/../../../../../H-x86_64-mingw32/nios2-elf/lib\libc.a(lib_a-atexit.o)
 .debug_frame   0x000000000000096c       0x28 d:/logiciels/altera_lite/16.0/nios2eds/bin/gnu/h-x86_64-mingw32/bin/../lib/gcc/nios2-elf/5.2.0/../../../../../H-x86_64-mingw32/nios2-elf/lib\libc.a(lib_a-exit.o)
 .debug_frame   0x0000000000000994       0x20 d:/logiciels/altera_lite/16.0/nios2eds/bin/gnu/h-x86_64-mingw32/bin/../lib/gcc/nios2-elf/5.2.0/../../../../../H-x86_64-mingw32/nios2-elf/lib\libc.a(lib_a-memcmp.o)
 .debug_frame   0x00000000000009b4       0x38 d:/logiciels/altera_lite/16.0/nios2eds/bin/gnu/h-x86_64-mingw32/bin/../lib/gcc/nios2-elf/5.2.0/../../../../../H-x86_64-mingw32/nios2-elf/lib\libc.a(lib_a-memcpy.o)
 .debug_frame   0x00000000000009ec       0x20 d:/logiciels/altera_lite/16.0/nios2eds/bin/gnu/h-x86_64-mingw32/bin/../lib/gcc/nios2-elf/5.2.0/../../../../../H-x86_64-mingw32/nios2-elf/lib\libc.a(lib_a-strlen.o)
 .debug_frame   0x0000000000000a0c       0x38 d:/logiciels/altera_lite/16.0/nios2eds/bin/gnu/h-x86_64-mingw32/bin/../lib/gcc/nios2-elf/5.2.0/../../../../../H-x86_64-mingw32/nios2-elf/lib\libc.a(lib_a-__atexit.o)
 .debug_frame   0x0000000000000a44       0x54 d:/logiciels/altera_lite/16.0/nios2eds/bin/gnu/h-x86_64-mingw32/bin/../lib/gcc/nios2-elf/5.2.0/../../../../../H-x86_64-mingw32/nios2-elf/lib\libc.a(lib_a-__call_atexit.o)
 .debug_frame   0x0000000000000a98       0x2c D:/Temp/FPGA_EPFL/PWM_module/sw/nios/PWM_module_bsp/\libhal_bsp.a(alt_exit.o)

.debug_str      0x0000000000000000     0x1a1c
 *(.debug_str)
 .debug_str     0x0000000000000000       0xe3 obj/default/PWM.o
                                        0x121 (size before relaxing)
 .debug_str     0x00000000000000e3      0x16a D:/Temp/FPGA_EPFL/PWM_module/sw/nios/PWM_module_bsp/\libhal_bsp.a(alt_load.o)
                                        0x208 (size before relaxing)
 .debug_str     0x000000000000024d       0x70 D:/Temp/FPGA_EPFL/PWM_module/sw/nios/PWM_module_bsp/\libhal_bsp.a(alt_main.o)
                                        0x193 (size before relaxing)
 .debug_str     0x00000000000002bd      0x19b D:/Temp/FPGA_EPFL/PWM_module/sw/nios/PWM_module_bsp/\libhal_bsp.a(alt_sys_init.o)
                                        0x34e (size before relaxing)
 .debug_str     0x0000000000000458       0xb9 D:/Temp/FPGA_EPFL/PWM_module/sw/nios/PWM_module_bsp/\libhal_bsp.a(altera_avalon_jtag_uart_fd.o)
                                        0x39a (size before relaxing)
 .debug_str     0x0000000000000511       0xd1 D:/Temp/FPGA_EPFL/PWM_module/sw/nios/PWM_module_bsp/\libhal_bsp.a(altera_avalon_jtag_uart_init.o)
                                        0x32e (size before relaxing)
 .debug_str     0x00000000000005e2       0x4a D:/Temp/FPGA_EPFL/PWM_module/sw/nios/PWM_module_bsp/\libhal_bsp.a(altera_avalon_jtag_uart_ioctl.o)
                                        0x289 (size before relaxing)
 .debug_str     0x000000000000062c       0x7f D:/Temp/FPGA_EPFL/PWM_module/sw/nios/PWM_module_bsp/\libhal_bsp.a(altera_avalon_jtag_uart_read.o)
                                        0x2de (size before relaxing)
 .debug_str     0x00000000000006ab       0x4a D:/Temp/FPGA_EPFL/PWM_module/sw/nios/PWM_module_bsp/\libhal_bsp.a(altera_avalon_jtag_uart_write.o)
                                        0x2df (size before relaxing)
 .debug_str     0x00000000000006f5       0x59 D:/Temp/FPGA_EPFL/PWM_module/sw/nios/PWM_module_bsp/\libhal_bsp.a(alt_alarm_start.o)
                                        0x274 (size before relaxing)
 .debug_str     0x000000000000074e       0x44 D:/Temp/FPGA_EPFL/PWM_module/sw/nios/PWM_module_bsp/\libhal_bsp.a(alt_close.o)
                                        0x201 (size before relaxing)
 .debug_str     0x0000000000000792       0x34 D:/Temp/FPGA_EPFL/PWM_module/sw/nios/PWM_module_bsp/\libhal_bsp.a(alt_dcache_flush_all.o)
                                        0x14b (size before relaxing)
 .debug_str     0x00000000000007c6      0x120 D:/Temp/FPGA_EPFL/PWM_module/sw/nios/PWM_module_bsp/\libhal_bsp.a(alt_dev.o)
                                        0x2fb (size before relaxing)
 .debug_str     0x00000000000008e6       0x34 D:/Temp/FPGA_EPFL/PWM_module/sw/nios/PWM_module_bsp/\libhal_bsp.a(alt_dev_llist_insert.o)
                                        0x1c2 (size before relaxing)
 .debug_str     0x000000000000091a       0x48 D:/Temp/FPGA_EPFL/PWM_module/sw/nios/PWM_module_bsp/\libhal_bsp.a(alt_do_ctors.o)
                                         0xc6 (size before relaxing)
 .debug_str     0x0000000000000962       0x4c D:/Temp/FPGA_EPFL/PWM_module/sw/nios/PWM_module_bsp/\libhal_bsp.a(alt_do_dtors.o)
                                         0xc5 (size before relaxing)
 .debug_str     0x00000000000009ae       0x14 D:/Temp/FPGA_EPFL/PWM_module/sw/nios/PWM_module_bsp/\libhal_bsp.a(alt_errno.o)
                                        0x13b (size before relaxing)
 .debug_str     0x00000000000009c2       0x34 D:/Temp/FPGA_EPFL/PWM_module/sw/nios/PWM_module_bsp/\libhal_bsp.a(alt_icache_flush_all.o)
                                        0x14b (size before relaxing)
 .debug_str     0x00000000000009f6       0xc4 D:/Temp/FPGA_EPFL/PWM_module/sw/nios/PWM_module_bsp/\libhal_bsp.a(alt_iic.o)
                                        0x234 (size before relaxing)
 .debug_str     0x0000000000000aba       0x4c D:/Temp/FPGA_EPFL/PWM_module/sw/nios/PWM_module_bsp/\libhal_bsp.a(alt_iic_isr_register.o)
                                        0x1de (size before relaxing)
 .debug_str     0x0000000000000b06       0x56 D:/Temp/FPGA_EPFL/PWM_module/sw/nios/PWM_module_bsp/\libhal_bsp.a(alt_io_redirect.o)
                                        0x30c (size before relaxing)
 .debug_str     0x0000000000000b5c       0x3a D:/Temp/FPGA_EPFL/PWM_module/sw/nios/PWM_module_bsp/\libhal_bsp.a(alt_irq_handler.o)
                                        0x18d (size before relaxing)
 .debug_str     0x0000000000000b96       0x17 D:/Temp/FPGA_EPFL/PWM_module/sw/nios/PWM_module_bsp/\libhal_bsp.a(alt_irq_vars.o)
                                        0x130 (size before relaxing)
 .debug_str     0x0000000000000bad       0x2f D:/Temp/FPGA_EPFL/PWM_module/sw/nios/PWM_module_bsp/\libhal_bsp.a(alt_open.o)
                                        0x241 (size before relaxing)
 .debug_str     0x0000000000000bdc       0x28 D:/Temp/FPGA_EPFL/PWM_module/sw/nios/PWM_module_bsp/\libhal_bsp.a(alt_release_fd.o)
                                        0x1c9 (size before relaxing)
 .debug_str     0x0000000000000c04       0x4a D:/Temp/FPGA_EPFL/PWM_module/sw/nios/PWM_module_bsp/\libhal_bsp.a(alt_tick.o)
                                        0x248 (size before relaxing)
 .debug_str     0x0000000000000c4e       0x3b D:/Temp/FPGA_EPFL/PWM_module/sw/nios/PWM_module_bsp/\libhal_bsp.a(altera_nios2_gen2_irq.o)
                                        0x152 (size before relaxing)
 .debug_str     0x0000000000000c89       0x24 D:/Temp/FPGA_EPFL/PWM_module/sw/nios/PWM_module_bsp/\libhal_bsp.a(alt_find_dev.o)
                                        0x1e2 (size before relaxing)
 .debug_str     0x0000000000000cad       0x26 D:/Temp/FPGA_EPFL/PWM_module/sw/nios/PWM_module_bsp/\libhal_bsp.a(alt_find_file.o)
                                        0x1f0 (size before relaxing)
 .debug_str     0x0000000000000cd3       0x30 D:/Temp/FPGA_EPFL/PWM_module/sw/nios/PWM_module_bsp/\libhal_bsp.a(alt_get_fd.o)
                                        0x212 (size before relaxing)
 .debug_str     0x0000000000000d03       0x2c D:/Temp/FPGA_EPFL/PWM_module/sw/nios/PWM_module_bsp/\libhal_bsp.a(alt_icache_flush.o)
                                        0x151 (size before relaxing)
 .debug_str     0x0000000000000d2f      0x48b D:/Temp/FPGA_EPFL/PWM_module/sw/nios/PWM_module_bsp/\libhal_bsp.a(alt_instruction_exception_entry.o)
                                        0x596 (size before relaxing)
 .debug_str     0x00000000000011ba      0x162 d:/logiciels/altera_lite/16.0/nios2eds/bin/gnu/h-x86_64-mingw32/bin/../lib/gcc/nios2-elf/5.2.0/../../../../../H-x86_64-mingw32/nios2-elf/lib\libc.a(lib_a-atexit.o)
                                        0x207 (size before relaxing)
 .debug_str     0x000000000000131c      0x3b2 d:/logiciels/altera_lite/16.0/nios2eds/bin/gnu/h-x86_64-mingw32/bin/../lib/gcc/nios2-elf/5.2.0/../../../../../H-x86_64-mingw32/nios2-elf/lib\libc.a(lib_a-exit.o)
                                        0x5a4 (size before relaxing)
 .debug_str     0x00000000000016ce       0xc8 d:/logiciels/altera_lite/16.0/nios2eds/bin/gnu/h-x86_64-mingw32/bin/../lib/gcc/nios2-elf/5.2.0/../../../../../H-x86_64-mingw32/nios2-elf/lib\libc.a(lib_a-impure.o)
                                        0x59b (size before relaxing)
 .debug_str     0x0000000000001796       0x3c d:/logiciels/altera_lite/16.0/nios2eds/bin/gnu/h-x86_64-mingw32/bin/../lib/gcc/nios2-elf/5.2.0/../../../../../H-x86_64-mingw32/nios2-elf/lib\libc.a(lib_a-int_errno.o)
                                        0x1c3 (size before relaxing)
 .debug_str     0x00000000000017d2       0xcc d:/logiciels/altera_lite/16.0/nios2eds/bin/gnu/h-x86_64-mingw32/bin/../lib/gcc/nios2-elf/5.2.0/../../../../../H-x86_64-mingw32/nios2-elf/lib\libc.a(lib_a-memcmp.o)
                                        0x1ca (size before relaxing)
 .debug_str     0x000000000000189e       0x68 d:/logiciels/altera_lite/16.0/nios2eds/bin/gnu/h-x86_64-mingw32/bin/../lib/gcc/nios2-elf/5.2.0/../../../../../H-x86_64-mingw32/nios2-elf/lib\libc.a(lib_a-memcpy.o)
                                        0x1f1 (size before relaxing)
 .debug_str     0x0000000000001906       0x4e d:/logiciels/altera_lite/16.0/nios2eds/bin/gnu/h-x86_64-mingw32/bin/../lib/gcc/nios2-elf/5.2.0/../../../../../H-x86_64-mingw32/nios2-elf/lib\libc.a(lib_a-strlen.o)
                                        0x1dd (size before relaxing)
 .debug_str     0x0000000000001954       0x3c d:/logiciels/altera_lite/16.0/nios2eds/bin/gnu/h-x86_64-mingw32/bin/../lib/gcc/nios2-elf/5.2.0/../../../../../H-x86_64-mingw32/nios2-elf/lib\libc.a(lib_a-__atexit.o)
                                        0x5dc (size before relaxing)
 .debug_str     0x0000000000001990       0x62 d:/logiciels/altera_lite/16.0/nios2eds/bin/gnu/h-x86_64-mingw32/bin/../lib/gcc/nios2-elf/5.2.0/../../../../../H-x86_64-mingw32/nios2-elf/lib\libc.a(lib_a-__call_atexit.o)
                                        0x5c8 (size before relaxing)
 .debug_str     0x00000000000019f2       0x2a D:/Temp/FPGA_EPFL/PWM_module/sw/nios/PWM_module_bsp/\libhal_bsp.a(alt_exit.o)
                                        0x147 (size before relaxing)

.debug_loc      0x0000000000000000      0x770
 *(.debug_loc)
 .debug_loc     0x0000000000000000       0x2c d:/logiciels/altera_lite/16.0/nios2eds/bin/gnu/h-x86_64-mingw32/bin/../lib/gcc/nios2-elf/5.2.0/../../../../../H-x86_64-mingw32/nios2-elf/lib\libc.a(lib_a-atexit.o)
 .debug_loc     0x000000000000002c       0x1e d:/logiciels/altera_lite/16.0/nios2eds/bin/gnu/h-x86_64-mingw32/bin/../lib/gcc/nios2-elf/5.2.0/../../../../../H-x86_64-mingw32/nios2-elf/lib\libc.a(lib_a-exit.o)
 .debug_loc     0x000000000000004a      0x126 d:/logiciels/altera_lite/16.0/nios2eds/bin/gnu/h-x86_64-mingw32/bin/../lib/gcc/nios2-elf/5.2.0/../../../../../H-x86_64-mingw32/nios2-elf/lib\libc.a(lib_a-memcmp.o)
 .debug_loc     0x0000000000000170      0x266 d:/logiciels/altera_lite/16.0/nios2eds/bin/gnu/h-x86_64-mingw32/bin/../lib/gcc/nios2-elf/5.2.0/../../../../../H-x86_64-mingw32/nios2-elf/lib\libc.a(lib_a-memcpy.o)
 .debug_loc     0x00000000000003d6       0x47 d:/logiciels/altera_lite/16.0/nios2eds/bin/gnu/h-x86_64-mingw32/bin/../lib/gcc/nios2-elf/5.2.0/../../../../../H-x86_64-mingw32/nios2-elf/lib\libc.a(lib_a-strlen.o)
 .debug_loc     0x000000000000041d      0x185 d:/logiciels/altera_lite/16.0/nios2eds/bin/gnu/h-x86_64-mingw32/bin/../lib/gcc/nios2-elf/5.2.0/../../../../../H-x86_64-mingw32/nios2-elf/lib\libc.a(lib_a-__atexit.o)
 .debug_loc     0x00000000000005a2      0x1ce d:/logiciels/altera_lite/16.0/nios2eds/bin/gnu/h-x86_64-mingw32/bin/../lib/gcc/nios2-elf/5.2.0/../../../../../H-x86_64-mingw32/nios2-elf/lib\libc.a(lib_a-__call_atexit.o)

.debug_macinfo
 *(.debug_macinfo)

.debug_weaknames
 *(.debug_weaknames)

.debug_funcnames
 *(.debug_funcnames)

.debug_typenames
 *(.debug_typenames)

.debug_varnames
 *(.debug_varnames)

.debug_alt_sim_info
                0x0000000000000000       0x30
 *(.debug_alt_sim_info)
 .debug_alt_sim_info
                0x0000000000000000       0x30 D:/Temp/FPGA_EPFL/PWM_module/sw/nios/PWM_module_bsp//obj/HAL/src/crt0.o
                0x0000000000040000                __alt_data_end = 0x40000
                0x0000000000040000                PROVIDE (__alt_stack_pointer, __alt_data_end)
                [!provide]                        PROVIDE (__alt_stack_limit, __alt_stack_base)
                [!provide]                        PROVIDE (__alt_heap_start, end)
                [!provide]                        PROVIDE (__alt_heap_limit, 0x40000)
OUTPUT(PWM_module.elf elf32-littlenios2)

.debug_ranges   0x0000000000000000      0x178
 .debug_ranges  0x0000000000000000       0x20 D:/Temp/FPGA_EPFL/PWM_module/sw/nios/PWM_module_bsp//obj/HAL/src/crt0.o
 .debug_ranges  0x0000000000000020       0x30 D:/Temp/FPGA_EPFL/PWM_module/sw/nios/PWM_module_bsp/\libhal_bsp.a(altera_avalon_jtag_uart_init.o)
 .debug_ranges  0x0000000000000050       0x18 D:/Temp/FPGA_EPFL/PWM_module/sw/nios/PWM_module_bsp/\libhal_bsp.a(altera_avalon_jtag_uart_read.o)
 .debug_ranges  0x0000000000000068       0x28 D:/Temp/FPGA_EPFL/PWM_module/sw/nios/PWM_module_bsp/\libhal_bsp.a(alt_irq_entry.o)
 .debug_ranges  0x0000000000000090       0x10 D:/Temp/FPGA_EPFL/PWM_module/sw/nios/PWM_module_bsp/\libhal_bsp.a(alt_irq_handler.o)
 .debug_ranges  0x00000000000000a0       0x30 D:/Temp/FPGA_EPFL/PWM_module/sw/nios/PWM_module_bsp/\libhal_bsp.a(alt_exception_entry.o)
 .debug_ranges  0x00000000000000d0       0x18 D:/Temp/FPGA_EPFL/PWM_module/sw/nios/PWM_module_bsp/\libhal_bsp.a(alt_instruction_exception_entry.o)
 .debug_ranges  0x00000000000000e8       0x10 d:/logiciels/altera_lite/16.0/nios2eds/bin/gnu/h-x86_64-mingw32/bin/../lib/gcc/nios2-elf/5.2.0/../../../../../H-x86_64-mingw32/nios2-elf/lib\libc.a(lib_a-atexit.o)
 .debug_ranges  0x00000000000000f8       0x10 d:/logiciels/altera_lite/16.0/nios2eds/bin/gnu/h-x86_64-mingw32/bin/../lib/gcc/nios2-elf/5.2.0/../../../../../H-x86_64-mingw32/nios2-elf/lib\libc.a(lib_a-exit.o)
 .debug_ranges  0x0000000000000108       0x10 d:/logiciels/altera_lite/16.0/nios2eds/bin/gnu/h-x86_64-mingw32/bin/../lib/gcc/nios2-elf/5.2.0/../../../../../H-x86_64-mingw32/nios2-elf/lib\libc.a(lib_a-memcmp.o)
 .debug_ranges  0x0000000000000118       0x10 d:/logiciels/altera_lite/16.0/nios2eds/bin/gnu/h-x86_64-mingw32/bin/../lib/gcc/nios2-elf/5.2.0/../../../../../H-x86_64-mingw32/nios2-elf/lib\libc.a(lib_a-memcpy.o)
 .debug_ranges  0x0000000000000128       0x10 d:/logiciels/altera_lite/16.0/nios2eds/bin/gnu/h-x86_64-mingw32/bin/../lib/gcc/nios2-elf/5.2.0/../../../../../H-x86_64-mingw32/nios2-elf/lib\libc.a(lib_a-strlen.o)
 .debug_ranges  0x0000000000000138       0x10 d:/logiciels/altera_lite/16.0/nios2eds/bin/gnu/h-x86_64-mingw32/bin/../lib/gcc/nios2-elf/5.2.0/../../../../../H-x86_64-mingw32/nios2-elf/lib\libc.a(lib_a-__atexit.o)
 .debug_ranges  0x0000000000000148       0x30 d:/logiciels/altera_lite/16.0/nios2eds/bin/gnu/h-x86_64-mingw32/bin/../lib/gcc/nios2-elf/5.2.0/../../../../../H-x86_64-mingw32/nios2-elf/lib\libc.a(lib_a-__call_atexit.o)