Archive member included to satisfy reference by file (symbol)

D:/Temp/FPGA_EPFL/PWM_module/sw/nios/PWM_module_bsp/\libhal_bsp.a(alt_load.o)
                              D:/Temp/FPGA_EPFL/PWM_module/sw/nios/PWM_module_bsp//obj/HAL/src/crt0.o (alt_load)
D:/Temp/FPGA_EPFL/PWM_module/sw/nios/PWM_module_bsp/\libhal_bsp.a(alt_main.o)
                              D:/Temp/FPGA_EPFL/PWM_module/sw/nios/PWM_module_bsp//obj/HAL/src/crt0.o (alt_main)
D:/Temp/FPGA_EPFL/PWM_module/sw/nios/PWM_module_bsp/\libhal_bsp.a(alt_usleep.o)
                              obj/default/PWM.o (usleep)
D:/Temp/FPGA_EPFL/PWM_module/sw/nios/PWM_module_bsp/\libhal_bsp.a(alt_sys_init.o)
                              D:/Temp/FPGA_EPFL/PWM_module/sw/nios/PWM_module_bsp/\libhal_bsp.a(alt_main.o) (alt_irq_init)
D:/Temp/FPGA_EPFL/PWM_module/sw/nios/PWM_module_bsp/\libhal_bsp.a(altera_avalon_jtag_uart_fd.o)
                              D:/Temp/FPGA_EPFL/PWM_module/sw/nios/PWM_module_bsp/\libhal_bsp.a(alt_sys_init.o) (altera_avalon_jtag_uart_read_fd)
D:/Temp/FPGA_EPFL/PWM_module/sw/nios/PWM_module_bsp/\libhal_bsp.a(altera_avalon_jtag_uart_init.o)
                              D:/Temp/FPGA_EPFL/PWM_module/sw/nios/PWM_module_bsp/\libhal_bsp.a(alt_sys_init.o) (altera_avalon_jtag_uart_init)
D:/Temp/FPGA_EPFL/PWM_module/sw/nios/PWM_module_bsp/\libhal_bsp.a(altera_avalon_jtag_uart_ioctl.o)
                              D:/Temp/FPGA_EPFL/PWM_module/sw/nios/PWM_module_bsp/\libhal_bsp.a(altera_avalon_jtag_uart_fd.o) (altera_avalon_jtag_uart_ioctl)
D:/Temp/FPGA_EPFL/PWM_module/sw/nios/PWM_module_bsp/\libhal_bsp.a(altera_avalon_jtag_uart_read.o)
                              D:/Temp/FPGA_EPFL/PWM_module/sw/nios/PWM_module_bsp/\libhal_bsp.a(altera_avalon_jtag_uart_fd.o) (altera_avalon_jtag_uart_read)
D:/Temp/FPGA_EPFL/PWM_module/sw/nios/PWM_module_bsp/\libhal_bsp.a(altera_avalon_jtag_uart_write.o)
                              D:/Temp/FPGA_EPFL/PWM_module/sw/nios/PWM_module_bsp/\libhal_bsp.a(altera_avalon_jtag_uart_fd.o) (altera_avalon_jtag_uart_write)
D:/Temp/FPGA_EPFL/PWM_module/sw/nios/PWM_module_bsp/\libhal_bsp.a(alt_alarm_start.o)
                              D:/Temp/FPGA_EPFL/PWM_module/sw/nios/PWM_module_bsp/\libhal_bsp.a(altera_avalon_jtag_uart_init.o) (alt_alarm_start)
D:/Temp/FPGA_EPFL/PWM_module/sw/nios/PWM_module_bsp/\libhal_bsp.a(alt_busy_sleep.o)
                              D:/Temp/FPGA_EPFL/PWM_module/sw/nios/PWM_module_bsp/\libhal_bsp.a(alt_usleep.o) (alt_busy_sleep)
D:/Temp/FPGA_EPFL/PWM_module/sw/nios/PWM_module_bsp/\libhal_bsp.a(alt_close.o)
                              D:/Temp/FPGA_EPFL/PWM_module/sw/nios/PWM_module_bsp/\libhal_bsp.a(alt_main.o) (close)
D:/Temp/FPGA_EPFL/PWM_module/sw/nios/PWM_module_bsp/\libhal_bsp.a(alt_dcache_flush_all.o)
                              D:/Temp/FPGA_EPFL/PWM_module/sw/nios/PWM_module_bsp/\libhal_bsp.a(alt_load.o) (alt_dcache_flush_all)
D:/Temp/FPGA_EPFL/PWM_module/sw/nios/PWM_module_bsp/\libhal_bsp.a(alt_dev.o)
                              D:/Temp/FPGA_EPFL/PWM_module/sw/nios/PWM_module_bsp/\libhal_bsp.a(alt_sys_init.o) (alt_dev_list)
D:/Temp/FPGA_EPFL/PWM_module/sw/nios/PWM_module_bsp/\libhal_bsp.a(alt_dev_llist_insert.o)
                              D:/Temp/FPGA_EPFL/PWM_module/sw/nios/PWM_module_bsp/\libhal_bsp.a(alt_sys_init.o) (alt_dev_llist_insert)
D:/Temp/FPGA_EPFL/PWM_module/sw/nios/PWM_module_bsp/\libhal_bsp.a(alt_do_ctors.o)
                              D:/Temp/FPGA_EPFL/PWM_module/sw/nios/PWM_module_bsp/\libhal_bsp.a(alt_main.o) (_do_ctors)
D:/Temp/FPGA_EPFL/PWM_module/sw/nios/PWM_module_bsp/\libhal_bsp.a(alt_do_dtors.o)
                              D:/Temp/FPGA_EPFL/PWM_module/sw/nios/PWM_module_bsp/\libhal_bsp.a(alt_main.o) (_do_dtors)
D:/Temp/FPGA_EPFL/PWM_module/sw/nios/PWM_module_bsp/\libhal_bsp.a(alt_errno.o)
                              D:/Temp/FPGA_EPFL/PWM_module/sw/nios/PWM_module_bsp/\libhal_bsp.a(alt_close.o) (alt_errno)
D:/Temp/FPGA_EPFL/PWM_module/sw/nios/PWM_module_bsp/\libhal_bsp.a(alt_icache_flush_all.o)
                              D:/Temp/FPGA_EPFL/PWM_module/sw/nios/PWM_module_bsp/\libhal_bsp.a(alt_load.o) (alt_icache_flush_all)
D:/Temp/FPGA_EPFL/PWM_module/sw/nios/PWM_module_bsp/\libhal_bsp.a(alt_iic.o)
                              D:/Temp/FPGA_EPFL/PWM_module/sw/nios/PWM_module_bsp/\libhal_bsp.a(altera_avalon_jtag_uart_init.o) (alt_ic_isr_register)
D:/Temp/FPGA_EPFL/PWM_module/sw/nios/PWM_module_bsp/\libhal_bsp.a(alt_iic_isr_register.o)
                              D:/Temp/FPGA_EPFL/PWM_module/sw/nios/PWM_module_bsp/\libhal_bsp.a(alt_iic.o) (alt_iic_isr_register)
D:/Temp/FPGA_EPFL/PWM_module/sw/nios/PWM_module_bsp/\libhal_bsp.a(alt_io_redirect.o)
                              D:/Temp/FPGA_EPFL/PWM_module/sw/nios/PWM_module_bsp/\libhal_bsp.a(alt_main.o) (alt_io_redirect)
D:/Temp/FPGA_EPFL/PWM_module/sw/nios/PWM_module_bsp/\libhal_bsp.a(alt_irq_entry.o)
[...]
Memory Configuration

Name             Origin             Length             Attributes
reset            0x0000000000020000 0x0000000000000020
onchip_memory2_0 0x0000000000020020 0x000000000001ffe0
*default*        0x0000000000000000 0xffffffffffffffff

Linker script and memory map

LOAD D:/Temp/FPGA_EPFL/PWM_module/sw/nios/PWM_module_bsp//obj/HAL/src/crt0.o
LOAD obj/default/PWM.o
LOAD d:/logiciels/altera_lite/16.0/nios2eds/bin/gnu/h-x86_64-mingw32/bin/../lib/gcc/nios2-elf/5.2.0/../../../../../H-x86_64-mingw32/nios2-elf/lib\libstdc++.a
LOAD d:/logiciels/altera_lite/16.0/nios2eds/bin/gnu/h-x86_64-mingw32/bin/../lib/gcc/nios2-elf/5.2.0/../../../../../H-x86_64-mingw32/nios2-elf/lib\libm.a
LOAD d:/logiciels/altera_lite/16.0/nios2eds/bin/gnu/h-x86_64-mingw32/bin/../lib/gcc/nios2-elf/5.2.0\libgcc.a
START GROUP
LOAD d:/logiciels/altera_lite/16.0/nios2eds/bin/gnu/h-x86_64-mingw32/bin/../lib/gcc/nios2-elf/5.2.0/../../../../../H-x86_64-mingw32/nios2-elf/lib\libc.a
LOAD d:/logiciels/altera_lite/16.0/nios2eds/bin/gnu/h-x86_64-mingw32/bin/../lib/gcc/nios2-elf/5.2.0\libgcc.a
LOAD D:/Temp/FPGA_EPFL/PWM_module/sw/nios/PWM_module_bsp/\libhal_bsp.a
LOAD d:/logiciels/altera_lite/16.0/nios2eds/bin/gnu/h-x86_64-mingw32/bin/../lib/gcc/nios2-elf/5.2.0/../../../../../H-x86_64-mingw32/nios2-elf/lib\libm.a
END GROUP
LOAD d:/logiciels/altera_lite/16.0/nios2eds/bin/gnu/h-x86_64-mingw32/bin/../lib/gcc/nios2-elf/5.2.0\libgcc.a
                0x0000000000020000                __alt_mem_onchip_memory2_0 = 0x20000

.entry          0x0000000000020000       0x20
 *(.entry)
 .entry         0x0000000000020000       0x20 D:/Temp/FPGA_EPFL/PWM_module/sw/nios/PWM_module_bsp//obj/HAL/src/crt0.o
                0x0000000000020000                __reset

.exceptions     0x0000000000020020      0x224
                0x0000000000020020                PROVIDE (__ram_exceptions_start, ABSOLUTE (.))
                0x0000000000020020                . = ALIGN (0x20)
 *(.irq)
 *(.exceptions.entry.label)
 .exceptions.entry.label
                0x0000000000020020        0x0 D:/Temp/FPGA_EPFL/PWM_module/sw/nios/PWM_module_bsp/\libhal_bsp.a(alt_irq_entry.o)
                0x0000000000020020                alt_irq_entry
 .exceptions.entry.label
                0x0000000000020020        0x0 D:/Temp/FPGA_EPFL/PWM_module/sw/nios/PWM_module_bsp/\libhal_bsp.a(alt_exception_entry.o)
                0x0000000000020020                alt_exception
 *(.exceptions.entry.user)
 *(.exceptions.entry.ecc_fatal)
 *(.exceptions.entry)
 .exceptions.entry
                0x0000000000020020       0x54 D:/Temp/FPGA_EPFL/PWM_module/sw/nios/PWM_module_bsp/\libhal_bsp.a(alt_exception_entry.o)
 *(.exceptions.irqtest.user)
 *(.exceptions.irqtest)
 .exceptions.irqtest
                0x0000000000020074       0x10 D:/Temp/FPGA_EPFL/PWM_module/sw/nios/PWM_module_bsp/\libhal_bsp.a(alt_irq_entry.o)
 *(.exceptions.irqhandler.user)
 *(.exceptions.irqhandler)
 .exceptions.irqhandler
                0x0000000000020084        0x4 D:/Temp/FPGA_EPFL/PWM_module/sw/nios/PWM_module_bsp/\libhal_bsp.a(alt_irq_entry.o)
 *(.exceptions.irqreturn.user)
 *(.exceptions.irqreturn)
 .exceptions.irqreturn
                0x0000000000020088        0x4 D:/Temp/FPGA_EPFL/PWM_module/sw/nios/PWM_module_bsp/\libhal_bsp.a(alt_irq_entry.o)
 *(.exceptions.notirq.label)
 .exceptions.notirq.label
                0x000000000002008c        0x0 D:/Temp/FPGA_EPFL/PWM_module/sw/nios/PWM_module_bsp/\libhal_bsp.a(alt_irq_entry.o)
 *(.exceptions.notirq.user)
 *(.exceptions.notirq)
 .exceptions.notirq
                0x000000000002008c        0x8 D:/Temp/FPGA_EPFL/PWM_module/sw/nios/PWM_module_bsp/\libhal_bsp.a(alt_exception_entry.o)
 *(.exceptions.soft.user)
 *(.exceptions.soft)
 *(.exceptions.unknown.user)
 *(.exceptions.unknown)
 .exceptions.unknown
                0x0000000000020094       0x14 D:/Temp/FPGA_EPFL/PWM_module/sw/nios/PWM_module_bsp/\libhal_bsp.a(alt_exception_entry.o)
 *(.exceptions.exit.label)
 .exceptions.exit.label
                0x00000000000200a8        0x0 D:/Temp/FPGA_EPFL/PWM_module/sw/nios/PWM_module_bsp/\libhal_bsp.a(alt_irq_entry.o)
 .exceptions.exit.label
                0x00000000000200a8        0x0 D:/Temp/FPGA_EPFL/PWM_module/sw/nios/PWM_module_bsp/\libhal_bsp.a(alt_exception_entry.o)
 *(.exceptions.exit.user)
 *(.exceptions.exit)
 .exceptions.exit
                0x00000000000200a8       0x54 D:/Temp/FPGA_EPFL/PWM_module/sw/nios/PWM_module_bsp/\libhal_bsp.a(alt_exception_entry.o)
 *(.exceptions)
 .exceptions    0x00000000000200fc       0xd4 D:/Temp/FPGA_EPFL/PWM_module/sw/nios/PWM_module_bsp/\libhal_bsp.a(alt_irq_handler.o)
                0x00000000000200fc                alt_irq_handler
 .exceptions    0x00000000000201d0       0x74 D:/Temp/FPGA_EPFL/PWM_module/sw/nios/PWM_module_bsp/\libhal_bsp.a(alt_instruction_exception_entry.o)
                0x00000000000201d0                alt_instruction_exception_entry
                0x0000000000020244                PROVIDE (__ram_exceptions_end, ABSOLUTE (.))
                0x0000000000020020                PROVIDE (__flash_exceptions_start, LOADADDR (.exceptions))

.text           0x0000000000020244     0x2820
                [!provide]                        PROVIDE (stext, ABSOLUTE (.))
 *(.interp)
 *(.hash)
 *(.dynsym)
 *(.dynstr)
 *(.gnu.version)
 *(.gnu.version_d)
 *(.gnu.version_r)
 *(.rel.init)
 *(.rela.init)
 *(.rel.text .rel.text.* .rel.gnu.linkonce.t.*)
 *(.rela.text .rela.text.* .rela.gnu.linkonce.t.*)
 *(.rel.fini)
 *(.rela.fini)
 *(.rel.rodata .rel.rodata.* .rel.gnu.linkonce.r.*)
 *(.rela.rodata .rela.rodata.* .rela.gnu.linkonce.r.*)
 *(.rel.data .rel.data.* .rel.gnu.linkonce.d.*)
 *(.rela.data .rela.data.* .rela.gnu.linkonce.d.*)
 *(.rel.tdata .rel.tdata.* .rel.gnu.linkonce.td.*)
 *(.rela.tdata .rela.tdata.* .rela.gnu.linkonce.td.*)
 *(.rel.tbss .rel.tbss.* .rel.gnu.linkonce.tb.*)
 *(.rela.tbss .rela.tbss.* .rela.gnu.linkonce.tb.*)
 *(.rel.ctors)
 *(.rela.ctors)
 *(.rel.dtors)
 *(.rela.dtors)
 *(.rel.got)
 *(.rela.got)
 *(.rel.sdata .rel.sdata.* .rel.gnu.linkonce.s.*)
 *(.rela.sdata .rela.sdata.* .rela.gnu.linkonce.s.*)
 *(.rel.sbss .rel.sbss.* .rel.gnu.linkonce.sb.*)
 *(.rela.sbss .rela.sbss.* .rela.gnu.linkonce.sb.*)
 *(.rel.sdata2 .rel.sdata2.* .rel.gnu.linkonce.s2.*)
 *(.rela.sdata2 .rela.sdata2.* .rela.gnu.linkonce.s2.*)
 *(.rel.sbss2 .rel.sbss2.* .rel.gnu.linkonce.sb2.*)
 *(.rela.sbss2 .rela.sbss2.* .rela.gnu.linkonce.sb2.*)
 *(.rel.bss .rel.bss.* .rel.gnu.linkonce.b.*)
 *(.rela.bss .rela.bss.* .rela.gnu.linkonce.b.*)
 *(.rel.plt)
 *(.rela.plt)
 *(.rel.dyn)
 *(.init)
 *(.plt)
 *(.text .stub .text.* .gnu.linkonce.t.*)
 .text          0x0000000000020244       0x4c D:/Temp/FPGA_EPFL/PWM_module/sw/nios/PWM_module_bsp//obj/HAL/src/crt0.o
                0x0000000000020244                _start
 .text          0x0000000000020290      0x19c obj/default/PWM.o
                0x0000000000020290                InitPWM
                0x0000000000020300                ConfigPWM
                0x0000000000020334                EnablePWM
                0x0000000000020364                DisablePWM
                0x0000000000020394                main
 .text          0x000000000002042c       0xec D:/Temp/FPGA_EPFL/PWM_module/sw/nios/PWM_module_bsp/\libhal_bsp.a(alt_load.o)
                0x0000000000020494                alt_load
 .text          0x0000000000020518       0x7c D:/Temp/FPGA_EPFL/PWM_module/sw/nios/PWM_module_bsp/\libhal_bsp.a(alt_main.o)
                0x0000000000020518                alt_main
 .text          0x0000000000020594       0x30 D:/Temp/FPGA_EPFL/PWM_module/sw/nios/PWM_module_bsp/\libhal_bsp.a(alt_usleep.o)
                0x0000000000020594                usleep
 .text          0x00000000000205c4       0xb8 D:/Temp/FPGA_EPFL/PWM_module/sw/nios/PWM_module_bsp/\libhal_bsp.a(alt_sys_init.o)
                0x00000000000205fc                alt_irq_init
                0x0000000000020634                alt_sys_init
 .text          0x000000000002067c      0x164 D:/Temp/FPGA_EPFL/PWM_module/sw/nios/PWM_module_bsp/\libhal_bsp.a(altera_avalon_jtag_uart_fd.o)
                0x000000000002067c                altera_avalon_jtag_uart_read_fd
                0x00000000000206dc                altera_avalon_jtag_uart_write_fd
                0x000000000002073c                altera_avalon_jtag_uart_close_fd
                0x000000000002078c                altera_avalon_jtag_uart_ioctl_fd
 .text          0x00000000000207e0      0x3e4 D:/Temp/FPGA_EPFL/PWM_module/sw/nios/PWM_module_bsp/\libhal_bsp.a(altera_avalon_jtag_uart_init.o)
                0x00000000000207e0                altera_avalon_jtag_uart_init
                0x0000000000020b5c                altera_avalon_jtag_uart_close
 .text          0x0000000000020bc4       0xf0 D:/Temp/FPGA_EPFL/PWM_module/sw/nios/PWM_module_bsp/\libhal_bsp.a(altera_avalon_jtag_uart_ioctl.o)
                0x0000000000020bc4                altera_avalon_jtag_uart_ioctl
 .text          0x0000000000020cb4      0x21c D:/Temp/FPGA_EPFL/PWM_module/sw/nios/PWM_module_bsp/\libhal_bsp.a(altera_avalon_jtag_uart_read.o)
                0x0000000000020cb4                altera_avalon_jtag_uart_read
 .text          0x0000000000020ed0      0x224 D:/Temp/FPGA_EPFL/PWM_module/sw/nios/PWM_module_bsp/\libhal_bsp.a(altera_avalon_jtag_uart_write.o)
                0x0000000000020ed0                altera_avalon_jtag_uart_write
 .text          0x00000000000210f4      0x140 D:/Temp/FPGA_EPFL/PWM_module/sw/nios/PWM_module_bsp/\libhal_bsp.a(alt_alarm_start.o)
                0x00000000000210f4                alt_alarm_start
 .text          0x0000000000021234      0x158 D:/Temp/FPGA_EPFL/PWM_module/sw/nios/PWM_module_bsp/\libhal_bsp.a(alt_busy_sleep.o)
                0x0000000000021234                alt_busy_sleep
 .text          0x000000000002138c      0x120 D:/Temp/FPGA_EPFL/PWM_module/sw/nios/PWM_module_bsp/\libhal_bsp.a(alt_close.o)
                0x00000000000213dc                close
 .text          0x00000000000214ac       0x48 D:/Temp/FPGA_EPFL/PWM_module/sw/nios/PWM_module_bsp/\libhal_bsp.a(alt_dcache_flush_all.o)
                0x00000000000214ac                alt_dcache_flush_all
 .text          0x00000000000214f4       0x2c D:/Temp/FPGA_EPFL/PWM_module/sw/nios/PWM_module_bsp/\libhal_bsp.a(alt_dev.o)
 .text          0x0000000000021520       0xf4 D:/Temp/FPGA_EPFL/PWM_module/sw/nios/PWM_module_bsp/\libhal_bsp.a(alt_dev_llist_insert.o)
                0x0000000000021570                alt_dev_llist_insert
 .text          0x0000000000021614       0x60 D:/Temp/FPGA_EPFL/PWM_module/sw/nios/PWM_module_bsp/\libhal_bsp.a(alt_do_ctors.o)
                0x0000000000021614                _do_ctors
 .text          0x0000000000021674       0x60 D:/Temp/FPGA_EPFL/PWM_module/sw/nios/PWM_module_bsp/\libhal_bsp.a(alt_do_dtors.o)
                0x0000000000021674                _do_dtors
 .text          0x00000000000216d4        0x0 D:/Temp/FPGA_EPFL/PWM_module/sw/nios/PWM_module_bsp/\libhal_bsp.a(alt_errno.o)
 .text          0x00000000000216d4       0x34 D:/Temp/FPGA_EPFL/PWM_module/sw/nios/PWM_module_bsp/\libhal_bsp.a(alt_icache_flush_all.o)
                0x00000000000216d4                alt_icache_flush_all
 .text          0x0000000000021708      0x1e0 D:/Temp/FPGA_EPFL/PWM_module/sw/nios/PWM_module_bsp/\libhal_bsp.a(alt_iic.o)
                0x0000000000021708                alt_ic_isr_register
                0x0000000000021758                alt_ic_irq_enable
                0x00000000000217f8                alt_ic_irq_disable
                0x000000000002189c                alt_ic_irq_enabled
 .text          0x00000000000218e8       0xf0 D:/Temp/FPGA_EPFL/PWM_module/sw/nios/PWM_module_bsp/\libhal_bsp.a(alt_iic_isr_register.o)
                0x00000000000218e8                alt_iic_isr_register
 .text          0x00000000000219d8      0x140 D:/Temp/FPGA_EPFL/PWM_module/sw/nios/PWM_module_bsp/\libhal_bsp.a(alt_io_redirect.o)
                0x0000000000021a9c                alt_io_redirect
 .text          0x0000000000021b18        0x0 D:/Temp/FPGA_EPFL/PWM_module/sw/nios/PWM_module_bsp/\libhal_bsp.a(alt_irq_entry.o)
 .text          0x0000000000021b18        0x0 D:/Temp/FPGA_EPFL/PWM_module/sw/nios/PWM_module_bsp/\libhal_bsp.a(alt_irq_handler.o)
 .text          0x0000000000021b18        0x0 D:/Temp/FPGA_EPFL/PWM_module/sw/nios/PWM_module_bsp/\libhal_bsp.a(alt_irq_vars.o)
 .text          0x0000000000021b18      0x274 D:/Temp/FPGA_EPFL/PWM_module/sw/nios/PWM_module_bsp/\libhal_bsp.a(alt_open.o)
                0x0000000000021c34                open
 .text          0x0000000000021d8c       0x64 D:/Temp/FPGA_EPFL/PWM_module/sw/nios/PWM_module_bsp/\libhal_bsp.a(alt_release_fd.o)
                0x0000000000021d8c                alt_release_fd
 .text          0x0000000000021df0      0x1a4 D:/Temp/FPGA_EPFL/PWM_module/sw/nios/PWM_module_bsp/\libhal_bsp.a(alt_tick.o)
                0x0000000000021df0                alt_alarm_stop
                0x0000000000021e8c                alt_tick
 .text          0x0000000000021f94       0x24 D:/Temp/FPGA_EPFL/PWM_module/sw/nios/PWM_module_bsp/\libhal_bsp.a(altera_nios2_gen2_irq.o)
                0x0000000000021f94                altera_nios2_gen2_irq_init
 .text          0x0000000000021fb8        0x0 D:/Temp/FPGA_EPFL/PWM_module/sw/nios/PWM_module_bsp/\libhal_bsp.a(alt_exception_entry.o)
 .text          0x0000000000021fb8       0x90 D:/Temp/FPGA_EPFL/PWM_module/sw/nios/PWM_module_bsp/\libhal_bsp.a(alt_find_dev.o)
                0x0000000000021fb8                alt_find_dev
 .text          0x0000000000022048      0x114 D:/Temp/FPGA_EPFL/PWM_module/sw/nios/PWM_module_bsp/\libhal_bsp.a(alt_find_file.o)
                0x0000000000022048                alt_find_file
 .text          0x000000000002215c       0xb4 D:/Temp/FPGA_EPFL/PWM_module/sw/nios/PWM_module_bsp/\libhal_bsp.a(alt_get_fd.o)
                0x000000000002215c                alt_get_fd
 .text          0x0000000000022210       0x90 D:/Temp/FPGA_EPFL/PWM_module/sw/nios/PWM_module_bsp/\libhal_bsp.a(alt_icache_flush.o)
                0x0000000000022210                alt_icache_flush
 .text          0x00000000000222a0       0x9c D:/Temp/FPGA_EPFL/PWM_module/sw/nios/PWM_module_bsp/\libhal_bsp.a(alt_instruction_exception_entry.o)
                0x00000000000222a0                alt_exception_cause_generated_bad_addr
 .text          0x000000000002233c        0x0 d:/logiciels/altera_lite/16.0/nios2eds/bin/gnu/h-x86_64-mingw32/bin/../lib/gcc/nios2-elf/5.2.0/../../../../../H-x86_64-mingw32/nios2-elf/lib\libc.a(lib_a-atexit.o)
 .text.atexit   0x000000000002233c       0x14 d:/logiciels/altera_lite/16.0/nios2eds/bin/gnu/h-x86_64-mingw32/bin/../lib/gcc/nios2-elf/5.2.0/../../../../../H-x86_64-mingw32/nios2-elf/lib\libc.a(lib_a-atexit.o)
                0x000000000002233c                atexit
 .text          0x0000000000022350        0x0 d:/logiciels/altera_lite/16.0/nios2eds/bin/gnu/h-x86_64-mingw32/bin/../lib/gcc/nios2-elf/5.2.0/../../../../../H-x86_64-mingw32/nios2-elf/lib\libc.a(lib_a-exit.o)
 .text.exit     0x0000000000022350       0x38 d:/logiciels/altera_lite/16.0/nios2eds/bin/gnu/h-x86_64-mingw32/bin/../lib/gcc/nios2-elf/5.2.0/../../../../../H-x86_64-mingw32/nios2-elf/lib\libc.a(lib_a-exit.o)
                0x0000000000022350                exit
 .text          0x0000000000022388        0x0 d:/logiciels/altera_lite/16.0/nios2eds/bin/gnu/h-x86_64-mingw32/bin/../lib/gcc/nios2-elf/5.2.0/../../../../../H-x86_64-mingw32/nios2-elf/lib\libc.a(lib_a-impure.o)
 .text          0x0000000000022388        0x0 d:/logiciels/altera_lite/16.0/nios2eds/bin/gnu/h-x86_64-mingw32/bin/../lib/gcc/nios2-elf/5.2.0/../../../../../H-x86_64-mingw32/nios2-elf/lib\libc.a(lib_a-int_errno.o)
 .text          0x0000000000022388        0x0 d:/logiciels/altera_lite/16.0/nios2eds/bin/gnu/h-x86_64-mingw32/bin/../lib/gcc/nios2-elf/5.2.0/../../../../../H-x86_64-mingw32/nios2-elf/lib\libc.a(lib_a-memcmp.o)
 .text.memcmp   0x0000000000022388       0x7c d:/logiciels/altera_lite/16.0/nios2eds/bin/gnu/h-x86_64-mingw32/bin/../lib/gcc/nios2-elf/5.2.0/../../../../../H-x86_64-mingw32/nios2-elf/lib\libc.a(lib_a-memcmp.o)
                0x0000000000022388                memcmp
 .text          0x0000000000022404        0x0 d:/logiciels/altera_lite/16.0/nios2eds/bin/gnu/h-x86_64-mingw32/bin/../lib/gcc/nios2-elf/5.2.0/../../../../../H-x86_64-mingw32/nios2-elf/lib\libc.a(lib_a-memcpy.o)
 .text.memcpy   0x0000000000022404      0x148 d:/logiciels/altera_lite/16.0/nios2eds/bin/gnu/h-x86_64-mingw32/bin/../lib/gcc/nios2-elf/5.2.0/../../../../../H-x86_64-mingw32/nios2-elf/lib\libc.a(lib_a-memcpy.o)
                0x0000000000022404                memcpy
 .text          0x000000000002254c        0x0 d:/logiciels/altera_lite/16.0/nios2eds/bin/gnu/h-x86_64-mingw32/bin/../lib/gcc/nios2-elf/5.2.0/../../../../../H-x86_64-mingw32/nios2-elf/lib\libc.a(lib_a-strlen.o)
 .text.strlen   0x000000000002254c       0x98 d:/logiciels/altera_lite/16.0/nios2eds/bin/gnu/h-x86_64-mingw32/bin/../lib/gcc/nios2-elf/5.2.0/../../../../../H-x86_64-mingw32/nios2-elf/lib\libc.a(lib_a-strlen.o)
                0x000000000002254c                strlen
 .text          0x00000000000225e4        0x0 d:/logiciels/altera_lite/16.0/nios2eds/bin/gnu/h-x86_64-mingw32/bin/../lib/gcc/nios2-elf/5.2.0/../../../../../H-x86_64-mingw32/nios2-elf/lib\libc.a(lib_a-__atexit.o)
 .text.__register_exitproc
                0x00000000000225e4      0x118 d:/logiciels/altera_lite/16.0/nios2eds/bin/gnu/h-x86_64-mingw32/bin/../lib/gcc/nios2-elf/5.2.0/../../../../../H-x86_64-mingw32/nios2-elf/lib\libc.a(lib_a-__atexit.o)
                0x00000000000225e4                __register_exitproc
 .text          0x00000000000226fc        0x0 d:/logiciels/altera_lite/16.0/nios2eds/bin/gnu/h-x86_64-mingw32/bin/../lib/gcc/nios2-elf/5.2.0/../../../../../H-x86_64-mingw32/nios2-elf/lib\libc.a(lib_a-__call_atexit.o)
 .text.__call_exitprocs
                0x00000000000226fc      0x180 d:/logiciels/altera_lite/16.0/nios2eds/bin/gnu/h-x86_64-mingw32/bin/../lib/gcc/nios2-elf/5.2.0/../../../../../H-x86_64-mingw32/nios2-elf/lib\libc.a(lib_a-__call_atexit.o)
                0x00000000000226fc                __call_exitprocs
 .text          0x000000000002287c      0x1b4 d:/logiciels/altera_lite/16.0/nios2eds/bin/gnu/h-x86_64-mingw32/bin/../lib/gcc/nios2-elf/5.2.0\libgcc.a(lib2-divmod.o)
                0x000000000002287c                __divsi3
                0x0000000000022900                __modsi3
                0x0000000000022974                __udivsi3
                0x00000000000229d8                __umodsi3
 .text          0x0000000000022a30       0x34 D:/Temp/FPGA_EPFL/PWM_module/sw/nios/PWM_module_bsp/\libhal_bsp.a(alt_exit.o)
                0x0000000000022a30                _exit
 *(.gnu.warning.*)
 *(.fini)
                [!provide]                        PROVIDE (__etext, ABSOLUTE (.))
                [!provide]                        PROVIDE (_etext, ABSOLUTE (.))
                [!provide]                        PROVIDE (etext, ABSOLUTE (.))
 *(.eh_frame_hdr)
                0x0000000000022a64                . = ALIGN (0x4)
                [!provide]                        PROVIDE (__preinit_array_start, ABSOLUTE (.))
 *(.preinit_array)
                [!provide]                        PROVIDE (__preinit_array_end, ABSOLUTE (.))
                [!provide]                        PROVIDE (__init_array_start, ABSOLUTE (.))
 *(.init_array)
                [!provide]                        PROVIDE (__init_array_end, ABSOLUTE (.))
                [!provide]                        PROVIDE (__fini_array_start, ABSOLUTE (.))
 *(.fini_array)
                [!provide]                        PROVIDE (__fini_array_end, ABSOLUTE (.))
 *(.eh_frame)
 *(.gcc_except_table .gcc_except_table.*)
 *(.dynamic)
                0x0000000000022a64                PROVIDE (__CTOR_LIST__, ABSOLUTE (.))
 *(.ctors)
 *(SORT(.ctors.*))
                0x0000000000022a64                PROVIDE (__CTOR_END__, ABSOLUTE (.))
                0x0000000000022a64                PROVIDE (__DTOR_LIST__, ABSOLUTE (.))
 *(.dtors)
 *(SORT(.dtors.*))
                0x0000000000022a64                PROVIDE (__DTOR_END__, ABSOLUTE (.))
 *(.jcr)
                0x0000000000022a64                . = ALIGN (0x4)

.rodata         0x0000000000022a64       0x38
                0x0000000000022a64                PROVIDE (__ram_rodata_start, ABSOLUTE (.))
                0x0000000000022a64                . = ALIGN (0x4)
 *(.rodata .rodata.* .gnu.linkonce.r.*)
 .rodata        0x0000000000022a64       0x11 D:/Temp/FPGA_EPFL/PWM_module/sw/nios/PWM_module_bsp/\libhal_bsp.a(alt_main.o)
 *fill*         0x0000000000022a75        0x3 
 .rodata        0x0000000000022a78       0x11 D:/Temp/FPGA_EPFL/PWM_module/sw/nios/PWM_module_bsp/\libhal_bsp.a(alt_sys_init.o)
 *fill*         0x0000000000022a89        0x3 
 .rodata        0x0000000000022a8c        0xa D:/Temp/FPGA_EPFL/PWM_module/sw/nios/PWM_module_bsp/\libhal_bsp.a(alt_dev.o)
 *fill*         0x0000000000022a96        0x2 
 .rodata.str1.4
                0x0000000000022a98        0x4 d:/logiciels/altera_lite/16.0/nios2eds/bin/gnu/h-x86_64-mingw32/bin/../lib/gcc/nios2-elf/5.2.0/../../../../../H-x86_64-mingw32/nios2-elf/lib\libc.a(lib_a-impure.o)
                                          0x2 (size before relaxing)
 *(.rodata1)
                0x0000000000022a9c                . = ALIGN (0x4)
                0x0000000000022a9c                PROVIDE (__ram_rodata_end, ABSOLUTE (.))
                0x0000000000022a64                PROVIDE (__flash_rodata_start, LOADADDR (.rodata))

.rwdata         0x0000000000022a9c     0x1658 load address 0x00000000000240f4
                0x0000000000022a9c                PROVIDE (__ram_rwdata_start, ABSOLUTE (.))
                0x0000000000022a9c                . = ALIGN (0x4)
 *(.got.plt)
 *(.got)
 *(.data1)
 *(.data .data.* .gnu.linkonce.d.*)
 .data          0x0000000000022a9c        0x0 D:/Temp/FPGA_EPFL/PWM_module/sw/nios/PWM_module_bsp//obj/HAL/src/crt0.o
 .data          0x0000000000022a9c        0x0 obj/default/PWM.o
 .data          0x0000000000022a9c        0x0 D:/Temp/FPGA_EPFL/PWM_module/sw/nios/PWM_module_bsp/\libhal_bsp.a(alt_load.o)
 .data          0x0000000000022a9c        0x0 D:/Temp/FPGA_EPFL/PWM_module/sw/nios/PWM_module_bsp/\libhal_bsp.a(alt_main.o)
 .data          0x0000000000022a9c        0x0 D:/Temp/FPGA_EPFL/PWM_module/sw/nios/PWM_module_bsp/\libhal_bsp.a(alt_usleep.o)
 .data          0x0000000000022a9c     0x1060 D:/Temp/FPGA_EPFL/PWM_module/sw/nios/PWM_module_bsp/\libhal_bsp.a(alt_sys_init.o)
 .data          0x0000000000023afc        0x0 D:/Temp/FPGA_EPFL/PWM_module/sw/nios/PWM_module_bsp/\libhal_bsp.a(altera_avalon_jtag_uart_fd.o)
 .data          0x0000000000023afc        0x0 D:/Temp/FPGA_EPFL/PWM_module/sw/nios/PWM_module_bsp/\libhal_bsp.a(altera_avalon_jtag_uart_init.o)
 .data          0x0000000000023afc        0x0 D:/Temp/FPGA_EPFL/PWM_module/sw/nios/PWM_module_bsp/\libhal_bsp.a(altera_avalon_jtag_uart_ioctl.o)
 .data          0x0000000000023afc        0x0 D:/Temp/FPGA_EPFL/PWM_module/sw/nios/PWM_module_bsp/\libhal_bsp.a(altera_avalon_jtag_uart_read.o)
 .data          0x0000000000023afc        0x0 D:/Temp/FPGA_EPFL/PWM_module/sw/nios/PWM_module_bsp/\libhal_bsp.a(altera_avalon_jtag_uart_write.o)
 .data          0x0000000000023afc        0x0 D:/Temp/FPGA_EPFL/PWM_module/sw/nios/PWM_module_bsp/\libhal_bsp.a(alt_alarm_start.o)
 .data          0x0000000000023afc        0x0 D:/Temp/FPGA_EPFL/PWM_module/sw/nios/PWM_module_bsp/\libhal_bsp.a(alt_busy_sleep.o)
 .data          0x0000000000023afc        0x0 D:/Temp/FPGA_EPFL/PWM_module/sw/nios/PWM_module_bsp/\libhal_bsp.a(alt_close.o)
 .data          0x0000000000023afc        0x0 D:/Temp/FPGA_EPFL/PWM_module/sw/nios/PWM_module_bsp/\libhal_bsp.a(alt_dcache_flush_all.o)
 .data          0x0000000000023afc      0x1a8 D:/Temp/FPGA_EPFL/PWM_module/sw/nios/PWM_module_bsp/\libhal_bsp.a(alt_dev.o)
                0x0000000000023afc                alt_dev_null
                0x0000000000023b24                alt_fd_list
 .data          0x0000000000023ca4        0x0 D:/Temp/FPGA_EPFL/PWM_module/sw/nios/PWM_module_bsp/\libhal_bsp.a(alt_dev_llist_insert.o)
 .data          0x0000000000023ca4        0x0 D:/Temp/FPGA_EPFL/PWM_module/sw/nios/PWM_module_bsp/\libhal_bsp.a(alt_do_ctors.o)
 .data          0x0000000000023ca4        0x0 D:/Temp/FPGA_EPFL/PWM_module/sw/nios/PWM_module_bsp/\libhal_bsp.a(alt_do_dtors.o)
 .data          0x0000000000023ca4        0x0 D:/Temp/FPGA_EPFL/PWM_module/sw/nios/PWM_module_bsp/\libhal_bsp.a(alt_errno.o)
 .data          0x0000000000023ca4        0x0 D:/Temp/FPGA_EPFL/PWM_module/sw/nios/PWM_module_bsp/\libhal_bsp.a(alt_icache_flush_all.o)
 .data          0x0000000000023ca4        0x0 D:/Temp/FPGA_EPFL/PWM_module/sw/nios/PWM_module_bsp/\libhal_bsp.a(alt_iic.o)
 .data          0x0000000000023ca4        0x0 D:/Temp/FPGA_EPFL/PWM_module/sw/nios/PWM_module_bsp/\libhal_bsp.a(alt_iic_isr_register.o)
 .data          0x0000000000023ca4        0x0 D:/Temp/FPGA_EPFL/PWM_module/sw/nios/PWM_module_bsp/\libhal_bsp.a(alt_io_redirect.o)
 .data          0x0000000000023ca4        0x0 D:/Temp/FPGA_EPFL/PWM_module/sw/nios/PWM_module_bsp/\libhal_bsp.a(alt_irq_entry.o)
 .data          0x0000000000023ca4        0x0 D:/Temp/FPGA_EPFL/PWM_module/sw/nios/PWM_module_bsp/\libhal_bsp.a(alt_irq_handler.o)
 .data          0x0000000000023ca4        0x0 D:/Temp/FPGA_EPFL/PWM_module/sw/nios/PWM_module_bsp/\libhal_bsp.a(alt_irq_vars.o)
 .data          0x0000000000023ca4        0x0 D:/Temp/FPGA_EPFL/PWM_module/sw/nios/PWM_module_bsp/\libhal_bsp.a(alt_open.o)
 .data          0x0000000000023ca4        0x0 D:/Temp/FPGA_EPFL/PWM_module/sw/nios/PWM_module_bsp/\libhal_bsp.a(alt_release_fd.o)
 .data          0x0000000000023ca4        0x0 D:/Temp/FPGA_EPFL/PWM_module/sw/nios/PWM_module_bsp/\libhal_bsp.a(alt_tick.o)
 .data          0x0000000000023ca4        0x0 D:/Temp/FPGA_EPFL/PWM_module/sw/nios/PWM_module_bsp/\libhal_bsp.a(altera_nios2_gen2_irq.o)
 .data          0x0000000000023ca4        0x0 D:/Temp/FPGA_EPFL/PWM_module/sw/nios/PWM_module_bsp/\libhal_bsp.a(alt_exception_entry.o)
 .data          0x0000000000023ca4        0x0 D:/Temp/FPGA_EPFL/PWM_module/sw/nios/PWM_module_bsp/\libhal_bsp.a(alt_find_dev.o)
 .data          0x0000000000023ca4        0x0 D:/Temp/FPGA_EPFL/PWM_module/sw/nios/PWM_module_bsp/\libhal_bsp.a(alt_find_file.o)
 .data          0x0000000000023ca4        0x0 D:/Temp/FPGA_EPFL/PWM_module/sw/nios/PWM_module_bsp/\libhal_bsp.a(alt_get_fd.o)
 .data          0x0000000000023ca4        0x0 D:/Temp/FPGA_EPFL/PWM_module/sw/nios/PWM_module_bsp/\libhal_bsp.a(alt_icache_flush.o)
 .data          0x0000000000023ca4        0x0 D:/Temp/FPGA_EPFL/PWM_module/sw/nios/PWM_module_bsp/\libhal_bsp.a(alt_instruction_exception_entry.o)
 .data          0x0000000000023ca4        0x0 d:/logiciels/altera_lite/16.0/nios2eds/bin/gnu/h-x86_64-mingw32/bin/../lib/gcc/nios2-elf/5.2.0/../../../../../H-x86_64-mingw32/nios2-elf/lib\libc.a(lib_a-atexit.o)
 .data          0x0000000000023ca4        0x0 d:/logiciels/altera_lite/16.0/nios2eds/bin/gnu/h-x86_64-mingw32/bin/../lib/gcc/nios2-elf/5.2.0/../../../../../H-x86_64-mingw32/nios2-elf/lib\libc.a(lib_a-exit.o)
 .data          0x0000000000023ca4        0x0 d:/logiciels/altera_lite/16.0/nios2eds/bin/gnu/h-x86_64-mingw32/bin/../lib/gcc/nios2-elf/5.2.0/../../../../../H-x86_64-mingw32/nios2-elf/lib\libc.a(lib_a-impure.o)
 .data.impure_data
                0x0000000000023ca4      0x424 d:/logiciels/altera_lite/16.0/nios2eds/bin/gnu/h-x86_64-mingw32/bin/../lib/gcc/nios2-elf/5.2.0/../../../../../H-x86_64-mingw32/nios2-elf/lib\libc.a(lib_a-impure.o)
 .data          0x00000000000240c8        0x0 d:/logiciels/altera_lite/16.0/nios2eds/bin/gnu/h-x86_64-mingw32/bin/../lib/gcc/nios2-elf/5.2.0/../../../../../H-x86_64-mingw32/nios2-elf/lib\libc.a(lib_a-int_errno.o)
 .data          0x00000000000240c8        0x0 d:/logiciels/altera_lite/16.0/nios2eds/bin/gnu/h-x86_64-mingw32/bin/../lib/gcc/nios2-elf/5.2.0/../../../../../H-x86_64-mingw32/nios2-elf/lib\libc.a(lib_a-memcmp.o)
 .data          0x00000000000240c8        0x0 d:/logiciels/altera_lite/16.0/nios2eds/bin/gnu/h-x86_64-mingw32/bin/../lib/gcc/nios2-elf/5.2.0/../../../../../H-x86_64-mingw32/nios2-elf/lib\libc.a(lib_a-memcpy.o)
 .data          0x00000000000240c8        0x0 d:/logiciels/altera_lite/16.0/nios2eds/bin/gnu/h-x86_64-mingw32/bin/../lib/gcc/nios2-elf/5.2.0/../../../../../H-x86_64-mingw32/nios2-elf/lib\libc.a(lib_a-strlen.o)
 .data          0x00000000000240c8        0x0 d:/logiciels/altera_lite/16.0/nios2eds/bin/gnu/h-x86_64-mingw32/bin/../lib/gcc/nios2-elf/5.2.0/../../../../../H-x86_64-mingw32/nios2-elf/lib\libc.a(lib_a-__atexit.o)
 .data          0x00000000000240c8        0x0 d:/logiciels/altera_lite/16.0/nios2eds/bin/gnu/h-x86_64-mingw32/bin/../lib/gcc/nios2-elf/5.2.0/../../../../../H-x86_64-mingw32/nios2-elf/lib\libc.a(lib_a-__call_atexit.o)
 .data          0x00000000000240c8        0x0 d:/logiciels/altera_lite/16.0/nios2eds/bin/gnu/h-x86_64-mingw32/bin/../lib/gcc/nios2-elf/5.2.0\libgcc.a(lib2-divmod.o)
 .data          0x00000000000240c8        0x0 D:/Temp/FPGA_EPFL/PWM_module/sw/nios/PWM_module_bsp/\libhal_bsp.a(alt_exit.o)
                0x000000000002c0c8                _gp = ABSOLUTE ((. + 0x8000))
                [!provide]                        PROVIDE (gp, _gp)
 *(.rwdata .rwdata.*)
 *(.sdata .sdata.* .gnu.linkonce.s.*)
 .sdata         0x00000000000240c8       0x14 D:/Temp/FPGA_EPFL/PWM_module/sw/nios/PWM_module_bsp/\libhal_bsp.a(alt_dev.o)
                0x00000000000240c8                alt_fs_list
                0x00000000000240d0                alt_dev_list
                0x00000000000240d8                alt_max_fd
 .sdata         0x00000000000240dc        0x4 D:/Temp/FPGA_EPFL/PWM_module/sw/nios/PWM_module_bsp/\libhal_bsp.a(alt_errno.o)
                0x00000000000240dc                alt_errno
 .sdata         0x00000000000240e0        0x4 D:/Temp/FPGA_EPFL/PWM_module/sw/nios/PWM_module_bsp/\libhal_bsp.a(alt_irq_vars.o)
                0x00000000000240e0                alt_priority_mask
 .sdata         0x00000000000240e4        0x8 D:/Temp/FPGA_EPFL/PWM_module/sw/nios/PWM_module_bsp/\libhal_bsp.a(alt_tick.o)
                0x00000000000240e4                alt_alarm_list
 .sdata._global_impure_ptr
                0x00000000000240ec        0x4 d:/logiciels/altera_lite/16.0/nios2eds/bin/gnu/h-x86_64-mingw32/bin/../lib/gcc/nios2-elf/5.2.0/../../../../../H-x86_64-mingw32/nios2-elf/lib\libc.a(lib_a-impure.o)
                0x00000000000240ec                _global_impure_ptr
 .sdata._impure_ptr
                0x00000000000240f0        0x4 d:/logiciels/altera_lite/16.0/nios2eds/bin/gnu/h-x86_64-mingw32/bin/../lib/gcc/nios2-elf/5.2.0/../../../../../H-x86_64-mingw32/nios2-elf/lib\libc.a(lib_a-impure.o)
                0x00000000000240f0                _impure_ptr
 *(.sdata2 .sdata2.* .gnu.linkonce.s2.*)
                0x00000000000240f4                . = ALIGN (0x4)
                0x00000000000240f4                _edata = ABSOLUTE (.)
                [!provide]                        PROVIDE (edata, ABSOLUTE (.))
                0x00000000000240f4                PROVIDE (__ram_rwdata_end, ABSOLUTE (.))
                0x00000000000240f4                PROVIDE (__flash_rwdata_start, LOADADDR (.rwdata))

.bss            0x000000000002574c      0x120
                0x000000000002574c                __bss_start = ABSOLUTE (.)
                [!provide]                        PROVIDE (__sbss_start, ABSOLUTE (.))
                [!provide]                        PROVIDE (___sbss_start, ABSOLUTE (.))
 *(.dynsbss)
 *(.sbss .sbss.* .gnu.linkonce.sb.*)
 .sbss          0x000000000002574c        0xc D:/Temp/FPGA_EPFL/PWM_module/sw/nios/PWM_module_bsp/\libhal_bsp.a(alt_main.o)
                0x000000000002574c                alt_argc
                0x0000000000025750                alt_argv
                0x0000000000025754                alt_envp
 .sbss          0x0000000000025758        0x4 D:/Temp/FPGA_EPFL/PWM_module/sw/nios/PWM_module_bsp/\libhal_bsp.a(alt_irq_vars.o)
                0x0000000000025758                alt_irq_active
 .sbss          0x000000000002575c        0x8 D:/Temp/FPGA_EPFL/PWM_module/sw/nios/PWM_module_bsp/\libhal_bsp.a(alt_tick.o)
                0x000000000002575c                _alt_tick_rate
                0x0000000000025760                _alt_nticks
 .sbss          0x0000000000025764        0x4 D:/Temp/FPGA_EPFL/PWM_module/sw/nios/PWM_module_bsp/\libhal_bsp.a(alt_instruction_exception_entry.o)
                0x0000000000025764                alt_instruction_exception_handler
 .sbss          0x0000000000025768        0x4 d:/logiciels/altera_lite/16.0/nios2eds/bin/gnu/h-x86_64-mingw32/bin/../lib/gcc/nios2-elf/5.2.0/../../../../../H-x86_64-mingw32/nios2-elf/lib\libc.a(lib_a-int_errno.o)
                0x0000000000025768                errno
 *(.sbss2 .sbss2.* .gnu.linkonce.sb2.*)
 *(.scommon)
                [!provide]                        PROVIDE (__sbss_end, ABSOLUTE (.))
                [!provide]                        PROVIDE (___sbss_end, ABSOLUTE (.))
 *(.dynbss)
 *(.bss .bss.* .gnu.linkonce.b.*)
 .bss           0x000000000002576c        0x0 D:/Temp/FPGA_EPFL/PWM_module/sw/nios/PWM_module_bsp//obj/HAL/src/crt0.o
 .bss           0x000000000002576c        0x0 obj/default/PWM.o
 .bss           0x000000000002576c        0x0 D:/Temp/FPGA_EPFL/PWM_module/sw/nios/PWM_module_bsp/\libhal_bsp.a(alt_load.o)
 .bss           0x000000000002576c        0x0 D:/Temp/FPGA_EPFL/PWM_module/sw/nios/PWM_module_bsp/\libhal_bsp.a(alt_main.o)
 .bss           0x000000000002576c        0x0 D:/Temp/FPGA_EPFL/PWM_module/sw/nios/PWM_module_bsp/\libhal_bsp.a(alt_usleep.o)
 .bss           0x000000000002576c        0x0 D:/Temp/FPGA_EPFL/PWM_module/sw/nios/PWM_module_bsp/\libhal_bsp.a(alt_sys_init.o)
 .bss           0x000000000002576c        0x0 D:/Temp/FPGA_EPFL/PWM_module/sw/nios/PWM_module_bsp/\libhal_bsp.a(altera_avalon_jtag_uart_fd.o)
 .bss           0x000000000002576c        0x0 D:/Temp/FPGA_EPFL/PWM_module/sw/nios/PWM_module_bsp/\libhal_bsp.a(altera_avalon_jtag_uart_init.o)
 .bss           0x000000000002576c        0x0 D:/Temp/FPGA_EPFL/PWM_module/sw/nios/PWM_module_bsp/\libhal_bsp.a(altera_avalon_jtag_uart_ioctl.o)
 .bss           0x000000000002576c        0x0 D:/Temp/FPGA_EPFL/PWM_module/sw/nios/PWM_module_bsp/\libhal_bsp.a(altera_avalon_jtag_uart_read.o)
 .bss           0x000000000002576c        0x0 D:/Temp/FPGA_EPFL/PWM_module/sw/nios/PWM_module_bsp/\libhal_bsp.a(altera_avalon_jtag_uart_write.o)
 .bss           0x000000000002576c        0x0 D:/Temp/FPGA_EPFL/PWM_module/sw/nios/PWM_module_bsp/\libhal_bsp.a(alt_alarm_start.o)
 .bss           0x000000000002576c        0x0 D:/Temp/FPGA_EPFL/PWM_module/sw/nios/PWM_module_bsp/\libhal_bsp.a(alt_busy_sleep.o)
 .bss           0x000000000002576c        0x0 D:/Temp/FPGA_EPFL/PWM_module/sw/nios/PWM_module_bsp/\libhal_bsp.a(alt_close.o)
 .bss           0x000000000002576c        0x0 D:/Temp/FPGA_EPFL/PWM_module/sw/nios/PWM_module_bsp/\libhal_bsp.a(alt_dcache_flush_all.o)
 .bss           0x000000000002576c        0x0 D:/Temp/FPGA_EPFL/PWM_module/sw/nios/PWM_module_bsp/\libhal_bsp.a(alt_dev.o)
 .bss           0x000000000002576c        0x0 D:/Temp/FPGA_EPFL/PWM_module/sw/nios/PWM_module_bsp/\libhal_bsp.a(alt_dev_llist_insert.o)
 .bss           0x000000000002576c        0x0 D:/Temp/FPGA_EPFL/PWM_module/sw/nios/PWM_module_bsp/\libhal_bsp.a(alt_do_ctors.o)
 .bss           0x000000000002576c        0x0 D:/Temp/FPGA_EPFL/PWM_module/sw/nios/PWM_module_bsp/\libhal_bsp.a(alt_do_dtors.o)
 .bss           0x000000000002576c        0x0 D:/Temp/FPGA_EPFL/PWM_module/sw/nios/PWM_module_bsp/\libhal_bsp.a(alt_errno.o)
 .bss           0x000000000002576c        0x0 D:/Temp/FPGA_EPFL/PWM_module/sw/nios/PWM_module_bsp/\libhal_bsp.a(alt_icache_flush_all.o)
 .bss           0x000000000002576c        0x0 D:/Temp/FPGA_EPFL/PWM_module/sw/nios/PWM_module_bsp/\libhal_bsp.a(alt_iic.o)
 .bss           0x000000000002576c        0x0 D:/Temp/FPGA_EPFL/PWM_module/sw/nios/PWM_module_bsp/\libhal_bsp.a(alt_iic_isr_register.o)
 .bss           0x000000000002576c        0x0 D:/Temp/FPGA_EPFL/PWM_module/sw/nios/PWM_module_bsp/\libhal_bsp.a(alt_io_redirect.o)
 .bss           0x000000000002576c        0x0 D:/Temp/FPGA_EPFL/PWM_module/sw/nios/PWM_module_bsp/\libhal_bsp.a(alt_irq_entry.o)
 .bss           0x000000000002576c        0x0 D:/Temp/FPGA_EPFL/PWM_module/sw/nios/PWM_module_bsp/\libhal_bsp.a(alt_irq_handler.o)
 .bss           0x000000000002576c        0x0 D:/Temp/FPGA_EPFL/PWM_module/sw/nios/PWM_module_bsp/\libhal_bsp.a(alt_irq_vars.o)
 .bss           0x000000000002576c        0x0 D:/Temp/FPGA_EPFL/PWM_module/sw/nios/PWM_module_bsp/\libhal_bsp.a(alt_open.o)
 .bss           0x000000000002576c        0x0 D:/Temp/FPGA_EPFL/PWM_module/sw/nios/PWM_module_bsp/\libhal_bsp.a(alt_release_fd.o)
 .bss           0x000000000002576c        0x0 D:/Temp/FPGA_EPFL/PWM_module/sw/nios/PWM_module_bsp/\libhal_bsp.a(alt_tick.o)
 .bss           0x000000000002576c        0x0 D:/Temp/FPGA_EPFL/PWM_module/sw/nios/PWM_module_bsp/\libhal_bsp.a(altera_nios2_gen2_irq.o)
 .bss           0x000000000002576c        0x0 D:/Temp/FPGA_EPFL/PWM_module/sw/nios/PWM_module_bsp/\libhal_bsp.a(alt_exception_entry.o)
 .bss           0x000000000002576c        0x0 D:/Temp/FPGA_EPFL/PWM_module/sw/nios/PWM_module_bsp/\libhal_bsp.a(alt_find_dev.o)
 .bss           0x000000000002576c        0x0 D:/Temp/FPGA_EPFL/PWM_module/sw/nios/PWM_module_bsp/\libhal_bsp.a(alt_find_file.o)
 .bss           0x000000000002576c        0x0 D:/Temp/FPGA_EPFL/PWM_module/sw/nios/PWM_module_bsp/\libhal_bsp.a(alt_get_fd.o)
 .bss           0x000000000002576c        0x0 D:/Temp/FPGA_EPFL/PWM_module/sw/nios/PWM_module_bsp/\libhal_bsp.a(alt_icache_flush.o)
 .bss           0x000000000002576c        0x0 D:/Temp/FPGA_EPFL/PWM_module/sw/nios/PWM_module_bsp/\libhal_bsp.a(alt_instruction_exception_entry.o)
 .bss           0x000000000002576c        0x0 d:/logiciels/altera_lite/16.0/nios2eds/bin/gnu/h-x86_64-mingw32/bin/../lib/gcc/nios2-elf/5.2.0/../../../../../H-x86_64-mingw32/nios2-elf/lib\libc.a(lib_a-atexit.o)
 .bss           0x000000000002576c        0x0 d:/logiciels/altera_lite/16.0/nios2eds/bin/gnu/h-x86_64-mingw32/bin/../lib/gcc/nios2-elf/5.2.0/../../../../../H-x86_64-mingw32/nios2-elf/lib\libc.a(lib_a-exit.o)
 .bss           0x000000000002576c        0x0 d:/logiciels/altera_lite/16.0/nios2eds/bin/gnu/h-x86_64-mingw32/bin/../lib/gcc/nios2-elf/5.2.0/../../../../../H-x86_64-mingw32/nios2-elf/lib\libc.a(lib_a-impure.o)
 .bss           0x000000000002576c        0x0 d:/logiciels/altera_lite/16.0/nios2eds/bin/gnu/h-x86_64-mingw32/bin/../lib/gcc/nios2-elf/5.2.0/../../../../../H-x86_64-mingw32/nios2-elf/lib\libc.a(lib_a-int_errno.o)
 .bss           0x000000000002576c        0x0 d:/logiciels/altera_lite/16.0/nios2eds/bin/gnu/h-x86_64-mingw32/bin/../lib/gcc/nios2-elf/5.2.0/../../../../../H-x86_64-mingw32/nios2-elf/lib\libc.a(lib_a-memcmp.o)
 .bss           0x000000000002576c        0x0 d:/logiciels/altera_lite/16.0/nios2eds/bin/gnu/h-x86_64-mingw32/bin/../lib/gcc/nios2-elf/5.2.0/../../../../../H-x86_64-mingw32/nios2-elf/lib\libc.a(lib_a-memcpy.o)
 .bss           0x000000000002576c        0x0 d:/logiciels/altera_lite/16.0/nios2eds/bin/gnu/h-x86_64-mingw32/bin/../lib/gcc/nios2-elf/5.2.0/../../../../../H-x86_64-mingw32/nios2-elf/lib\libc.a(lib_a-strlen.o)
 .bss           0x000000000002576c        0x0 d:/logiciels/altera_lite/16.0/nios2eds/bin/gnu/h-x86_64-mingw32/bin/../lib/gcc/nios2-elf/5.2.0/../../../../../H-x86_64-mingw32/nios2-elf/lib\libc.a(lib_a-__atexit.o)
 .bss           0x000000000002576c        0x0 d:/logiciels/altera_lite/16.0/nios2eds/bin/gnu/h-x86_64-mingw32/bin/../lib/gcc/nios2-elf/5.2.0/../../../../../H-x86_64-mingw32/nios2-elf/lib\libc.a(lib_a-__call_atexit.o)
 .bss           0x000000000002576c        0x0 d:/logiciels/altera_lite/16.0/nios2eds/bin/gnu/h-x86_64-mingw32/bin/../lib/gcc/nios2-elf/5.2.0\libgcc.a(lib2-divmod.o)
 .bss           0x000000000002576c        0x0 D:/Temp/FPGA_EPFL/PWM_module/sw/nios/PWM_module_bsp/\libhal_bsp.a(alt_exit.o)
 *(COMMON)
 COMMON         0x000000000002576c      0x100 D:/Temp/FPGA_EPFL/PWM_module/sw/nios/PWM_module_bsp/\libhal_bsp.a(alt_irq_handler.o)
                0x000000000002576c                alt_irq
                0x000000000002586c                . = ALIGN (0x4)
                0x000000000002586c                __bss_end = ABSOLUTE (.)

.onchip_memory2_0
                0x000000000002586c        0x0
                [!provide]                        PROVIDE (_alt_partition_onchip_memory2_0_start, ABSOLUTE (.))
 *(.onchip_memory2_0 .onchip_memory2_0. onchip_memory2_0.*)
                0x000000000002586c                . = ALIGN (0x4)
                [!provide]                        PROVIDE (_alt_partition_onchip_memory2_0_end, ABSOLUTE (.))
                0x000000000002586c                _end = ABSOLUTE (.)
                0x000000000002586c                end = ABSOLUTE (.)
                0x000000000002586c                __alt_stack_base = ABSOLUTE (.)
                [!provide]                        PROVIDE (_alt_partition_onchip_memory2_0_load_addr, LOADADDR (.onchip_memory2_0))

.stab
 *(.stab)

.stabstr
 *(.stabstr)

.stab.excl
 *(.stab.excl)

.stab.exclstr
 *(.stab.exclstr)

.stab.index
 *(.stab.index)

.stab.indexstr
 *(.stab.indexstr)

.comment        0x0000000000000000       0x23
 *(.comment)
 .comment       0x0000000000000000       0x23 obj/default/PWM.o
                                         0x24 (size before relaxing)
 .comment       0x0000000000000023       0x24 D:/Temp/FPGA_EPFL/PWM_module/sw/nios/PWM_module_bsp/\libhal_bsp.a(alt_load.o)
 .comment       0x0000000000000023       0x24 D:/Temp/FPGA_EPFL/PWM_module/sw/nios/PWM_module_bsp/\libhal_bsp.a(alt_main.o)
 .comment       0x0000000000000023       0x24 D:/Temp/FPGA_EPFL/PWM_module/sw/nios/PWM_module_bsp/\libhal_bsp.a(alt_usleep.o)
 .comment       0x0000000000000023       0x24 D:/Temp/FPGA_EPFL/PWM_module/sw/nios/PWM_module_bsp/\libhal_bsp.a(alt_sys_init.o)
 .comment       0x0000000000000023       0x24 D:/Temp/FPGA_EPFL/PWM_module/sw/nios/PWM_module_bsp/\libhal_bsp.a(altera_avalon_jtag_uart_fd.o)
 .comment       0x0000000000000023       0x24 D:/Temp/FPGA_EPFL/PWM_module/sw/nios/PWM_module_bsp/\libhal_bsp.a(altera_avalon_jtag_uart_init.o)
 .comment       0x0000000000000023       0x24 D:/Temp/FPGA_EPFL/PWM_module/sw/nios/PWM_module_bsp/\libhal_bsp.a(altera_avalon_jtag_uart_ioctl.o)
 .comment       0x0000000000000023       0x24 D:/Temp/FPGA_EPFL/PWM_module/sw/nios/PWM_module_bsp/\libhal_bsp.a(altera_avalon_jtag_uart_read.o)
 .comment       0x0000000000000023       0x24 D:/Temp/FPGA_EPFL/PWM_module/sw/nios/PWM_module_bsp/\libhal_bsp.a(altera_avalon_jtag_uart_write.o)
 .comment       0x0000000000000023       0x24 D:/Temp/FPGA_EPFL/PWM_module/sw/nios/PWM_module_bsp/\libhal_bsp.a(alt_alarm_start.o)
 .comment       0x0000000000000023       0x24 D:/Temp/FPGA_EPFL/PWM_module/sw/nios/PWM_module_bsp/\libhal_bsp.a(alt_busy_sleep.o)
 .comment       0x0000000000000023       0x24 D:/Temp/FPGA_EPFL/PWM_module/sw/nios/PWM_module_bsp/\libhal_bsp.a(alt_close.o)
 .comment       0x0000000000000023       0x24 D:/Temp/FPGA_EPFL/PWM_module/sw/nios/PWM_module_bsp/\libhal_bsp.a(alt_dcache_flush_all.o)
 .comment       0x0000000000000023       0x24 D:/Temp/FPGA_EPFL/PWM_module/sw/nios/PWM_module_bsp/\libhal_bsp.a(alt_dev.o)
 .comment       0x0000000000000023       0x24 D:/Temp/FPGA_EPFL/PWM_module/sw/nios/PWM_module_bsp/\libhal_bsp.a(alt_dev_llist_insert.o)
 .comment       0x0000000000000023       0x24 D:/Temp/FPGA_EPFL/PWM_module/sw/nios/PWM_module_bsp/\libhal_bsp.a(alt_do_ctors.o)
 .comment       0x0000000000000023       0x24 D:/Temp/FPGA_EPFL/PWM_module/sw/nios/PWM_module_bsp/\libhal_bsp.a(alt_do_dtors.o)
 .comment       0x0000000000000023       0x24 D:/Temp/FPGA_EPFL/PWM_module/sw/nios/PWM_module_bsp/\libhal_bsp.a(alt_errno.o)
 .comment       0x0000000000000023       0x24 D:/Temp/FPGA_EPFL/PWM_module/sw/nios/PWM_module_bsp/\libhal_bsp.a(alt_icache_flush_all.o)
 .comment       0x0000000000000023       0x24 D:/Temp/FPGA_EPFL/PWM_module/sw/nios/PWM_module_bsp/\libhal_bsp.a(alt_iic.o)
 .comment       0x0000000000000023       0x24 D:/Temp/FPGA_EPFL/PWM_module/sw/nios/PWM_module_bsp/\libhal_bsp.a(alt_iic_isr_register.o)
 .comment       0x0000000000000023       0x24 D:/Temp/FPGA_EPFL/PWM_module/sw/nios/PWM_module_bsp/\libhal_bsp.a(alt_io_redirect.o)
 .comment       0x0000000000000023       0x24 D:/Temp/FPGA_EPFL/PWM_module/sw/nios/PWM_module_bsp/\libhal_bsp.a(alt_irq_handler.o)
 .comment       0x0000000000000023       0x24 D:/Temp/FPGA_EPFL/PWM_module/sw/nios/PWM_module_bsp/\libhal_bsp.a(alt_irq_vars.o)
 .comment       0x0000000000000023       0x24 D:/Temp/FPGA_EPFL/PWM_module/sw/nios/PWM_module_bsp/\libhal_bsp.a(alt_open.o)
 .comment       0x0000000000000023       0x24 D:/Temp/FPGA_EPFL/PWM_module/sw/nios/PWM_module_bsp/\libhal_bsp.a(alt_release_fd.o)
 .comment       0x0000000000000023       0x24 D:/Temp/FPGA_EPFL/PWM_module/sw/nios/PWM_module_bsp/\libhal_bsp.a(alt_tick.o)
 .comment       0x0000000000000023       0x24 D:/Temp/FPGA_EPFL/PWM_module/sw/nios/PWM_module_bsp/\libhal_bsp.a(altera_nios2_gen2_irq.o)
 .comment       0x0000000000000023       0x24 D:/Temp/FPGA_EPFL/PWM_module/sw/nios/PWM_module_bsp/\libhal_bsp.a(alt_find_dev.o)
 .comment       0x0000000000000023       0x24 D:/Temp/FPGA_EPFL/PWM_module/sw/nios/PWM_module_bsp/\libhal_bsp.a(alt_find_file.o)
 .comment       0x0000000000000023       0x24 D:/Temp/FPGA_EPFL/PWM_module/sw/nios/PWM_module_bsp/\libhal_bsp.a(alt_get_fd.o)
 .comment       0x0000000000000023       0x24 D:/Temp/FPGA_EPFL/PWM_module/sw/nios/PWM_module_bsp/\libhal_bsp.a(alt_icache_flush.o)
 .comment       0x0000000000000023       0x24 D:/Temp/FPGA_EPFL/PWM_module/sw/nios/PWM_module_bsp/\libhal_bsp.a(alt_instruction_exception_entry.o)
 .comment       0x0000000000000023       0x24 d:/logiciels/altera_lite/16.0/nios2eds/bin/gnu/h-x86_64-mingw32/bin/../lib/gcc/nios2-elf/5.2.0/../../../../../H-x86_64-mingw32/nios2-elf/lib\libc.a(lib_a-atexit.o)
 .comment       0x0000000000000023       0x24 d:/logiciels/altera_lite/16.0/nios2eds/bin/gnu/h-x86_64-mingw32/bin/../lib/gcc/nios2-elf/5.2.0/../../../../../H-x86_64-mingw32/nios2-elf/lib\libc.a(lib_a-exit.o)
 .comment       0x0000000000000023       0x24 d:/logiciels/altera_lite/16.0/nios2eds/bin/gnu/h-x86_64-mingw32/bin/../lib/gcc/nios2-elf/5.2.0/../../../../../H-x86_64-mingw32/nios2-elf/lib\libc.a(lib_a-impure.o)
 .comment       0x0000000000000023       0x24 d:/logiciels/altera_lite/16.0/nios2eds/bin/gnu/h-x86_64-mingw32/bin/../lib/gcc/nios2-elf/5.2.0/../../../../../H-x86_64-mingw32/nios2-elf/lib\libc.a(lib_a-int_errno.o)
 .comment       0x0000000000000023       0x24 d:/logiciels/altera_lite/16.0/nios2eds/bin/gnu/h-x86_64-mingw32/bin/../lib/gcc/nios2-elf/5.2.0/../../../../../H-x86_64-mingw32/nios2-elf/lib\libc.a(lib_a-memcmp.o)
 .comment       0x0000000000000023       0x24 d:/logiciels/altera_lite/16.0/nios2eds/bin/gnu/h-x86_64-mingw32/bin/../lib/gcc/nios2-elf/5.2.0/../../../../../H-x86_64-mingw32/nios2-elf/lib\libc.a(lib_a-memcpy.o)
 .comment       0x0000000000000023       0x24 d:/logiciels/altera_lite/16.0/nios2eds/bin/gnu/h-x86_64-mingw32/bin/../lib/gcc/nios2-elf/5.2.0/../../../../../H-x86_64-mingw32/nios2-elf/lib\libc.a(lib_a-strlen.o)
 .comment       0x0000000000000023       0x24 d:/logiciels/altera_lite/16.0/nios2eds/bin/gnu/h-x86_64-mingw32/bin/../lib/gcc/nios2-elf/5.2.0/../../../../../H-x86_64-mingw32/nios2-elf/lib\libc.a(lib_a-__atexit.o)
 .comment       0x0000000000000023       0x24 d:/logiciels/altera_lite/16.0/nios2eds/bin/gnu/h-x86_64-mingw32/bin/../lib/gcc/nios2-elf/5.2.0/../../../../../H-x86_64-mingw32/nios2-elf/lib\libc.a(lib_a-__call_atexit.o)
 .comment       0x0000000000000023       0x24 d:/logiciels/altera_lite/16.0/nios2eds/bin/gnu/h-x86_64-mingw32/bin/../lib/gcc/nios2-elf/5.2.0\libgcc.a(lib2-divmod.o)
 .comment       0x0000000000000023       0x24 D:/Temp/FPGA_EPFL/PWM_module/sw/nios/PWM_module_bsp/\libhal_bsp.a(alt_exit.o)

.debug
 *(.debug)

.line
 *(.line)

.debug_srcinfo
 *(.debug_srcinfo)

.debug_sfnames
 *(.debug_sfnames)

.debug_aranges  0x0000000000000000      0x618
 *(.debug_aranges)
 .debug_aranges
                0x0000000000000000       0x28 D:/Temp/FPGA_EPFL/PWM_module/sw/nios/PWM_module_bsp//obj/HAL/src/crt0.o
 .debug_aranges
                0x0000000000000028       0x20 obj/default/PWM.o
 .debug_aranges
                0x0000000000000048       0x20 D:/Temp/FPGA_EPFL/PWM_module/sw/nios/PWM_module_bsp/\libhal_bsp.a(alt_load.o)
 .debug_aranges
                0x0000000000000068       0x20 D:/Temp/FPGA_EPFL/PWM_module/sw/nios/PWM_module_bsp/\libhal_bsp.a(alt_main.o)
 .debug_aranges
                0x0000000000000088       0x20 D:/Temp/FPGA_EPFL/PWM_module/sw/nios/PWM_module_bsp/\libhal_bsp.a(alt_usleep.o)
 .debug_aranges
                0x00000000000000a8       0x20 D:/Temp/FPGA_EPFL/PWM_module/sw/nios/PWM_module_bsp/\libhal_bsp.a(alt_sys_init.o)
 .debug_aranges
                0x00000000000000c8       0x20 D:/Temp/FPGA_EPFL/PWM_module/sw/nios/PWM_module_bsp/\libhal_bsp.a(altera_avalon_jtag_uart_fd.o)
 .debug_aranges
                0x00000000000000e8       0x20 D:/Temp/FPGA_EPFL/PWM_module/sw/nios/PWM_module_bsp/\libhal_bsp.a(altera_avalon_jtag_uart_init.o)
 .debug_aranges
                0x0000000000000108       0x20 D:/Temp/FPGA_EPFL/PWM_module/sw/nios/PWM_module_bsp/\libhal_bsp.a(altera_avalon_jtag_uart_ioctl.o)
 .debug_aranges
                0x0000000000000128       0x20 D:/Temp/FPGA_EPFL/PWM_module/sw/nios/PWM_module_bsp/\libhal_bsp.a(altera_avalon_jtag_uart_read.o)
 .debug_aranges
                0x0000000000000148       0x20 D:/Temp/FPGA_EPFL/PWM_module/sw/nios/PWM_module_bsp/\libhal_bsp.a(altera_avalon_jtag_uart_write.o)
 .debug_aranges
                0x0000000000000168       0x20 D:/Temp/FPGA_EPFL/PWM_module/sw/nios/PWM_module_bsp/\libhal_bsp.a(alt_alarm_start.o)
 .debug_aranges
                0x0000000000000188       0x20 D:/Temp/FPGA_EPFL/PWM_module/sw/nios/PWM_module_bsp/\libhal_bsp.a(alt_busy_sleep.o)
 .debug_aranges
                0x00000000000001a8       0x20 D:/Temp/FPGA_EPFL/PWM_module/sw/nios/PWM_module_bsp/\libhal_bsp.a(alt_close.o)
 .debug_aranges
                0x00000000000001c8       0x20 D:/Temp/FPGA_EPFL/PWM_module/sw/nios/PWM_module_bsp/\libhal_bsp.a(alt_dcache_flush_all.o)
 .debug_aranges
                0x00000000000001e8       0x20 D:/Temp/FPGA_EPFL/PWM_module/sw/nios/PWM_module_bsp/\libhal_bsp.a(alt_dev.o)
 .debug_aranges
                0x0000000000000208       0x20 D:/Temp/FPGA_EPFL/PWM_module/sw/nios/PWM_module_bsp/\libhal_bsp.a(alt_dev_llist_insert.o)
 .debug_aranges
                0x0000000000000228       0x20 D:/Temp/FPGA_EPFL/PWM_module/sw/nios/PWM_module_bsp/\libhal_bsp.a(alt_do_ctors.o)
 .debug_aranges
                0x0000000000000248       0x20 D:/Temp/FPGA_EPFL/PWM_module/sw/nios/PWM_module_bsp/\libhal_bsp.a(alt_do_dtors.o)
 .debug_aranges
                0x0000000000000268       0x18 D:/Temp/FPGA_EPFL/PWM_module/sw/nios/PWM_module_bsp/\libhal_bsp.a(alt_errno.o)
 .debug_aranges
                0x0000000000000280       0x20 D:/Temp/FPGA_EPFL/PWM_module/sw/nios/PWM_module_bsp/\libhal_bsp.a(alt_icache_flush_all.o)
 .debug_aranges
                0x00000000000002a0       0x20 D:/Temp/FPGA_EPFL/PWM_module/sw/nios/PWM_module_bsp/\libhal_bsp.a(alt_iic.o)
 .debug_aranges
                0x00000000000002c0       0x20 D:/Temp/FPGA_EPFL/PWM_module/sw/nios/PWM_module_bsp/\libhal_bsp.a(alt_iic_isr_register.o)
 .debug_aranges
                0x00000000000002e0       0x20 D:/Temp/FPGA_EPFL/PWM_module/sw/nios/PWM_module_bsp/\libhal_bsp.a(alt_io_redirect.o)
 .debug_aranges
                0x0000000000000300       0x30 D:/Temp/FPGA_EPFL/PWM_module/sw/nios/PWM_module_bsp/\libhal_bsp.a(alt_irq_entry.o)
 .debug_aranges
                0x0000000000000330       0x20 D:/Temp/FPGA_EPFL/PWM_module/sw/nios/PWM_module_bsp/\libhal_bsp.a(alt_irq_handler.o)
 .debug_aranges
                0x0000000000000350       0x18 D:/Temp/FPGA_EPFL/PWM_module/sw/nios/PWM_module_bsp/\libhal_bsp.a(alt_irq_vars.o)
 .debug_aranges
                0x0000000000000368       0x20 D:/Temp/FPGA_EPFL/PWM_module/sw/nios/PWM_module_bsp/\libhal_bsp.a(alt_open.o)
 .debug_aranges
                0x0000000000000388       0x20 D:/Temp/FPGA_EPFL/PWM_module/sw/nios/PWM_module_bsp/\libhal_bsp.a(alt_release_fd.o)
 .debug_aranges
                0x00000000000003a8       0x20 D:/Temp/FPGA_EPFL/PWM_module/sw/nios/PWM_module_bsp/\libhal_bsp.a(alt_tick.o)
 .debug_aranges
                0x00000000000003c8       0x20 D:/Temp/FPGA_EPFL/PWM_module/sw/nios/PWM_module_bsp/\libhal_bsp.a(altera_nios2_gen2_irq.o)
 .debug_aranges
                0x00000000000003e8       0x38 D:/Temp/FPGA_EPFL/PWM_module/sw/nios/PWM_module_bsp/\libhal_bsp.a(alt_exception_entry.o)
 .debug_aranges
                0x0000000000000420       0x20 D:/Temp/FPGA_EPFL/PWM_module/sw/nios/PWM_module_bsp/\libhal_bsp.a(alt_find_dev.o)
 .debug_aranges
                0x0000000000000440       0x20 D:/Temp/FPGA_EPFL/PWM_module/sw/nios/PWM_module_bsp/\libhal_bsp.a(alt_find_file.o)
 .debug_aranges
                0x0000000000000460       0x20 D:/Temp/FPGA_EPFL/PWM_module/sw/nios/PWM_module_bsp/\libhal_bsp.a(alt_get_fd.o)
 .debug_aranges
                0x0000000000000480       0x20 D:/Temp/FPGA_EPFL/PWM_module/sw/nios/PWM_module_bsp/\libhal_bsp.a(alt_icache_flush.o)
 .debug_aranges
                0x00000000000004a0       0x28 D:/Temp/FPGA_EPFL/PWM_module/sw/nios/PWM_module_bsp/\libhal_bsp.a(alt_instruction_exception_entry.o)
 .debug_aranges
                0x00000000000004c8       0x20 d:/logiciels/altera_lite/16.0/nios2eds/bin/gnu/h-x86_64-mingw32/bin/../lib/gcc/nios2-elf/5.2.0/../../../../../H-x86_64-mingw32/nios2-elf/lib\libc.a(lib_a-atexit.o)
 .debug_aranges
                0x00000000000004e8       0x20 d:/logiciels/altera_lite/16.0/nios2eds/bin/gnu/h-x86_64-mingw32/bin/../lib/gcc/nios2-elf/5.2.0/../../../../../H-x86_64-mingw32/nios2-elf/lib\libc.a(lib_a-exit.o)
 .debug_aranges
                0x0000000000000508       0x18 d:/logiciels/altera_lite/16.0/nios2eds/bin/gnu/h-x86_64-mingw32/bin/../lib/gcc/nios2-elf/5.2.0/../../../../../H-x86_64-mingw32/nios2-elf/lib\libc.a(lib_a-impure.o)
 .debug_aranges
                0x0000000000000520       0x18 d:/logiciels/altera_lite/16.0/nios2eds/bin/gnu/h-x86_64-mingw32/bin/../lib/gcc/nios2-elf/5.2.0/../../../../../H-x86_64-mingw32/nios2-elf/lib\libc.a(lib_a-int_errno.o)
 .debug_aranges
                0x0000000000000538       0x20 d:/logiciels/altera_lite/16.0/nios2eds/bin/gnu/h-x86_64-mingw32/bin/../lib/gcc/nios2-elf/5.2.0/../../../../../H-x86_64-mingw32/nios2-elf/lib\libc.a(lib_a-memcmp.o)
 .debug_aranges
                0x0000000000000558       0x20 d:/logiciels/altera_lite/16.0/nios2eds/bin/gnu/h-x86_64-mingw32/bin/../lib/gcc/nios2-elf/5.2.0/../../../../../H-x86_64-mingw32/nios2-elf/lib\libc.a(lib_a-memcpy.o)
 .debug_aranges
                0x0000000000000578       0x20 d:/logiciels/altera_lite/16.0/nios2eds/bin/gnu/h-x86_64-mingw32/bin/../lib/gcc/nios2-elf/5.2.0/../../../../../H-x86_64-mingw32/nios2-elf/lib\libc.a(lib_a-strlen.o)
 .debug_aranges
                0x0000000000000598       0x20 d:/logiciels/altera_lite/16.0/nios2eds/bin/gnu/h-x86_64-mingw32/bin/../lib/gcc/nios2-elf/5.2.0/../../../../../H-x86_64-mingw32/nios2-elf/lib\libc.a(lib_a-__atexit.o)
 .debug_aranges
                0x00000000000005b8       0x20 d:/logiciels/altera_lite/16.0/nios2eds/bin/gnu/h-x86_64-mingw32/bin/../lib/gcc/nios2-elf/5.2.0/../../../../../H-x86_64-mingw32/nios2-elf/lib\libc.a(lib_a-__call_atexit.o)
 .debug_aranges
                0x00000000000005d8       0x20 d:/logiciels/altera_lite/16.0/nios2eds/bin/gnu/h-x86_64-mingw32/bin/../lib/gcc/nios2-elf/5.2.0\libgcc.a(lib2-divmod.o)
 .debug_aranges
                0x00000000000005f8       0x20 D:/Temp/FPGA_EPFL/PWM_module/sw/nios/PWM_module_bsp/\libhal_bsp.a(alt_exit.o)

.debug_pubnames
 *(.debug_pubnames)

.debug_info     0x0000000000000000     0x79b0
 *(.debug_info .gnu.linkonce.wi.*)
 .debug_info    0x0000000000000000       0x68 D:/Temp/FPGA_EPFL/PWM_module/sw/nios/PWM_module_bsp//obj/HAL/src/crt0.o
 .debug_info    0x0000000000000068       0xf8 obj/default/PWM.o
 .debug_info    0x0000000000000160      0x145 D:/Temp/FPGA_EPFL/PWM_module/sw/nios/PWM_module_bsp/\libhal_bsp.a(alt_load.o)
 .debug_info    0x00000000000002a5      0x131 D:/Temp/FPGA_EPFL/PWM_module/sw/nios/PWM_module_bsp/\libhal_bsp.a(alt_main.o)
 .debug_info    0x00000000000003d6       0xb0 D:/Temp/FPGA_EPFL/PWM_module/sw/nios/PWM_module_bsp/\libhal_bsp.a(alt_usleep.o)
 .debug_info    0x0000000000000486      0x4c3 D:/Temp/FPGA_EPFL/PWM_module/sw/nios/PWM_module_bsp/\libhal_bsp.a(alt_sys_init.o)
 .debug_info    0x0000000000000949      0x52e D:/Temp/FPGA_EPFL/PWM_module/sw/nios/PWM_module_bsp/\libhal_bsp.a(altera_avalon_jtag_uart_fd.o)
 .debug_info    0x0000000000000e77      0x3a0 D:/Temp/FPGA_EPFL/PWM_module/sw/nios/PWM_module_bsp/\libhal_bsp.a(altera_avalon_jtag_uart_init.o)
 .debug_info    0x0000000000001217      0x280 D:/Temp/FPGA_EPFL/PWM_module/sw/nios/PWM_module_bsp/\libhal_bsp.a(altera_avalon_jtag_uart_ioctl.o)
 .debug_info    0x0000000000001497      0x345 D:/Temp/FPGA_EPFL/PWM_module/sw/nios/PWM_module_bsp/\libhal_bsp.a(altera_avalon_jtag_uart_read.o)
 .debug_info    0x00000000000017dc      0x340 D:/Temp/FPGA_EPFL/PWM_module/sw/nios/PWM_module_bsp/\libhal_bsp.a(altera_avalon_jtag_uart_write.o)
 .debug_info    0x0000000000001b1c      0x2cc D:/Temp/FPGA_EPFL/PWM_module/sw/nios/PWM_module_bsp/\libhal_bsp.a(alt_alarm_start.o)
 .debug_info    0x0000000000001de8       0xd7 D:/Temp/FPGA_EPFL/PWM_module/sw/nios/PWM_module_bsp/\libhal_bsp.a(alt_busy_sleep.o)
 .debug_info    0x0000000000001ebf      0x321 D:/Temp/FPGA_EPFL/PWM_module/sw/nios/PWM_module_bsp/\libhal_bsp.a(alt_close.o)
 .debug_info    0x00000000000021e0       0xa5 D:/Temp/FPGA_EPFL/PWM_module/sw/nios/PWM_module_bsp/\libhal_bsp.a(alt_dcache_flush_all.o)
 .debug_info    0x0000000000002285      0x49c D:/Temp/FPGA_EPFL/PWM_module/sw/nios/PWM_module_bsp/\libhal_bsp.a(alt_dev.o)
 .debug_info    0x0000000000002721      0x1a9 D:/Temp/FPGA_EPFL/PWM_module/sw/nios/PWM_module_bsp/\libhal_bsp.a(alt_dev_llist_insert.o)
 .debug_info    0x00000000000028ca       0x83 D:/Temp/FPGA_EPFL/PWM_module/sw/nios/PWM_module_bsp/\libhal_bsp.a(alt_do_ctors.o)
 .debug_info    0x000000000000294d       0x83 D:/Temp/FPGA_EPFL/PWM_module/sw/nios/PWM_module_bsp/\libhal_bsp.a(alt_do_dtors.o)
 .debug_info    0x00000000000029d0       0xa6 D:/Temp/FPGA_EPFL/PWM_module/sw/nios/PWM_module_bsp/\libhal_bsp.a(alt_errno.o)
 .debug_info    0x0000000000002a76       0x92 D:/Temp/FPGA_EPFL/PWM_module/sw/nios/PWM_module_bsp/\libhal_bsp.a(alt_icache_flush_all.o)
 .debug_info    0x0000000000002b08      0x350 D:/Temp/FPGA_EPFL/PWM_module/sw/nios/PWM_module_bsp/\libhal_bsp.a(alt_iic.o)
 .debug_info    0x0000000000002e58      0x1ef D:/Temp/FPGA_EPFL/PWM_module/sw/nios/PWM_module_bsp/\libhal_bsp.a(alt_iic_isr_register.o)
 .debug_info    0x0000000000003047      0x4a5 D:/Temp/FPGA_EPFL/PWM_module/sw/nios/PWM_module_bsp/\libhal_bsp.a(alt_io_redirect.o)
 .debug_info    0x00000000000034ec       0x71 D:/Temp/FPGA_EPFL/PWM_module/sw/nios/PWM_module_bsp/\libhal_bsp.a(alt_irq_entry.o)
 .debug_info    0x000000000000355d      0x187 D:/Temp/FPGA_EPFL/PWM_module/sw/nios/PWM_module_bsp/\libhal_bsp.a(alt_irq_handler.o)
 .debug_info    0x00000000000036e4       0x88 D:/Temp/FPGA_EPFL/PWM_module/sw/nios/PWM_module_bsp/\libhal_bsp.a(alt_irq_vars.o)
 .debug_info    0x000000000000376c      0x3bb D:/Temp/FPGA_EPFL/PWM_module/sw/nios/PWM_module_bsp/\libhal_bsp.a(alt_open.o)
 .debug_info    0x0000000000003b27      0x2b0 D:/Temp/FPGA_EPFL/PWM_module/sw/nios/PWM_module_bsp/\libhal_bsp.a(alt_release_fd.o)
 .debug_info    0x0000000000003dd7      0x299 D:/Temp/FPGA_EPFL/PWM_module/sw/nios/PWM_module_bsp/\libhal_bsp.a(alt_tick.o)
 .debug_info    0x0000000000004070       0x92 D:/Temp/FPGA_EPFL/PWM_module/sw/nios/PWM_module_bsp/\libhal_bsp.a(altera_nios2_gen2_irq.o)
 .debug_info    0x0000000000004102       0x77 D:/Temp/FPGA_EPFL/PWM_module/sw/nios/PWM_module_bsp/\libhal_bsp.a(alt_exception_entry.o)
 .debug_info    0x0000000000004179      0x2e9 D:/Temp/FPGA_EPFL/PWM_module/sw/nios/PWM_module_bsp/\libhal_bsp.a(alt_find_dev.o)
 .debug_info    0x0000000000004462      0x2e6 D:/Temp/FPGA_EPFL/PWM_module/sw/nios/PWM_module_bsp/\libhal_bsp.a(alt_find_file.o)
 .debug_info    0x0000000000004748      0x310 D:/Temp/FPGA_EPFL/PWM_module/sw/nios/PWM_module_bsp/\libhal_bsp.a(alt_get_fd.o)
 .debug_info    0x0000000000004a58       0xdc D:/Temp/FPGA_EPFL/PWM_module/sw/nios/PWM_module_bsp/\libhal_bsp.a(alt_icache_flush.o)
 .debug_info    0x0000000000004b34      0x1e7 D:/Temp/FPGA_EPFL/PWM_module/sw/nios/PWM_module_bsp/\libhal_bsp.a(alt_instruction_exception_entry.o)
 .debug_info    0x0000000000004d1b       0xfe d:/logiciels/altera_lite/16.0/nios2eds/bin/gnu/h-x86_64-mingw32/bin/../lib/gcc/nios2-elf/5.2.0/../../../../../H-x86_64-mingw32/nios2-elf/lib\libc.a(lib_a-atexit.o)
 .debug_info    0x0000000000004e19      0x8e4 d:/logiciels/altera_lite/16.0/nios2eds/bin/gnu/h-x86_64-mingw32/bin/../lib/gcc/nios2-elf/5.2.0/../../../../../H-x86_64-mingw32/nios2-elf/lib\libc.a(lib_a-exit.o)
 .debug_info    0x00000000000056fd      0x8a1 d:/logiciels/altera_lite/16.0/nios2eds/bin/gnu/h-x86_64-mingw32/bin/../lib/gcc/nios2-elf/5.2.0/../../../../../H-x86_64-mingw32/nios2-elf/lib\libc.a(lib_a-impure.o)
 .debug_info    0x0000000000005f9e       0x8a d:/logiciels/altera_lite/16.0/nios2eds/bin/gnu/h-x86_64-mingw32/bin/../lib/gcc/nios2-elf/5.2.0/../../../../../H-x86_64-mingw32/nios2-elf/lib\libc.a(lib_a-int_errno.o)
 .debug_info    0x0000000000006028      0x11a d:/logiciels/altera_lite/16.0/nios2eds/bin/gnu/h-x86_64-mingw32/bin/../lib/gcc/nios2-elf/5.2.0/../../../../../H-x86_64-mingw32/nios2-elf/lib\libc.a(lib_a-memcmp.o)
 .debug_info    0x0000000000006142      0x144 d:/logiciels/altera_lite/16.0/nios2eds/bin/gnu/h-x86_64-mingw32/bin/../lib/gcc/nios2-elf/5.2.0/../../../../../H-x86_64-mingw32/nios2-elf/lib\libc.a(lib_a-memcpy.o)
 .debug_info    0x0000000000006286       0xe2 d:/logiciels/altera_lite/16.0/nios2eds/bin/gnu/h-x86_64-mingw32/bin/../lib/gcc/nios2-elf/5.2.0/../../../../../H-x86_64-mingw32/nios2-elf/lib\libc.a(lib_a-strlen.o)
 .debug_info    0x0000000000006368      0x934 d:/logiciels/altera_lite/16.0/nios2eds/bin/gnu/h-x86_64-mingw32/bin/../lib/gcc/nios2-elf/5.2.0/../../../../../H-x86_64-mingw32/nios2-elf/lib\libc.a(lib_a-__atexit.o)
 .debug_info    0x0000000000006c9c      0x965 d:/logiciels/altera_lite/16.0/nios2eds/bin/gnu/h-x86_64-mingw32/bin/../lib/gcc/nios2-elf/5.2.0/../../../../../H-x86_64-mingw32/nios2-elf/lib\libc.a(lib_a-__call_atexit.o)
 .debug_info    0x0000000000007601      0x2c3 d:/logiciels/altera_lite/16.0/nios2eds/bin/gnu/h-x86_64-mingw32/bin/../lib/gcc/nios2-elf/5.2.0\libgcc.a(lib2-divmod.o)
 .debug_info    0x00000000000078c4       0xec D:/Temp/FPGA_EPFL/PWM_module/sw/nios/PWM_module_bsp/\libhal_bsp.a(alt_exit.o)

.debug_abbrev   0x0000000000000000     0x2b67
 *(.debug_abbrev)
 .debug_abbrev  0x0000000000000000       0x12 D:/Temp/FPGA_EPFL/PWM_module/sw/nios/PWM_module_bsp//obj/HAL/src/crt0.o
 .debug_abbrev  0x0000000000000012       0x92 obj/default/PWM.o
 .debug_abbrev  0x00000000000000a4       0x9f D:/Temp/FPGA_EPFL/PWM_module/sw/nios/PWM_module_bsp/\libhal_bsp.a(alt_load.o)
 .debug_abbrev  0x0000000000000143       0xba D:/Temp/FPGA_EPFL/PWM_module/sw/nios/PWM_module_bsp/\libhal_bsp.a(alt_main.o)
 .debug_abbrev  0x00000000000001fd       0x60 D:/Temp/FPGA_EPFL/PWM_module/sw/nios/PWM_module_bsp/\libhal_bsp.a(alt_usleep.o)
 .debug_abbrev  0x000000000000025d      0x187 D:/Temp/FPGA_EPFL/PWM_module/sw/nios/PWM_module_bsp/\libhal_bsp.a(alt_sys_init.o)
 .debug_abbrev  0x00000000000003e4      0x127 D:/Temp/FPGA_EPFL/PWM_module/sw/nios/PWM_module_bsp/\libhal_bsp.a(altera_avalon_jtag_uart_fd.o)
 .debug_abbrev  0x000000000000050b      0x19e D:/Temp/FPGA_EPFL/PWM_module/sw/nios/PWM_module_bsp/\libhal_bsp.a(altera_avalon_jtag_uart_init.o)
 .debug_abbrev  0x00000000000006a9      0x111 D:/Temp/FPGA_EPFL/PWM_module/sw/nios/PWM_module_bsp/\libhal_bsp.a(altera_avalon_jtag_uart_ioctl.o)
 .debug_abbrev  0x00000000000007ba      0x1aa D:/Temp/FPGA_EPFL/PWM_module/sw/nios/PWM_module_bsp/\libhal_bsp.a(altera_avalon_jtag_uart_read.o)
 .debug_abbrev  0x0000000000000964      0x1a8 D:/Temp/FPGA_EPFL/PWM_module/sw/nios/PWM_module_bsp/\libhal_bsp.a(altera_avalon_jtag_uart_write.o)
 .debug_abbrev  0x0000000000000b0c      0x162 D:/Temp/FPGA_EPFL/PWM_module/sw/nios/PWM_module_bsp/\libhal_bsp.a(alt_alarm_start.o)
 .debug_abbrev  0x0000000000000c6e       0x7e D:/Temp/FPGA_EPFL/PWM_module/sw/nios/PWM_module_bsp/\libhal_bsp.a(alt_busy_sleep.o)
 .debug_abbrev  0x0000000000000cec      0x11f D:/Temp/FPGA_EPFL/PWM_module/sw/nios/PWM_module_bsp/\libhal_bsp.a(alt_close.o)
 .debug_abbrev  0x0000000000000e0b       0x5a D:/Temp/FPGA_EPFL/PWM_module/sw/nios/PWM_module_bsp/\libhal_bsp.a(alt_dcache_flush_all.o)
 .debug_abbrev  0x0000000000000e65       0xd9 D:/Temp/FPGA_EPFL/PWM_module/sw/nios/PWM_module_bsp/\libhal_bsp.a(alt_dev.o)
 .debug_abbrev  0x0000000000000f3e      0x114 D:/Temp/FPGA_EPFL/PWM_module/sw/nios/PWM_module_bsp/\libhal_bsp.a(alt_dev_llist_insert.o)
 .debug_abbrev  0x0000000000001052       0x79 D:/Temp/FPGA_EPFL/PWM_module/sw/nios/PWM_module_bsp/\libhal_bsp.a(alt_do_ctors.o)
 .debug_abbrev  0x00000000000010cb       0x79 D:/Temp/FPGA_EPFL/PWM_module/sw/nios/PWM_module_bsp/\libhal_bsp.a(alt_do_dtors.o)
 .debug_abbrev  0x0000000000001144       0x5a D:/Temp/FPGA_EPFL/PWM_module/sw/nios/PWM_module_bsp/\libhal_bsp.a(alt_errno.o)
 .debug_abbrev  0x000000000000119e       0x42 D:/Temp/FPGA_EPFL/PWM_module/sw/nios/PWM_module_bsp/\libhal_bsp.a(alt_icache_flush_all.o)
 .debug_abbrev  0x00000000000011e0      0x163 D:/Temp/FPGA_EPFL/PWM_module/sw/nios/PWM_module_bsp/\libhal_bsp.a(alt_iic.o)
 .debug_abbrev  0x0000000000001343      0x169 D:/Temp/FPGA_EPFL/PWM_module/sw/nios/PWM_module_bsp/\libhal_bsp.a(alt_iic_isr_register.o)
 .debug_abbrev  0x00000000000014ac      0x114 D:/Temp/FPGA_EPFL/PWM_module/sw/nios/PWM_module_bsp/\libhal_bsp.a(alt_io_redirect.o)
 .debug_abbrev  0x00000000000015c0       0x12 D:/Temp/FPGA_EPFL/PWM_module/sw/nios/PWM_module_bsp/\libhal_bsp.a(alt_irq_entry.o)
 .debug_abbrev  0x00000000000015d2      0x122 D:/Temp/FPGA_EPFL/PWM_module/sw/nios/PWM_module_bsp/\libhal_bsp.a(alt_irq_handler.o)
 .debug_abbrev  0x00000000000016f4       0x40 D:/Temp/FPGA_EPFL/PWM_module/sw/nios/PWM_module_bsp/\libhal_bsp.a(alt_irq_vars.o)
 .debug_abbrev  0x0000000000001734      0x148 D:/Temp/FPGA_EPFL/PWM_module/sw/nios/PWM_module_bsp/\libhal_bsp.a(alt_open.o)
 .debug_abbrev  0x000000000000187c       0xde D:/Temp/FPGA_EPFL/PWM_module/sw/nios/PWM_module_bsp/\libhal_bsp.a(alt_release_fd.o)
 .debug_abbrev  0x000000000000195a      0x15a D:/Temp/FPGA_EPFL/PWM_module/sw/nios/PWM_module_bsp/\libhal_bsp.a(alt_tick.o)
 .debug_abbrev  0x0000000000001ab4       0x42 D:/Temp/FPGA_EPFL/PWM_module/sw/nios/PWM_module_bsp/\libhal_bsp.a(altera_nios2_gen2_irq.o)
 .debug_abbrev  0x0000000000001af6       0x12 D:/Temp/FPGA_EPFL/PWM_module/sw/nios/PWM_module_bsp/\libhal_bsp.a(alt_exception_entry.o)
 .debug_abbrev  0x0000000000001b08       0xf0 D:/Temp/FPGA_EPFL/PWM_module/sw/nios/PWM_module_bsp/\libhal_bsp.a(alt_find_dev.o)
 .debug_abbrev  0x0000000000001bf8       0xf0 D:/Temp/FPGA_EPFL/PWM_module/sw/nios/PWM_module_bsp/\libhal_bsp.a(alt_find_file.o)
 .debug_abbrev  0x0000000000001ce8      0x10d D:/Temp/FPGA_EPFL/PWM_module/sw/nios/PWM_module_bsp/\libhal_bsp.a(alt_get_fd.o)
 .debug_abbrev  0x0000000000001df5       0x8c D:/Temp/FPGA_EPFL/PWM_module/sw/nios/PWM_module_bsp/\libhal_bsp.a(alt_icache_flush.o)
 .debug_abbrev  0x0000000000001e81       0xdc D:/Temp/FPGA_EPFL/PWM_module/sw/nios/PWM_module_bsp/\libhal_bsp.a(alt_instruction_exception_entry.o)
 .debug_abbrev  0x0000000000001f5d       0xaa d:/logiciels/altera_lite/16.0/nios2eds/bin/gnu/h-x86_64-mingw32/bin/../lib/gcc/nios2-elf/5.2.0/../../../../../H-x86_64-mingw32/nios2-elf/lib\libc.a(lib_a-atexit.o)
 .debug_abbrev  0x0000000000002007      0x1e5 d:/logiciels/altera_lite/16.0/nios2eds/bin/gnu/h-x86_64-mingw32/bin/../lib/gcc/nios2-elf/5.2.0/../../../../../H-x86_64-mingw32/nios2-elf/lib\libc.a(lib_a-exit.o)
 .debug_abbrev  0x00000000000021ec      0x18f d:/logiciels/altera_lite/16.0/nios2eds/bin/gnu/h-x86_64-mingw32/bin/../lib/gcc/nios2-elf/5.2.0/../../../../../H-x86_64-mingw32/nios2-elf/lib\libc.a(lib_a-impure.o)
 .debug_abbrev  0x000000000000237b       0x37 d:/logiciels/altera_lite/16.0/nios2eds/bin/gnu/h-x86_64-mingw32/bin/../lib/gcc/nios2-elf/5.2.0/../../../../../H-x86_64-mingw32/nios2-elf/lib\libc.a(lib_a-int_errno.o)
 .debug_abbrev  0x00000000000023b2       0x7f d:/logiciels/altera_lite/16.0/nios2eds/bin/gnu/h-x86_64-mingw32/bin/../lib/gcc/nios2-elf/5.2.0/../../../../../H-x86_64-mingw32/nios2-elf/lib\libc.a(lib_a-memcmp.o)
 .debug_abbrev  0x0000000000002431       0xa3 d:/logiciels/altera_lite/16.0/nios2eds/bin/gnu/h-x86_64-mingw32/bin/../lib/gcc/nios2-elf/5.2.0/../../../../../H-x86_64-mingw32/nios2-elf/lib\libc.a(lib_a-memcpy.o)
 .debug_abbrev  0x00000000000024d4       0x90 d:/logiciels/altera_lite/16.0/nios2eds/bin/gnu/h-x86_64-mingw32/bin/../lib/gcc/nios2-elf/5.2.0/../../../../../H-x86_64-mingw32/nios2-elf/lib\libc.a(lib_a-strlen.o)
 .debug_abbrev  0x0000000000002564      0x21e d:/logiciels/altera_lite/16.0/nios2eds/bin/gnu/h-x86_64-mingw32/bin/../lib/gcc/nios2-elf/5.2.0/../../../../../H-x86_64-mingw32/nios2-elf/lib\libc.a(lib_a-__atexit.o)
 .debug_abbrev  0x0000000000002782      0x22e d:/logiciels/altera_lite/16.0/nios2eds/bin/gnu/h-x86_64-mingw32/bin/../lib/gcc/nios2-elf/5.2.0/../../../../../H-x86_64-mingw32/nios2-elf/lib\libc.a(lib_a-__call_atexit.o)
 .debug_abbrev  0x00000000000029b0      0x10e d:/logiciels/altera_lite/16.0/nios2eds/bin/gnu/h-x86_64-mingw32/bin/../lib/gcc/nios2-elf/5.2.0\libgcc.a(lib2-divmod.o)
 .debug_abbrev  0x0000000000002abe       0xa9 D:/Temp/FPGA_EPFL/PWM_module/sw/nios/PWM_module_bsp/\libhal_bsp.a(alt_exit.o)

.debug_line     0x0000000000000000     0x2c60
 *(.debug_line)
 .debug_line    0x0000000000000000       0x72 D:/Temp/FPGA_EPFL/PWM_module/sw/nios/PWM_module_bsp//obj/HAL/src/crt0.o
 .debug_line    0x0000000000000072       0xde obj/default/PWM.o
 .debug_line    0x0000000000000150       0x8e D:/Temp/FPGA_EPFL/PWM_module/sw/nios/PWM_module_bsp/\libhal_bsp.a(alt_load.o)
 .debug_line    0x00000000000001de       0xa4 D:/Temp/FPGA_EPFL/PWM_module/sw/nios/PWM_module_bsp/\libhal_bsp.a(alt_main.o)
 .debug_line    0x0000000000000282       0xb4 D:/Temp/FPGA_EPFL/PWM_module/sw/nios/PWM_module_bsp/\libhal_bsp.a(alt_usleep.o)
 .debug_line    0x0000000000000336      0x136 D:/Temp/FPGA_EPFL/PWM_module/sw/nios/PWM_module_bsp/\libhal_bsp.a(alt_sys_init.o)
 .debug_line    0x000000000000046c      0x12f D:/Temp/FPGA_EPFL/PWM_module/sw/nios/PWM_module_bsp/\libhal_bsp.a(altera_avalon_jtag_uart_fd.o)
 .debug_line    0x000000000000059b      0x18b D:/Temp/FPGA_EPFL/PWM_module/sw/nios/PWM_module_bsp/\libhal_bsp.a(altera_avalon_jtag_uart_init.o)
 .debug_line    0x0000000000000726      0x131 D:/Temp/FPGA_EPFL/PWM_module/sw/nios/PWM_module_bsp/\libhal_bsp.a(altera_avalon_jtag_uart_ioctl.o)
 .debug_line    0x0000000000000857      0x171 D:/Temp/FPGA_EPFL/PWM_module/sw/nios/PWM_module_bsp/\libhal_bsp.a(altera_avalon_jtag_uart_read.o)
 .debug_line    0x00000000000009c8      0x170 D:/Temp/FPGA_EPFL/PWM_module/sw/nios/PWM_module_bsp/\libhal_bsp.a(altera_avalon_jtag_uart_write.o)
 .debug_line    0x0000000000000b38       0xfa D:/Temp/FPGA_EPFL/PWM_module/sw/nios/PWM_module_bsp/\libhal_bsp.a(alt_alarm_start.o)
 .debug_line    0x0000000000000c32       0xa0 D:/Temp/FPGA_EPFL/PWM_module/sw/nios/PWM_module_bsp/\libhal_bsp.a(alt_busy_sleep.o)
 .debug_line    0x0000000000000cd2      0x16d D:/Temp/FPGA_EPFL/PWM_module/sw/nios/PWM_module_bsp/\libhal_bsp.a(alt_close.o)
 .debug_line    0x0000000000000e3f       0x61 D:/Temp/FPGA_EPFL/PWM_module/sw/nios/PWM_module_bsp/\libhal_bsp.a(alt_dcache_flush_all.o)
 .debug_line    0x0000000000000ea0       0xff D:/Temp/FPGA_EPFL/PWM_module/sw/nios/PWM_module_bsp/\libhal_bsp.a(alt_dev.o)
 .debug_line    0x0000000000000f9f       0xd0 D:/Temp/FPGA_EPFL/PWM_module/sw/nios/PWM_module_bsp/\libhal_bsp.a(alt_dev_llist_insert.o)
 .debug_line    0x000000000000106f       0x59 D:/Temp/FPGA_EPFL/PWM_module/sw/nios/PWM_module_bsp/\libhal_bsp.a(alt_do_ctors.o)
 .debug_line    0x00000000000010c8       0x59 D:/Temp/FPGA_EPFL/PWM_module/sw/nios/PWM_module_bsp/\libhal_bsp.a(alt_do_dtors.o)
 .debug_line    0x0000000000001121       0x51 D:/Temp/FPGA_EPFL/PWM_module/sw/nios/PWM_module_bsp/\libhal_bsp.a(alt_errno.o)
 .debug_line    0x0000000000001172       0x50 D:/Temp/FPGA_EPFL/PWM_module/sw/nios/PWM_module_bsp/\libhal_bsp.a(alt_icache_flush_all.o)
 .debug_line    0x00000000000011c2       0xef D:/Temp/FPGA_EPFL/PWM_module/sw/nios/PWM_module_bsp/\libhal_bsp.a(alt_iic.o)
 .debug_line    0x00000000000012b1       0xdb D:/Temp/FPGA_EPFL/PWM_module/sw/nios/PWM_module_bsp/\libhal_bsp.a(alt_iic_isr_register.o)
 .debug_line    0x000000000000138c      0x13a D:/Temp/FPGA_EPFL/PWM_module/sw/nios/PWM_module_bsp/\libhal_bsp.a(alt_io_redirect.o)
 .debug_line    0x00000000000014c6       0x6b D:/Temp/FPGA_EPFL/PWM_module/sw/nios/PWM_module_bsp/\libhal_bsp.a(alt_irq_entry.o)
 .debug_line    0x0000000000001531       0xaa D:/Temp/FPGA_EPFL/PWM_module/sw/nios/PWM_module_bsp/\libhal_bsp.a(alt_irq_handler.o)
 .debug_line    0x00000000000015db       0x50 D:/Temp/FPGA_EPFL/PWM_module/sw/nios/PWM_module_bsp/\libhal_bsp.a(alt_irq_vars.o)
 .debug_line    0x000000000000162b      0x12a D:/Temp/FPGA_EPFL/PWM_module/sw/nios/PWM_module_bsp/\libhal_bsp.a(alt_open.o)
 .debug_line    0x0000000000001755       0xae D:/Temp/FPGA_EPFL/PWM_module/sw/nios/PWM_module_bsp/\libhal_bsp.a(alt_release_fd.o)
 .debug_line    0x0000000000001803       0xff D:/Temp/FPGA_EPFL/PWM_module/sw/nios/PWM_module_bsp/\libhal_bsp.a(alt_tick.o)
 .debug_line    0x0000000000001902       0x51 D:/Temp/FPGA_EPFL/PWM_module/sw/nios/PWM_module_bsp/\libhal_bsp.a(altera_nios2_gen2_irq.o)
 .debug_line    0x0000000000001953       0xb3 D:/Temp/FPGA_EPFL/PWM_module/sw/nios/PWM_module_bsp/\libhal_bsp.a(alt_exception_entry.o)
 .debug_line    0x0000000000001a06       0xb5 D:/Temp/FPGA_EPFL/PWM_module/sw/nios/PWM_module_bsp/\libhal_bsp.a(alt_find_dev.o)
 .debug_line    0x0000000000001abb       0xd1 D:/Temp/FPGA_EPFL/PWM_module/sw/nios/PWM_module_bsp/\libhal_bsp.a(alt_find_file.o)
 .debug_line    0x0000000000001b8c       0xd5 D:/Temp/FPGA_EPFL/PWM_module/sw/nios/PWM_module_bsp/\libhal_bsp.a(alt_get_fd.o)
 .debug_line    0x0000000000001c61       0x81 D:/Temp/FPGA_EPFL/PWM_module/sw/nios/PWM_module_bsp/\libhal_bsp.a(alt_icache_flush.o)
 .debug_line    0x0000000000001ce2       0xba D:/Temp/FPGA_EPFL/PWM_module/sw/nios/PWM_module_bsp/\libhal_bsp.a(alt_instruction_exception_entry.o)
 .debug_line    0x0000000000001d9c       0xe4 d:/logiciels/altera_lite/16.0/nios2eds/bin/gnu/h-x86_64-mingw32/bin/../lib/gcc/nios2-elf/5.2.0/../../../../../H-x86_64-mingw32/nios2-elf/lib\libc.a(lib_a-atexit.o)
 .debug_line    0x0000000000001e80      0x1f9 d:/logiciels/altera_lite/16.0/nios2eds/bin/gnu/h-x86_64-mingw32/bin/../lib/gcc/nios2-elf/5.2.0/../../../../../H-x86_64-mingw32/nios2-elf/lib\libc.a(lib_a-exit.o)
 .debug_line    0x0000000000002079      0x15d d:/logiciels/altera_lite/16.0/nios2eds/bin/gnu/h-x86_64-mingw32/bin/../lib/gcc/nios2-elf/5.2.0/../../../../../H-x86_64-mingw32/nios2-elf/lib\libc.a(lib_a-impure.o)
 .debug_line    0x00000000000021d6       0x5c d:/logiciels/altera_lite/16.0/nios2eds/bin/gnu/h-x86_64-mingw32/bin/../lib/gcc/nios2-elf/5.2.0/../../../../../H-x86_64-mingw32/nios2-elf/lib\libc.a(lib_a-int_errno.o)
 .debug_line    0x0000000000002232      0x173 d:/logiciels/altera_lite/16.0/nios2eds/bin/gnu/h-x86_64-mingw32/bin/../lib/gcc/nios2-elf/5.2.0/../../../../../H-x86_64-mingw32/nios2-elf/lib\libc.a(lib_a-memcmp.o)
 .debug_line    0x00000000000023a5      0x189 d:/logiciels/altera_lite/16.0/nios2eds/bin/gnu/h-x86_64-mingw32/bin/../lib/gcc/nios2-elf/5.2.0/../../../../../H-x86_64-mingw32/nios2-elf/lib\libc.a(lib_a-memcpy.o)
 .debug_line    0x000000000000252e      0x16c d:/logiciels/altera_lite/16.0/nios2eds/bin/gnu/h-x86_64-mingw32/bin/../lib/gcc/nios2-elf/5.2.0/../../../../../H-x86_64-mingw32/nios2-elf/lib\libc.a(lib_a-strlen.o)
 .debug_line    0x000000000000269a      0x21c d:/logiciels/altera_lite/16.0/nios2eds/bin/gnu/h-x86_64-mingw32/bin/../lib/gcc/nios2-elf/5.2.0/../../../../../H-x86_64-mingw32/nios2-elf/lib\libc.a(lib_a-__atexit.o)
 .debug_line    0x00000000000028b6      0x237 d:/logiciels/altera_lite/16.0/nios2eds/bin/gnu/h-x86_64-mingw32/bin/../lib/gcc/nios2-elf/5.2.0/../../../../../H-x86_64-mingw32/nios2-elf/lib\libc.a(lib_a-__call_atexit.o)
 .debug_line    0x0000000000002aed      0x102 d:/logiciels/altera_lite/16.0/nios2eds/bin/gnu/h-x86_64-mingw32/bin/../lib/gcc/nios2-elf/5.2.0\libgcc.a(lib2-divmod.o)
 .debug_line    0x0000000000002bef       0x71 D:/Temp/FPGA_EPFL/PWM_module/sw/nios/PWM_module_bsp/\libhal_bsp.a(alt_exit.o)

.debug_frame    0x0000000000000000      0xbf0
 *(.debug_frame)
 .debug_frame   0x0000000000000000       0xbc obj/default/PWM.o
 .debug_frame   0x00000000000000bc       0x5c D:/Temp/FPGA_EPFL/PWM_module/sw/nios/PWM_module_bsp/\libhal_bsp.a(alt_load.o)
 .debug_frame   0x0000000000000118       0x2c D:/Temp/FPGA_EPFL/PWM_module/sw/nios/PWM_module_bsp/\libhal_bsp.a(alt_main.o)
 .debug_frame   0x0000000000000144       0x38 D:/Temp/FPGA_EPFL/PWM_module/sw/nios/PWM_module_bsp/\libhal_bsp.a(alt_usleep.o)
 .debug_frame   0x000000000000017c       0x88 D:/Temp/FPGA_EPFL/PWM_module/sw/nios/PWM_module_bsp/\libhal_bsp.a(alt_sys_init.o)
 .debug_frame   0x0000000000000204       0xb0 D:/Temp/FPGA_EPFL/PWM_module/sw/nios/PWM_module_bsp/\libhal_bsp.a(altera_avalon_jtag_uart_fd.o)
 .debug_frame   0x00000000000002b4       0xa4 D:/Temp/FPGA_EPFL/PWM_module/sw/nios/PWM_module_bsp/\libhal_bsp.a(altera_avalon_jtag_uart_init.o)
 .debug_frame   0x0000000000000358       0x34 D:/Temp/FPGA_EPFL/PWM_module/sw/nios/PWM_module_bsp/\libhal_bsp.a(altera_avalon_jtag_uart_ioctl.o)
 .debug_frame   0x000000000000038c       0x38 D:/Temp/FPGA_EPFL/PWM_module/sw/nios/PWM_module_bsp/\libhal_bsp.a(altera_avalon_jtag_uart_read.o)
 .debug_frame   0x00000000000003c4       0x38 D:/Temp/FPGA_EPFL/PWM_module/sw/nios/PWM_module_bsp/\libhal_bsp.a(altera_avalon_jtag_uart_write.o)
 .debug_frame   0x00000000000003fc       0x34 D:/Temp/FPGA_EPFL/PWM_module/sw/nios/PWM_module_bsp/\libhal_bsp.a(alt_alarm_start.o)
 .debug_frame   0x0000000000000430       0x38 D:/Temp/FPGA_EPFL/PWM_module/sw/nios/PWM_module_bsp/\libhal_bsp.a(alt_busy_sleep.o)
 .debug_frame   0x0000000000000468       0x60 D:/Temp/FPGA_EPFL/PWM_module/sw/nios/PWM_module_bsp/\libhal_bsp.a(alt_close.o)
 .debug_frame   0x00000000000004c8       0x34 D:/Temp/FPGA_EPFL/PWM_module/sw/nios/PWM_module_bsp/\libhal_bsp.a(alt_dcache_flush_all.o)
 .debug_frame   0x00000000000004fc       0x34 D:/Temp/FPGA_EPFL/PWM_module/sw/nios/PWM_module_bsp/\libhal_bsp.a(alt_dev.o)
 .debug_frame   0x0000000000000530       0x60 D:/Temp/FPGA_EPFL/PWM_module/sw/nios/PWM_module_bsp/\libhal_bsp.a(alt_dev_llist_insert.o)
 .debug_frame   0x0000000000000590       0x38 D:/Temp/FPGA_EPFL/PWM_module/sw/nios/PWM_module_bsp/\libhal_bsp.a(alt_do_ctors.o)
 .debug_frame   0x00000000000005c8       0x38 D:/Temp/FPGA_EPFL/PWM_module/sw/nios/PWM_module_bsp/\libhal_bsp.a(alt_do_dtors.o)
 .debug_frame   0x0000000000000600       0x38 D:/Temp/FPGA_EPFL/PWM_module/sw/nios/PWM_module_bsp/\libhal_bsp.a(alt_icache_flush_all.o)
 .debug_frame   0x0000000000000638       0xa4 D:/Temp/FPGA_EPFL/PWM_module/sw/nios/PWM_module_bsp/\libhal_bsp.a(alt_iic.o)
 .debug_frame   0x00000000000006dc       0x38 D:/Temp/FPGA_EPFL/PWM_module/sw/nios/PWM_module_bsp/\libhal_bsp.a(alt_iic_isr_register.o)
 .debug_frame   0x0000000000000714       0x60 D:/Temp/FPGA_EPFL/PWM_module/sw/nios/PWM_module_bsp/\libhal_bsp.a(alt_io_redirect.o)
 .debug_frame   0x0000000000000774       0x38 D:/Temp/FPGA_EPFL/PWM_module/sw/nios/PWM_module_bsp/\libhal_bsp.a(alt_irq_handler.o)
 .debug_frame   0x00000000000007ac       0x84 D:/Temp/FPGA_EPFL/PWM_module/sw/nios/PWM_module_bsp/\libhal_bsp.a(alt_open.o)
 .debug_frame   0x0000000000000830       0x34 D:/Temp/FPGA_EPFL/PWM_module/sw/nios/PWM_module_bsp/\libhal_bsp.a(alt_release_fd.o)
 .debug_frame   0x0000000000000864       0x5c D:/Temp/FPGA_EPFL/PWM_module/sw/nios/PWM_module_bsp/\libhal_bsp.a(alt_tick.o)
 .debug_frame   0x00000000000008c0       0x34 D:/Temp/FPGA_EPFL/PWM_module/sw/nios/PWM_module_bsp/\libhal_bsp.a(altera_nios2_gen2_irq.o)
 .debug_frame   0x00000000000008f4       0x38 D:/Temp/FPGA_EPFL/PWM_module/sw/nios/PWM_module_bsp/\libhal_bsp.a(alt_find_dev.o)
 .debug_frame   0x000000000000092c       0x38 D:/Temp/FPGA_EPFL/PWM_module/sw/nios/PWM_module_bsp/\libhal_bsp.a(alt_find_file.o)
 .debug_frame   0x0000000000000964       0x34 D:/Temp/FPGA_EPFL/PWM_module/sw/nios/PWM_module_bsp/\libhal_bsp.a(alt_get_fd.o)
 .debug_frame   0x0000000000000998       0x34 D:/Temp/FPGA_EPFL/PWM_module/sw/nios/PWM_module_bsp/\libhal_bsp.a(alt_icache_flush.o)
 .debug_frame   0x00000000000009cc       0x5c D:/Temp/FPGA_EPFL/PWM_module/sw/nios/PWM_module_bsp/\libhal_bsp.a(alt_instruction_exception_entry.o)
 .debug_frame   0x0000000000000a28       0x20 d:/logiciels/altera_lite/16.0/nios2eds/bin/gnu/h-x86_64-mingw32/bin/../lib/gcc/nios2-elf/5.2.0/../../../../../H-x86_64-mingw32/nios2-elf/lib\libc.a(lib_a-atexit.o)
 .debug_frame   0x0000000000000a48       0x28 d:/logiciels/altera_lite/16.0/nios2eds/bin/gnu/h-x86_64-mingw32/bin/../lib/gcc/nios2-elf/5.2.0/../../../../../H-x86_64-mingw32/nios2-elf/lib\libc.a(lib_a-exit.o)
 .debug_frame   0x0000000000000a70       0x20 d:/logiciels/altera_lite/16.0/nios2eds/bin/gnu/h-x86_64-mingw32/bin/../lib/gcc/nios2-elf/5.2.0/../../../../../H-x86_64-mingw32/nios2-elf/lib\libc.a(lib_a-memcmp.o)
 .debug_frame   0x0000000000000a90       0x38 d:/logiciels/altera_lite/16.0/nios2eds/bin/gnu/h-x86_64-mingw32/bin/../lib/gcc/nios2-elf/5.2.0/../../../../../H-x86_64-mingw32/nios2-elf/lib\libc.a(lib_a-memcpy.o)
 .debug_frame   0x0000000000000ac8       0x20 d:/logiciels/altera_lite/16.0/nios2eds/bin/gnu/h-x86_64-mingw32/bin/../lib/gcc/nios2-elf/5.2.0/../../../../../H-x86_64-mingw32/nios2-elf/lib\libc.a(lib_a-strlen.o)
 .debug_frame   0x0000000000000ae8       0x38 d:/logiciels/altera_lite/16.0/nios2eds/bin/gnu/h-x86_64-mingw32/bin/../lib/gcc/nios2-elf/5.2.0/../../../../../H-x86_64-mingw32/nios2-elf/lib\libc.a(lib_a-__atexit.o)
 .debug_frame   0x0000000000000b20       0x54 d:/logiciels/altera_lite/16.0/nios2eds/bin/gnu/h-x86_64-mingw32/bin/../lib/gcc/nios2-elf/5.2.0/../../../../../H-x86_64-mingw32/nios2-elf/lib\libc.a(lib_a-__call_atexit.o)
 .debug_frame   0x0000000000000b74       0x50 d:/logiciels/altera_lite/16.0/nios2eds/bin/gnu/h-x86_64-mingw32/bin/../lib/gcc/nios2-elf/5.2.0\libgcc.a(lib2-divmod.o)
 .debug_frame   0x0000000000000bc4       0x2c D:/Temp/FPGA_EPFL/PWM_module/sw/nios/PWM_module_bsp/\libhal_bsp.a(alt_exit.o)

.debug_str      0x0000000000000000     0x1c1b
 *(.debug_str)
 .debug_str     0x0000000000000000      0x10c obj/default/PWM.o
                                        0x14a (size before relaxing)
 .debug_str     0x000000000000010c      0x16a D:/Temp/FPGA_EPFL/PWM_module/sw/nios/PWM_module_bsp/\libhal_bsp.a(alt_load.o)
                                        0x208 (size before relaxing)
 .debug_str     0x0000000000000276       0x70 D:/Temp/FPGA_EPFL/PWM_module/sw/nios/PWM_module_bsp/\libhal_bsp.a(alt_main.o)
                                        0x193 (size before relaxing)
 .debug_str     0x00000000000002e6       0x27 D:/Temp/FPGA_EPFL/PWM_module/sw/nios/PWM_module_bsp/\libhal_bsp.a(alt_usleep.o)
                                        0x13e (size before relaxing)
 .debug_str     0x000000000000030d      0x19b D:/Temp/FPGA_EPFL/PWM_module/sw/nios/PWM_module_bsp/\libhal_bsp.a(alt_sys_init.o)
                                        0x34e (size before relaxing)
 .debug_str     0x00000000000004a8       0xb9 D:/Temp/FPGA_EPFL/PWM_module/sw/nios/PWM_module_bsp/\libhal_bsp.a(altera_avalon_jtag_uart_fd.o)
                                        0x39a (size before relaxing)
 .debug_str     0x0000000000000561       0xd1 D:/Temp/FPGA_EPFL/PWM_module/sw/nios/PWM_module_bsp/\libhal_bsp.a(altera_avalon_jtag_uart_init.o)
                                        0x32e (size before relaxing)
 .debug_str     0x0000000000000632       0x4a D:/Temp/FPGA_EPFL/PWM_module/sw/nios/PWM_module_bsp/\libhal_bsp.a(altera_avalon_jtag_uart_ioctl.o)
                                        0x289 (size before relaxing)
 .debug_str     0x000000000000067c       0x7f D:/Temp/FPGA_EPFL/PWM_module/sw/nios/PWM_module_bsp/\libhal_bsp.a(altera_avalon_jtag_uart_read.o)
                                        0x2de (size before relaxing)
 .debug_str     0x00000000000006fb       0x4a D:/Temp/FPGA_EPFL/PWM_module/sw/nios/PWM_module_bsp/\libhal_bsp.a(altera_avalon_jtag_uart_write.o)
                                        0x2df (size before relaxing)
 .debug_str     0x0000000000000745       0x59 D:/Temp/FPGA_EPFL/PWM_module/sw/nios/PWM_module_bsp/\libhal_bsp.a(alt_alarm_start.o)
                                        0x274 (size before relaxing)
 .debug_str     0x000000000000079e       0x42 D:/Temp/FPGA_EPFL/PWM_module/sw/nios/PWM_module_bsp/\libhal_bsp.a(alt_busy_sleep.o)
                                        0x161 (size before relaxing)
 .debug_str     0x00000000000007e0       0x44 D:/Temp/FPGA_EPFL/PWM_module/sw/nios/PWM_module_bsp/\libhal_bsp.a(alt_close.o)
                                        0x201 (size before relaxing)
 .debug_str     0x0000000000000824       0x34 D:/Temp/FPGA_EPFL/PWM_module/sw/nios/PWM_module_bsp/\libhal_bsp.a(alt_dcache_flush_all.o)
                                        0x14b (size before relaxing)
 .debug_str     0x0000000000000858      0x120 D:/Temp/FPGA_EPFL/PWM_module/sw/nios/PWM_module_bsp/\libhal_bsp.a(alt_dev.o)
                                        0x2fb (size before relaxing)
 .debug_str     0x0000000000000978       0x34 D:/Temp/FPGA_EPFL/PWM_module/sw/nios/PWM_module_bsp/\libhal_bsp.a(alt_dev_llist_insert.o)
                                        0x1c2 (size before relaxing)
 .debug_str     0x00000000000009ac       0x48 D:/Temp/FPGA_EPFL/PWM_module/sw/nios/PWM_module_bsp/\libhal_bsp.a(alt_do_ctors.o)
                                         0xc6 (size before relaxing)
 .debug_str     0x00000000000009f4       0x4c D:/Temp/FPGA_EPFL/PWM_module/sw/nios/PWM_module_bsp/\libhal_bsp.a(alt_do_dtors.o)
                                         0xc5 (size before relaxing)
 .debug_str     0x0000000000000a40       0x14 D:/Temp/FPGA_EPFL/PWM_module/sw/nios/PWM_module_bsp/\libhal_bsp.a(alt_errno.o)
                                        0x13b (size before relaxing)
 .debug_str     0x0000000000000a54       0x34 D:/Temp/FPGA_EPFL/PWM_module/sw/nios/PWM_module_bsp/\libhal_bsp.a(alt_icache_flush_all.o)
                                        0x14b (size before relaxing)
 .debug_str     0x0000000000000a88       0xc4 D:/Temp/FPGA_EPFL/PWM_module/sw/nios/PWM_module_bsp/\libhal_bsp.a(alt_iic.o)
                                        0x234 (size before relaxing)
 .debug_str     0x0000000000000b4c       0x4c D:/Temp/FPGA_EPFL/PWM_module/sw/nios/PWM_module_bsp/\libhal_bsp.a(alt_iic_isr_register.o)
                                        0x1de (size before relaxing)
 .debug_str     0x0000000000000b98       0x56 D:/Temp/FPGA_EPFL/PWM_module/sw/nios/PWM_module_bsp/\libhal_bsp.a(alt_io_redirect.o)
                                        0x30c (size before relaxing)
 .debug_str     0x0000000000000bee       0x3a D:/Temp/FPGA_EPFL/PWM_module/sw/nios/PWM_module_bsp/\libhal_bsp.a(alt_irq_handler.o)
                                        0x18d (size before relaxing)
 .debug_str     0x0000000000000c28       0x17 D:/Temp/FPGA_EPFL/PWM_module/sw/nios/PWM_module_bsp/\libhal_bsp.a(alt_irq_vars.o)
                                        0x130 (size before relaxing)
 .debug_str     0x0000000000000c3f       0x2f D:/Temp/FPGA_EPFL/PWM_module/sw/nios/PWM_module_bsp/\libhal_bsp.a(alt_open.o)
                                        0x241 (size before relaxing)
 .debug_str     0x0000000000000c6e       0x28 D:/Temp/FPGA_EPFL/PWM_module/sw/nios/PWM_module_bsp/\libhal_bsp.a(alt_release_fd.o)
                                        0x1c9 (size before relaxing)
 .debug_str     0x0000000000000c96       0x4a D:/Temp/FPGA_EPFL/PWM_module/sw/nios/PWM_module_bsp/\libhal_bsp.a(alt_tick.o)
                                        0x248 (size before relaxing)
 .debug_str     0x0000000000000ce0       0x3b D:/Temp/FPGA_EPFL/PWM_module/sw/nios/PWM_module_bsp/\libhal_bsp.a(altera_nios2_gen2_irq.o)
                                        0x152 (size before relaxing)
 .debug_str     0x0000000000000d1b       0x24 D:/Temp/FPGA_EPFL/PWM_module/sw/nios/PWM_module_bsp/\libhal_bsp.a(alt_find_dev.o)
                                        0x1e2 (size before relaxing)
 .debug_str     0x0000000000000d3f       0x26 D:/Temp/FPGA_EPFL/PWM_module/sw/nios/PWM_module_bsp/\libhal_bsp.a(alt_find_file.o)
                                        0x1f0 (size before relaxing)
 .debug_str     0x0000000000000d65       0x30 D:/Temp/FPGA_EPFL/PWM_module/sw/nios/PWM_module_bsp/\libhal_bsp.a(alt_get_fd.o)
                                        0x212 (size before relaxing)
 .debug_str     0x0000000000000d95       0x2c D:/Temp/FPGA_EPFL/PWM_module/sw/nios/PWM_module_bsp/\libhal_bsp.a(alt_icache_flush.o)
                                        0x151 (size before relaxing)
 .debug_str     0x0000000000000dc1      0x48b D:/Temp/FPGA_EPFL/PWM_module/sw/nios/PWM_module_bsp/\libhal_bsp.a(alt_instruction_exception_entry.o)
                                        0x596 (size before relaxing)
 .debug_str     0x000000000000124c      0x162 d:/logiciels/altera_lite/16.0/nios2eds/bin/gnu/h-x86_64-mingw32/bin/../lib/gcc/nios2-elf/5.2.0/../../../../../H-x86_64-mingw32/nios2-elf/lib\libc.a(lib_a-atexit.o)
                                        0x207 (size before relaxing)
 .debug_str     0x00000000000013ae      0x3b2 d:/logiciels/altera_lite/16.0/nios2eds/bin/gnu/h-x86_64-mingw32/bin/../lib/gcc/nios2-elf/5.2.0/../../../../../H-x86_64-mingw32/nios2-elf/lib\libc.a(lib_a-exit.o)
                                        0x5a4 (size before relaxing)
 .debug_str     0x0000000000001760       0xc8 d:/logiciels/altera_lite/16.0/nios2eds/bin/gnu/h-x86_64-mingw32/bin/../lib/gcc/nios2-elf/5.2.0/../../../../../H-x86_64-mingw32/nios2-elf/lib\libc.a(lib_a-impure.o)
                                        0x59b (size before relaxing)
 .debug_str     0x0000000000001828       0x3c d:/logiciels/altera_lite/16.0/nios2eds/bin/gnu/h-x86_64-mingw32/bin/../lib/gcc/nios2-elf/5.2.0/../../../../../H-x86_64-mingw32/nios2-elf/lib\libc.a(lib_a-int_errno.o)
                                        0x1c3 (size before relaxing)
 .debug_str     0x0000000000001864       0xcc d:/logiciels/altera_lite/16.0/nios2eds/bin/gnu/h-x86_64-mingw32/bin/../lib/gcc/nios2-elf/5.2.0/../../../../../H-x86_64-mingw32/nios2-elf/lib\libc.a(lib_a-memcmp.o)
                                        0x1ca (size before relaxing)
 .debug_str     0x0000000000001930       0x68 d:/logiciels/altera_lite/16.0/nios2eds/bin/gnu/h-x86_64-mingw32/bin/../lib/gcc/nios2-elf/5.2.0/../../../../../H-x86_64-mingw32/nios2-elf/lib\libc.a(lib_a-memcpy.o)
                                        0x1f1 (size before relaxing)
 .debug_str     0x0000000000001998       0x4e d:/logiciels/altera_lite/16.0/nios2eds/bin/gnu/h-x86_64-mingw32/bin/../lib/gcc/nios2-elf/5.2.0/../../../../../H-x86_64-mingw32/nios2-elf/lib\libc.a(lib_a-strlen.o)
                                        0x1dd (size before relaxing)
 .debug_str     0x00000000000019e6       0x3c d:/logiciels/altera_lite/16.0/nios2eds/bin/gnu/h-x86_64-mingw32/bin/../lib/gcc/nios2-elf/5.2.0/../../../../../H-x86_64-mingw32/nios2-elf/lib\libc.a(lib_a-__atexit.o)
                                        0x5dc (size before relaxing)
 .debug_str     0x0000000000001a22       0x62 d:/logiciels/altera_lite/16.0/nios2eds/bin/gnu/h-x86_64-mingw32/bin/../lib/gcc/nios2-elf/5.2.0/../../../../../H-x86_64-mingw32/nios2-elf/lib\libc.a(lib_a-__call_atexit.o)
                                        0x5c8 (size before relaxing)
 .debug_str     0x0000000000001a84      0x16d d:/logiciels/altera_lite/16.0/nios2eds/bin/gnu/h-x86_64-mingw32/bin/../lib/gcc/nios2-elf/5.2.0\libgcc.a(lib2-divmod.o)
                                        0x1b8 (size before relaxing)
 .debug_str     0x0000000000001bf1       0x2a D:/Temp/FPGA_EPFL/PWM_module/sw/nios/PWM_module_bsp/\libhal_bsp.a(alt_exit.o)
                                        0x147 (size before relaxing)

.debug_loc      0x0000000000000000      0xc1e
 *(.debug_loc)
 .debug_loc     0x0000000000000000       0x2c d:/logiciels/altera_lite/16.0/nios2eds/bin/gnu/h-x86_64-mingw32/bin/../lib/gcc/nios2-elf/5.2.0/../../../../../H-x86_64-mingw32/nios2-elf/lib\libc.a(lib_a-atexit.o)
 .debug_loc     0x000000000000002c       0x1e d:/logiciels/altera_lite/16.0/nios2eds/bin/gnu/h-x86_64-mingw32/bin/../lib/gcc/nios2-elf/5.2.0/../../../../../H-x86_64-mingw32/nios2-elf/lib\libc.a(lib_a-exit.o)
 .debug_loc     0x000000000000004a      0x126 d:/logiciels/altera_lite/16.0/nios2eds/bin/gnu/h-x86_64-mingw32/bin/../lib/gcc/nios2-elf/5.2.0/../../../../../H-x86_64-mingw32/nios2-elf/lib\libc.a(lib_a-memcmp.o)
 .debug_loc     0x0000000000000170      0x266 d:/logiciels/altera_lite/16.0/nios2eds/bin/gnu/h-x86_64-mingw32/bin/../lib/gcc/nios2-elf/5.2.0/../../../../../H-x86_64-mingw32/nios2-elf/lib\libc.a(lib_a-memcpy.o)
 .debug_loc     0x00000000000003d6       0x47 d:/logiciels/altera_lite/16.0/nios2eds/bin/gnu/h-x86_64-mingw32/bin/../lib/gcc/nios2-elf/5.2.0/../../../../../H-x86_64-mingw32/nios2-elf/lib\libc.a(lib_a-strlen.o)
 .debug_loc     0x000000000000041d      0x185 d:/logiciels/altera_lite/16.0/nios2eds/bin/gnu/h-x86_64-mingw32/bin/../lib/gcc/nios2-elf/5.2.0/../../../../../H-x86_64-mingw32/nios2-elf/lib\libc.a(lib_a-__atexit.o)
 .debug_loc     0x00000000000005a2      0x1ce d:/logiciels/altera_lite/16.0/nios2eds/bin/gnu/h-x86_64-mingw32/bin/../lib/gcc/nios2-elf/5.2.0/../../../../../H-x86_64-mingw32/nios2-elf/lib\libc.a(lib_a-__call_atexit.o)
 .debug_loc     0x0000000000000770      0x4ae d:/logiciels/altera_lite/16.0/nios2eds/bin/gnu/h-x86_64-mingw32/bin/../lib/gcc/nios2-elf/5.2.0\libgcc.a(lib2-divmod.o)

.debug_macinfo
 *(.debug_macinfo)

.debug_weaknames
 *(.debug_weaknames)

.debug_funcnames
 *(.debug_funcnames)

.debug_typenames